Archive member included to satisfy reference by file (symbol)

/Applications/ArmGNUToolchain/14.2.rel1/arm-none-eabi/bin/../lib/gcc/arm-none-eabi/14.2.1/../../../../arm-none-eabi/lib/thumb/v7e-m+fp/hard/libc_nano.a(libc_a-exit.o)
                              /Applications/ArmGNUToolchain/14.2.rel1/arm-none-eabi/bin/../lib/gcc/arm-none-eabi/14.2.1/../../../../arm-none-eabi/lib/thumb/v7e-m+fp/hard/crt0.o (exit)
/Applications/ArmGNUToolchain/14.2.rel1/arm-none-eabi/bin/../lib/gcc/arm-none-eabi/14.2.1/../../../../arm-none-eabi/lib/thumb/v7e-m+fp/hard/libc_nano.a(libc_a-findfp.o)
                              /Applications/ArmGNUToolchain/14.2.rel1/arm-none-eabi/bin/../lib/gcc/arm-none-eabi/14.2.1/../../../../arm-none-eabi/lib/thumb/v7e-m+fp/hard/libc_nano.a(libc_a-exit.o) (__stdio_exit_handler)
/Applications/ArmGNUToolchain/14.2.rel1/arm-none-eabi/bin/../lib/gcc/arm-none-eabi/14.2.1/../../../../arm-none-eabi/lib/thumb/v7e-m+fp/hard/libc_nano.a(libc_a-fwalk.o)
                              /Applications/ArmGNUToolchain/14.2.rel1/arm-none-eabi/bin/../lib/gcc/arm-none-eabi/14.2.1/../../../../arm-none-eabi/lib/thumb/v7e-m+fp/hard/libc_nano.a(libc_a-findfp.o) (_fwalk_sglue)
/Applications/ArmGNUToolchain/14.2.rel1/arm-none-eabi/bin/../lib/gcc/arm-none-eabi/14.2.1/../../../../arm-none-eabi/lib/thumb/v7e-m+fp/hard/libc_nano.a(libc_a-memset.o)
                              /Applications/ArmGNUToolchain/14.2.rel1/arm-none-eabi/bin/../lib/gcc/arm-none-eabi/14.2.1/../../../../arm-none-eabi/lib/thumb/v7e-m+fp/hard/crt0.o (memset)
/Applications/ArmGNUToolchain/14.2.rel1/arm-none-eabi/bin/../lib/gcc/arm-none-eabi/14.2.1/../../../../arm-none-eabi/lib/thumb/v7e-m+fp/hard/libc_nano.a(libc_a-init.o)
                              /Applications/ArmGNUToolchain/14.2.rel1/arm-none-eabi/bin/../lib/gcc/arm-none-eabi/14.2.1/../../../../arm-none-eabi/lib/thumb/v7e-m+fp/hard/crt0.o (__libc_init_array)
/Applications/ArmGNUToolchain/14.2.rel1/arm-none-eabi/bin/../lib/gcc/arm-none-eabi/14.2.1/../../../../arm-none-eabi/lib/thumb/v7e-m+fp/hard/libc_nano.a(libc_a-lock.o)
                              /Applications/ArmGNUToolchain/14.2.rel1/arm-none-eabi/bin/../lib/gcc/arm-none-eabi/14.2.1/../../../../arm-none-eabi/lib/thumb/v7e-m+fp/hard/libc_nano.a(libc_a-findfp.o) (__retarget_lock_init_recursive)
/Applications/ArmGNUToolchain/14.2.rel1/arm-none-eabi/bin/../lib/gcc/arm-none-eabi/14.2.1/../../../../arm-none-eabi/lib/thumb/v7e-m+fp/hard/libc_nano.a(libc_a-impure.o)
                              /Applications/ArmGNUToolchain/14.2.rel1/arm-none-eabi/bin/../lib/gcc/arm-none-eabi/14.2.1/../../../../arm-none-eabi/lib/thumb/v7e-m+fp/hard/libc_nano.a(libc_a-findfp.o) (_impure_data)
/Applications/ArmGNUToolchain/14.2.rel1/arm-none-eabi/bin/../lib/gcc/arm-none-eabi/14.2.1/../../../../arm-none-eabi/lib/thumb/v7e-m+fp/hard/libc_nano.a(libc_a-mallocr.o)
                              /Applications/ArmGNUToolchain/14.2.rel1/arm-none-eabi/bin/../lib/gcc/arm-none-eabi/14.2.1/../../../../arm-none-eabi/lib/thumb/v7e-m+fp/hard/libc_nano.a(libc_a-findfp.o) (_malloc_r)
/Applications/ArmGNUToolchain/14.2.rel1/arm-none-eabi/bin/../lib/gcc/arm-none-eabi/14.2.1/../../../../arm-none-eabi/lib/thumb/v7e-m+fp/hard/libc_nano.a(libc_a-fflush.o)
                              /Applications/ArmGNUToolchain/14.2.rel1/arm-none-eabi/bin/../lib/gcc/arm-none-eabi/14.2.1/../../../../arm-none-eabi/lib/thumb/v7e-m+fp/hard/libc_nano.a(libc_a-findfp.o) (_fflush_r)
/Applications/ArmGNUToolchain/14.2.rel1/arm-none-eabi/bin/../lib/gcc/arm-none-eabi/14.2.1/../../../../arm-none-eabi/lib/thumb/v7e-m+fp/hard/libc_nano.a(libc_a-mlock.o)
                              /Applications/ArmGNUToolchain/14.2.rel1/arm-none-eabi/bin/../lib/gcc/arm-none-eabi/14.2.1/../../../../arm-none-eabi/lib/thumb/v7e-m+fp/hard/libc_nano.a(libc_a-mallocr.o) (__malloc_lock)
/Applications/ArmGNUToolchain/14.2.rel1/arm-none-eabi/bin/../lib/gcc/arm-none-eabi/14.2.1/../../../../arm-none-eabi/lib/thumb/v7e-m+fp/hard/libc_nano.a(libc_a-stdio.o)
                              /Applications/ArmGNUToolchain/14.2.rel1/arm-none-eabi/bin/../lib/gcc/arm-none-eabi/14.2.1/../../../../arm-none-eabi/lib/thumb/v7e-m+fp/hard/libc_nano.a(libc_a-findfp.o) (__sread)
/Applications/ArmGNUToolchain/14.2.rel1/arm-none-eabi/bin/../lib/gcc/arm-none-eabi/14.2.1/../../../../arm-none-eabi/lib/thumb/v7e-m+fp/hard/libc_nano.a(libc_a-lseekr.o)
                              /Applications/ArmGNUToolchain/14.2.rel1/arm-none-eabi/bin/../lib/gcc/arm-none-eabi/14.2.1/../../../../arm-none-eabi/lib/thumb/v7e-m+fp/hard/libc_nano.a(libc_a-stdio.o) (_lseek_r)
/Applications/ArmGNUToolchain/14.2.rel1/arm-none-eabi/bin/../lib/gcc/arm-none-eabi/14.2.1/../../../../arm-none-eabi/lib/thumb/v7e-m+fp/hard/libc_nano.a(libc_a-readr.o)
                              /Applications/ArmGNUToolchain/14.2.rel1/arm-none-eabi/bin/../lib/gcc/arm-none-eabi/14.2.1/../../../../arm-none-eabi/lib/thumb/v7e-m+fp/hard/libc_nano.a(libc_a-stdio.o) (_read_r)
[...]
Memory Configuration

Name             Origin             Length             Attributes
RAM              0x20000000         0x00018000         xrw
FLASH            0x08000000         0x00080000         xr
*default*        0x00000000         0xffffffff

Linker script and memory map

LOAD /Applications/ArmGNUToolchain/14.2.rel1/arm-none-eabi/bin/../lib/gcc/arm-none-eabi/14.2.1/thumb/v7e-m+fp/hard/crti.o
LOAD /Applications/ArmGNUToolchain/14.2.rel1/arm-none-eabi/bin/../lib/gcc/arm-none-eabi/14.2.1/thumb/v7e-m+fp/hard/crtbegin.o
LOAD /Applications/ArmGNUToolchain/14.2.rel1/arm-none-eabi/bin/../lib/gcc/arm-none-eabi/14.2.1/../../../../arm-none-eabi/lib/thumb/v7e-m+fp/hard/crt0.o
START GROUP
LOAD /Applications/ArmGNUToolchain/14.2.rel1/arm-none-eabi/bin/../lib/gcc/arm-none-eabi/14.2.1/../../../../arm-none-eabi/lib/thumb/v7e-m+fp/hard/libc_nano.a
LOAD /Applications/ArmGNUToolchain/14.2.rel1/arm-none-eabi/bin/../lib/gcc/arm-none-eabi/14.2.1/../../../../arm-none-eabi/lib/thumb/v7e-m+fp/hard/libm.a
END GROUP
LOAD CMakeFiles/CRC_GROUND_STATION.dir/Core/Src/main.c.obj
LOAD CMakeFiles/CRC_GROUND_STATION.dir/Core/Src/gpio.c.obj
LOAD CMakeFiles/CRC_GROUND_STATION.dir/Core/Src/spi.c.obj
LOAD CMakeFiles/CRC_GROUND_STATION.dir/Core/Src/LoRa.c.obj
LOAD CMakeFiles/CRC_GROUND_STATION.dir/Core/Src/usart.c.obj
LOAD CMakeFiles/CRC_GROUND_STATION.dir/Core/Src/stm32f4xx_it.c.obj
LOAD CMakeFiles/CRC_GROUND_STATION.dir/Core/Src/stm32f4xx_hal_msp.c.obj
LOAD CMakeFiles/CRC_GROUND_STATION.dir/USB_DEVICE/App/usb_device.c.obj
LOAD CMakeFiles/CRC_GROUND_STATION.dir/USB_DEVICE/App/usbd_desc.c.obj
LOAD CMakeFiles/CRC_GROUND_STATION.dir/USB_DEVICE/App/usbd_cdc_if.c.obj
LOAD CMakeFiles/CRC_GROUND_STATION.dir/USB_DEVICE/Target/usbd_conf.c.obj
LOAD CMakeFiles/CRC_GROUND_STATION.dir/Drivers/STM32F4xx_HAL_Driver/Src/stm32f4xx_hal_pcd.c.obj
LOAD CMakeFiles/CRC_GROUND_STATION.dir/Drivers/STM32F4xx_HAL_Driver/Src/stm32f4xx_hal_pcd_ex.c.obj
LOAD CMakeFiles/CRC_GROUND_STATION.dir/Drivers/STM32F4xx_HAL_Driver/Src/stm32f4xx_ll_usb.c.obj
LOAD CMakeFiles/CRC_GROUND_STATION.dir/Drivers/STM32F4xx_HAL_Driver/Src/stm32f4xx_hal_rcc.c.obj
LOAD CMakeFiles/CRC_GROUND_STATION.dir/Drivers/STM32F4xx_HAL_Driver/Src/stm32f4xx_hal_rcc_ex.c.obj
LOAD CMakeFiles/CRC_GROUND_STATION.dir/Drivers/STM32F4xx_HAL_Driver/Src/stm32f4xx_hal_flash.c.obj
LOAD CMakeFiles/CRC_GROUND_STATION.dir/Drivers/STM32F4xx_HAL_Driver/Src/stm32f4xx_hal_flash_ex.c.obj
LOAD CMakeFiles/CRC_GROUND_STATION.dir/Drivers/STM32F4xx_HAL_Driver/Src/stm32f4xx_hal_flash_ramfunc.c.obj
LOAD CMakeFiles/CRC_GROUND_STATION.dir/Drivers/STM32F4xx_HAL_Driver/Src/stm32f4xx_hal_gpio.c.obj
LOAD CMakeFiles/CRC_GROUND_STATION.dir/Drivers/STM32F4xx_HAL_Driver/Src/stm32f4xx_hal_dma_ex.c.obj
LOAD CMakeFiles/CRC_GROUND_STATION.dir/Drivers/STM32F4xx_HAL_Driver/Src/stm32f4xx_hal_dma.c.obj
LOAD CMakeFiles/CRC_GROUND_STATION.dir/Drivers/STM32F4xx_HAL_Driver/Src/stm32f4xx_hal_pwr.c.obj
LOAD CMakeFiles/CRC_GROUND_STATION.dir/Drivers/STM32F4xx_HAL_Driver/Src/stm32f4xx_hal_pwr_ex.c.obj
LOAD CMakeFiles/CRC_GROUND_STATION.dir/Drivers/STM32F4xx_HAL_Driver/Src/stm32f4xx_hal_cortex.c.obj
LOAD CMakeFiles/CRC_GROUND_STATION.dir/Drivers/STM32F4xx_HAL_Driver/Src/stm32f4xx_hal.c.obj
LOAD CMakeFiles/CRC_GROUND_STATION.dir/Drivers/STM32F4xx_HAL_Driver/Src/stm32f4xx_hal_exti.c.obj
LOAD CMakeFiles/CRC_GROUND_STATION.dir/Drivers/STM32F4xx_HAL_Driver/Src/stm32f4xx_hal_spi.c.obj
LOAD CMakeFiles/CRC_GROUND_STATION.dir/Drivers/STM32F4xx_HAL_Driver/Src/stm32f4xx_hal_uart.c.obj
LOAD CMakeFiles/CRC_GROUND_STATION.dir/Core/Src/system_stm32f4xx.c.obj
LOAD CMakeFiles/CRC_GROUND_STATION.dir/Middlewares/ST/STM32_USB_Device_Library/Core/Src/usbd_core.c.obj
LOAD CMakeFiles/CRC_GROUND_STATION.dir/Middlewares/ST/STM32_USB_Device_Library/Core/Src/usbd_ctlreq.c.obj
LOAD CMakeFiles/CRC_GROUND_STATION.dir/Middlewares/ST/STM32_USB_Device_Library/Core/Src/usbd_ioreq.c.obj
LOAD CMakeFiles/CRC_GROUND_STATION.dir/Middlewares/ST/STM32_USB_Device_Library/Class/CDC/Src/usbd_cdc.c.obj
LOAD CMakeFiles/CRC_GROUND_STATION.dir/Core/Src/sysmem.c.obj
LOAD CMakeFiles/CRC_GROUND_STATION.dir/Core/Src/syscalls.c.obj
LOAD CMakeFiles/CRC_GROUND_STATION.dir/startup_stm32f401xe.s.obj
START GROUP
LOAD /Applications/ArmGNUToolchain/14.2.rel1/arm-none-eabi/bin/../lib/gcc/arm-none-eabi/14.2.1/thumb/v7e-m+fp/hard/libgcc.a
LOAD /Applications/ArmGNUToolchain/14.2.rel1/arm-none-eabi/bin/../lib/gcc/arm-none-eabi/14.2.1/../../../../arm-none-eabi/lib/thumb/v7e-m+fp/hard/libg_nano.a
LOAD /Applications/ArmGNUToolchain/14.2.rel1/arm-none-eabi/bin/../lib/gcc/arm-none-eabi/14.2.1/../../../../arm-none-eabi/lib/thumb/v7e-m+fp/hard/libc_nano.a
END GROUP
START GROUP
LOAD /Applications/ArmGNUToolchain/14.2.rel1/arm-none-eabi/bin/../lib/gcc/arm-none-eabi/14.2.1/thumb/v7e-m+fp/hard/libgcc.a
LOAD /Applications/ArmGNUToolchain/14.2.rel1/arm-none-eabi/bin/../lib/gcc/arm-none-eabi/14.2.1/../../../../arm-none-eabi/lib/thumb/v7e-m+fp/hard/libc_nano.a
END GROUP
LOAD /Applications/ArmGNUToolchain/14.2.rel1/arm-none-eabi/bin/../lib/gcc/arm-none-eabi/14.2.1/thumb/v7e-m+fp/hard/crtend.o
LOAD /Applications/ArmGNUToolchain/14.2.rel1/arm-none-eabi/bin/../lib/gcc/arm-none-eabi/14.2.1/thumb/v7e-m+fp/hard/crtn.o
                0x20018000                        _estack = (ORIGIN (RAM) + LENGTH (RAM))
                0x00000200                        _Min_Heap_Size = 0x200
                0x00000400                        _Min_Stack_Size = 0x400

.isr_vector     0x08000000      0x194
                0x08000000                        . = ALIGN (0x4)
 *(.isr_vector)
 .isr_vector    0x08000000      0x194 CMakeFiles/CRC_GROUND_STATION.dir/startup_stm32f401xe.s.obj
                0x08000000                g_pfnVectors
                0x08000194                        . = ALIGN (0x4)

.text           0x08000194     0x8628
                0x08000194                        . = ALIGN (0x4)
 *(.text)
 .text          0x08000194       0x30 /Applications/ArmGNUToolchain/14.2.rel1/arm-none-eabi/bin/../lib/gcc/arm-none-eabi/14.2.1/thumb/v7e-m+fp/hard/libgcc.a(_aeabi_uldivmod.o)
                0x08000194                __aeabi_uldivmod
 .text          0x080001c4        0x4 /Applications/ArmGNUToolchain/14.2.rel1/arm-none-eabi/bin/../lib/gcc/arm-none-eabi/14.2.1/thumb/v7e-m+fp/hard/libgcc.a(_dvmd_tls.o)
                0x080001c4                __aeabi_ldiv0
                0x080001c4                __aeabi_idiv0
 *(.text*)
 .text.deregister_tm_clones
                0x080001c8       0x1c /Applications/ArmGNUToolchain/14.2.rel1/arm-none-eabi/bin/../lib/gcc/arm-none-eabi/14.2.1/thumb/v7e-m+fp/hard/crtbegin.o
 .text.register_tm_clones
                0x080001e4       0x24 /Applications/ArmGNUToolchain/14.2.rel1/arm-none-eabi/bin/../lib/gcc/arm-none-eabi/14.2.1/thumb/v7e-m+fp/hard/crtbegin.o
 .text.__do_global_dtors_aux
                0x08000208       0x28 /Applications/ArmGNUToolchain/14.2.rel1/arm-none-eabi/bin/../lib/gcc/arm-none-eabi/14.2.1/thumb/v7e-m+fp/hard/crtbegin.o
 .text.frame_dummy
                0x08000230       0x24 /Applications/ArmGNUToolchain/14.2.rel1/arm-none-eabi/bin/../lib/gcc/arm-none-eabi/14.2.1/thumb/v7e-m+fp/hard/crtbegin.o
 .text.memset   0x08000254       0x10 /Applications/ArmGNUToolchain/14.2.rel1/arm-none-eabi/bin/../lib/gcc/arm-none-eabi/14.2.1/../../../../arm-none-eabi/lib/thumb/v7e-m+fp/hard/libc_nano.a(libc_a-memset.o)
                0x08000254                memset
 .text.__libc_init_array
                0x08000264       0x48 /Applications/ArmGNUToolchain/14.2.rel1/arm-none-eabi/bin/../lib/gcc/arm-none-eabi/14.2.1/../../../../arm-none-eabi/lib/thumb/v7e-m+fp/hard/libc_nano.a(libc_a-init.o)
                0x08000264                __libc_init_array
 .text.main     0x080002ac       0xc8 CMakeFiles/CRC_GROUND_STATION.dir/Core/Src/main.c.obj
                0x080002ac                main
 .text.SystemClock_Config
                0x08000374       0xdc CMakeFiles/CRC_GROUND_STATION.dir/Core/Src/main.c.obj
                0x08000374                SystemClock_Config
 .text.Error_Handler
                0x08000450        0xc CMakeFiles/CRC_GROUND_STATION.dir/Core/Src/main.c.obj
                0x08000450                Error_Handler
 .text.MX_GPIO_Init
                0x0800045c       0xd4 CMakeFiles/CRC_GROUND_STATION.dir/Core/Src/gpio.c.obj
                0x0800045c                MX_GPIO_Init
 .text.MX_SPI1_Init
                0x08000530       0x6c CMakeFiles/CRC_GROUND_STATION.dir/Core/Src/spi.c.obj
                0x08000530                MX_SPI1_Init
 .text.HAL_SPI_MspInit
                0x0800059c       0x90 CMakeFiles/CRC_GROUND_STATION.dir/Core/Src/spi.c.obj
                0x0800059c                HAL_SPI_MspInit
 .text.LoRa_WriteRegister
                0x0800062c       0x58 CMakeFiles/CRC_GROUND_STATION.dir/Core/Src/LoRa.c.obj
                0x0800062c                LoRa_WriteRegister
 .text.LoRa_ReadRegister
                0x08000684       0x68 CMakeFiles/CRC_GROUND_STATION.dir/Core/Src/LoRa.c.obj
                0x08000684                LoRa_ReadRegister
 .text.LoRa_Reset
                0x080006ec       0x46 CMakeFiles/CRC_GROUND_STATION.dir/Core/Src/LoRa.c.obj
                0x080006ec                LoRa_Reset
 *fill*         0x08000732        0x2 
 .text.LoRa_Init
                0x08000734       0x78 CMakeFiles/CRC_GROUND_STATION.dir/Core/Src/LoRa.c.obj
                0x08000734                LoRa_Init
 .text.LoRa_SetFrequency
                0x080007ac       0x84 CMakeFiles/CRC_GROUND_STATION.dir/Core/Src/LoRa.c.obj
                0x080007ac                LoRa_SetFrequency
 .text.LoRa_ReceiveContinuous
                0x08000830       0x1a CMakeFiles/CRC_GROUND_STATION.dir/Core/Src/LoRa.c.obj
                0x08000830                LoRa_ReceiveContinuous
 .text.LoRa_ReceivePacket
                0x0800084a       0x8e CMakeFiles/CRC_GROUND_STATION.dir/Core/Src/LoRa.c.obj
                0x0800084a                LoRa_ReceivePacket
 .text.LoRa_Send
                0x080008d8       0x84 CMakeFiles/CRC_GROUND_STATION.dir/Core/Src/LoRa.c.obj
                0x080008d8                LoRa_Send
 .text.MX_USART1_UART_Init
                0x0800095c       0x54 CMakeFiles/CRC_GROUND_STATION.dir/Core/Src/usart.c.obj
                0x0800095c                MX_USART1_UART_Init
 .text.HAL_UART_MspInit
                0x080009b0       0x90 CMakeFiles/CRC_GROUND_STATION.dir/Core/Src/usart.c.obj
                0x080009b0                HAL_UART_MspInit
 .text.NMI_Handler
                0x08000a40        0x8 CMakeFiles/CRC_GROUND_STATION.dir/Core/Src/stm32f4xx_it.c.obj
                0x08000a40                NMI_Handler
 .text.HardFault_Handler
                0x08000a48        0x8 CMakeFiles/CRC_GROUND_STATION.dir/Core/Src/stm32f4xx_it.c.obj
                0x08000a48                HardFault_Handler
 .text.MemManage_Handler
                0x08000a50        0x8 CMakeFiles/CRC_GROUND_STATION.dir/Core/Src/stm32f4xx_it.c.obj
                0x08000a50                MemManage_Handler
 .text.BusFault_Handler
                0x08000a58        0x8 CMakeFiles/CRC_GROUND_STATION.dir/Core/Src/stm32f4xx_it.c.obj
                0x08000a58                BusFault_Handler
 .text.UsageFault_Handler
                0x08000a60        0x8 CMakeFiles/CRC_GROUND_STATION.dir/Core/Src/stm32f4xx_it.c.obj
                0x08000a60                UsageFault_Handler
 .text.SVC_Handler
                0x08000a68        0xe CMakeFiles/CRC_GROUND_STATION.dir/Core/Src/stm32f4xx_it.c.obj
                0x08000a68                SVC_Handler
 .text.DebugMon_Handler
                0x08000a76        0xe CMakeFiles/CRC_GROUND_STATION.dir/Core/Src/stm32f4xx_it.c.obj
                0x08000a76                DebugMon_Handler
 .text.PendSV_Handler
                0x08000a84        0xe CMakeFiles/CRC_GROUND_STATION.dir/Core/Src/stm32f4xx_it.c.obj
                0x08000a84                PendSV_Handler
 .text.SysTick_Handler
                0x08000a92        0xc CMakeFiles/CRC_GROUND_STATION.dir/Core/Src/stm32f4xx_it.c.obj
                0x08000a92                SysTick_Handler
 *fill*         0x08000a9e        0x2 
 .text.OTG_FS_IRQHandler
                0x08000aa0       0x14 CMakeFiles/CRC_GROUND_STATION.dir/Core/Src/stm32f4xx_it.c.obj
                0x08000aa0                OTG_FS_IRQHandler
 .text.HAL_MspInit
                0x08000ab4       0x50 CMakeFiles/CRC_GROUND_STATION.dir/Core/Src/stm32f4xx_hal_msp.c.obj
                0x08000ab4                HAL_MspInit
 .text.MX_USB_DEVICE_Init
                0x08000b04       0x60 CMakeFiles/CRC_GROUND_STATION.dir/USB_DEVICE/App/usb_device.c.obj
                0x08000b04                MX_USB_DEVICE_Init
 .text.USBD_FS_DeviceDescriptor
                0x08000b64       0x24 CMakeFiles/CRC_GROUND_STATION.dir/USB_DEVICE/App/usbd_desc.c.obj
                0x08000b64                USBD_FS_DeviceDescriptor
 .text.USBD_FS_LangIDStrDescriptor
                0x08000b88       0x24 CMakeFiles/CRC_GROUND_STATION.dir/USB_DEVICE/App/usbd_desc.c.obj
                0x08000b88                USBD_FS_LangIDStrDescriptor
 .text.USBD_FS_ProductStrDescriptor
                0x08000bac       0x3c CMakeFiles/CRC_GROUND_STATION.dir/USB_DEVICE/App/usbd_desc.c.obj
                0x08000bac                USBD_FS_ProductStrDescriptor
 .text.USBD_FS_ManufacturerStrDescriptor
                0x08000be8       0x28 CMakeFiles/CRC_GROUND_STATION.dir/USB_DEVICE/App/usbd_desc.c.obj
                0x08000be8                USBD_FS_ManufacturerStrDescriptor
 .text.USBD_FS_SerialStrDescriptor
                0x08000c10       0x24 CMakeFiles/CRC_GROUND_STATION.dir/USB_DEVICE/App/usbd_desc.c.obj
                0x08000c10                USBD_FS_SerialStrDescriptor
 .text.USBD_FS_ConfigStrDescriptor
                0x08000c34       0x3c CMakeFiles/CRC_GROUND_STATION.dir/USB_DEVICE/App/usbd_desc.c.obj
                0x08000c34                USBD_FS_ConfigStrDescriptor
 .text.USBD_FS_InterfaceStrDescriptor
                0x08000c70       0x3c CMakeFiles/CRC_GROUND_STATION.dir/USB_DEVICE/App/usbd_desc.c.obj
                0x08000c70                USBD_FS_InterfaceStrDescriptor
 .text.Get_SerialNum
                0x08000cac       0x58 CMakeFiles/CRC_GROUND_STATION.dir/USB_DEVICE/App/usbd_desc.c.obj
 .text.IntToUnicode
                0x08000d04       0x7e CMakeFiles/CRC_GROUND_STATION.dir/USB_DEVICE/App/usbd_desc.c.obj
 *fill*         0x08000d82        0x2 
 .text.CDC_Init_FS
                0x08000d84       0x28 CMakeFiles/CRC_GROUND_STATION.dir/USB_DEVICE/App/usbd_cdc_if.c.obj
 .text.CDC_DeInit_FS
                0x08000dac       0x10 CMakeFiles/CRC_GROUND_STATION.dir/USB_DEVICE/App/usbd_cdc_if.c.obj
 .text.CDC_Control_FS
                0x08000dbc       0xbc CMakeFiles/CRC_GROUND_STATION.dir/USB_DEVICE/App/usbd_cdc_if.c.obj
 .text.CDC_Receive_FS
                0x08000e78       0x54 CMakeFiles/CRC_GROUND_STATION.dir/USB_DEVICE/App/usbd_cdc_if.c.obj
 .text.CDC_Transmit_FS
                0x08000ecc       0x4c CMakeFiles/CRC_GROUND_STATION.dir/USB_DEVICE/App/usbd_cdc_if.c.obj
                0x08000ecc                CDC_Transmit_FS
 .text.CDC_TransmitCplt_FS
                0x08000f18       0x22 CMakeFiles/CRC_GROUND_STATION.dir/USB_DEVICE/App/usbd_cdc_if.c.obj
 *fill*         0x08000f3a        0x2 
 .text.HAL_PCD_MspInit
                0x08000f3c       0xa8 CMakeFiles/CRC_GROUND_STATION.dir/USB_DEVICE/Target/usbd_conf.c.obj
                0x08000f3c                HAL_PCD_MspInit
 .text.HAL_PCD_SetupStageCallback
                0x08000fe4       0x24 CMakeFiles/CRC_GROUND_STATION.dir/USB_DEVICE/Target/usbd_conf.c.obj
                0x08000fe4                HAL_PCD_SetupStageCallback
 .text.HAL_PCD_DataOutStageCallback
                0x08001008       0x36 CMakeFiles/CRC_GROUND_STATION.dir/USB_DEVICE/Target/usbd_conf.c.obj
                0x08001008                HAL_PCD_DataOutStageCallback
 .text.HAL_PCD_DataInStageCallback
                0x0800103e       0x34 CMakeFiles/CRC_GROUND_STATION.dir/USB_DEVICE/Target/usbd_conf.c.obj
                0x0800103e                HAL_PCD_DataInStageCallback
 .text.HAL_PCD_SOFCallback
                0x08001072       0x1c CMakeFiles/CRC_GROUND_STATION.dir/USB_DEVICE/Target/usbd_conf.c.obj
                0x08001072                HAL_PCD_SOFCallback
 .text.HAL_PCD_ResetCallback
                0x0800108e       0x50 CMakeFiles/CRC_GROUND_STATION.dir/USB_DEVICE/Target/usbd_conf.c.obj
                0x0800108e                HAL_PCD_ResetCallback
 *fill*         0x080010de        0x2 
 .text.HAL_PCD_SuspendCallback
                0x080010e0       0x4c CMakeFiles/CRC_GROUND_STATION.dir/USB_DEVICE/Target/usbd_conf.c.obj
                0x080010e0                HAL_PCD_SuspendCallback
 .text.HAL_PCD_ResumeCallback
                0x0800112c       0x1c CMakeFiles/CRC_GROUND_STATION.dir/USB_DEVICE/Target/usbd_conf.c.obj
                0x0800112c                HAL_PCD_ResumeCallback
 .text.HAL_PCD_ISOOUTIncompleteCallback
                0x08001148       0x24 CMakeFiles/CRC_GROUND_STATION.dir/USB_DEVICE/Target/usbd_conf.c.obj
                0x08001148                HAL_PCD_ISOOUTIncompleteCallback
 .text.HAL_PCD_ISOINIncompleteCallback
                0x0800116c       0x24 CMakeFiles/CRC_GROUND_STATION.dir/USB_DEVICE/Target/usbd_conf.c.obj
                0x0800116c                HAL_PCD_ISOINIncompleteCallback
 .text.HAL_PCD_ConnectCallback
                0x08001190       0x1c CMakeFiles/CRC_GROUND_STATION.dir/USB_DEVICE/Target/usbd_conf.c.obj
                0x08001190                HAL_PCD_ConnectCallback
 .text.HAL_PCD_DisconnectCallback
                0x080011ac       0x1c CMakeFiles/CRC_GROUND_STATION.dir/USB_DEVICE/Target/usbd_conf.c.obj
                0x080011ac                HAL_PCD_DisconnectCallback
 .text.USBD_LL_Init
                0x080011c8       0x98 CMakeFiles/CRC_GROUND_STATION.dir/USB_DEVICE/Target/usbd_conf.c.obj
                0x080011c8                USBD_LL_Init
 .text.USBD_LL_Start
                0x08001260       0x36 CMakeFiles/CRC_GROUND_STATION.dir/USB_DEVICE/Target/usbd_conf.c.obj
                0x08001260                USBD_LL_Start
 .text.USBD_LL_OpenEP
                0x08001296       0x4c CMakeFiles/CRC_GROUND_STATION.dir/USB_DEVICE/Target/usbd_conf.c.obj
                0x08001296                USBD_LL_OpenEP
 .text.USBD_LL_CloseEP
                0x080012e2       0x3e CMakeFiles/CRC_GROUND_STATION.dir/USB_DEVICE/Target/usbd_conf.c.obj
                0x080012e2                USBD_LL_CloseEP
 .text.USBD_LL_StallEP
                0x08001320       0x3e CMakeFiles/CRC_GROUND_STATION.dir/USB_DEVICE/Target/usbd_conf.c.obj
                0x08001320                USBD_LL_StallEP
 .text.USBD_LL_ClearStallEP
                0x0800135e       0x3e CMakeFiles/CRC_GROUND_STATION.dir/USB_DEVICE/Target/usbd_conf.c.obj
                0x0800135e                USBD_LL_ClearStallEP
 .text.USBD_LL_IsStallEP
                0x0800139c       0x58 CMakeFiles/CRC_GROUND_STATION.dir/USB_DEVICE/Target/usbd_conf.c.obj
                0x0800139c                USBD_LL_IsStallEP
 .text.USBD_LL_SetUSBAddress
                0x080013f4       0x3e CMakeFiles/CRC_GROUND_STATION.dir/USB_DEVICE/Target/usbd_conf.c.obj
                0x080013f4                USBD_LL_SetUSBAddress
 .text.USBD_LL_Transmit
                0x08001432       0x42 CMakeFiles/CRC_GROUND_STATION.dir/USB_DEVICE/Target/usbd_conf.c.obj
                0x08001432                USBD_LL_Transmit
 .text.USBD_LL_PrepareReceive
                0x08001474       0x42 CMakeFiles/CRC_GROUND_STATION.dir/USB_DEVICE/Target/usbd_conf.c.obj
                0x08001474                USBD_LL_PrepareReceive
 .text.USBD_LL_GetRxDataSize
                0x080014b6       0x26 CMakeFiles/CRC_GROUND_STATION.dir/USB_DEVICE/Target/usbd_conf.c.obj
                0x080014b6                USBD_LL_GetRxDataSize
 .text.USBD_static_malloc
                0x080014dc       0x1c CMakeFiles/CRC_GROUND_STATION.dir/USB_DEVICE/Target/usbd_conf.c.obj
                0x080014dc                USBD_static_malloc
 .text.USBD_static_free
                0x080014f8       0x14 CMakeFiles/CRC_GROUND_STATION.dir/USB_DEVICE/Target/usbd_conf.c.obj
                0x080014f8                USBD_static_free
 .text.USBD_Get_USB_Status
                0x0800150c       0x58 CMakeFiles/CRC_GROUND_STATION.dir/USB_DEVICE/Target/usbd_conf.c.obj
                0x0800150c                USBD_Get_USB_Status
 .text.HAL_PCD_Init
                0x08001564      0x21e CMakeFiles/CRC_GROUND_STATION.dir/Drivers/STM32F4xx_HAL_Driver/Src/stm32f4xx_hal_pcd.c.obj
                0x08001564                HAL_PCD_Init
 .text.HAL_PCD_Start
                0x08001782       0x6a CMakeFiles/CRC_GROUND_STATION.dir/Drivers/STM32F4xx_HAL_Driver/Src/stm32f4xx_hal_pcd.c.obj
                0x08001782                HAL_PCD_Start
 .text.HAL_PCD_IRQHandler
                0x080017ec      0x942 CMakeFiles/CRC_GROUND_STATION.dir/Drivers/STM32F4xx_HAL_Driver/Src/stm32f4xx_hal_pcd.c.obj
                0x080017ec                HAL_PCD_IRQHandler
 .text.HAL_PCD_SetAddress
                0x0800212e       0x48 CMakeFiles/CRC_GROUND_STATION.dir/Drivers/STM32F4xx_HAL_Driver/Src/stm32f4xx_hal_pcd.c.obj
                0x0800212e                HAL_PCD_SetAddress
 .text.HAL_PCD_EP_Open
                0x08002176       0xd4 CMakeFiles/CRC_GROUND_STATION.dir/Drivers/STM32F4xx_HAL_Driver/Src/stm32f4xx_hal_pcd.c.obj
                0x08002176                HAL_PCD_EP_Open
 .text.HAL_PCD_EP_Close
                0x0800224a       0x94 CMakeFiles/CRC_GROUND_STATION.dir/Drivers/STM32F4xx_HAL_Driver/Src/stm32f4xx_hal_pcd.c.obj
                0x0800224a                HAL_PCD_EP_Close
 .text.HAL_PCD_EP_Receive
                0x080022de       0x76 CMakeFiles/CRC_GROUND_STATION.dir/Drivers/STM32F4xx_HAL_Driver/Src/stm32f4xx_hal_pcd.c.obj
                0x080022de                HAL_PCD_EP_Receive
 .text.HAL_PCD_EP_GetRxCount
                0x08002354       0x30 CMakeFiles/CRC_GROUND_STATION.dir/Drivers/STM32F4xx_HAL_Driver/Src/stm32f4xx_hal_pcd.c.obj
                0x08002354                HAL_PCD_EP_GetRxCount
 .text.HAL_PCD_EP_Transmit
                0x08002384       0x74 CMakeFiles/CRC_GROUND_STATION.dir/Drivers/STM32F4xx_HAL_Driver/Src/stm32f4xx_hal_pcd.c.obj
                0x08002384                HAL_PCD_EP_Transmit
 .text.HAL_PCD_EP_SetStall
                0x080023f8       0xc6 CMakeFiles/CRC_GROUND_STATION.dir/Drivers/STM32F4xx_HAL_Driver/Src/stm32f4xx_hal_pcd.c.obj
                0x080023f8                HAL_PCD_EP_SetStall
 .text.HAL_PCD_EP_ClrStall
                0x080024be       0xac CMakeFiles/CRC_GROUND_STATION.dir/Drivers/STM32F4xx_HAL_Driver/Src/stm32f4xx_hal_pcd.c.obj
                0x080024be                HAL_PCD_EP_ClrStall
 .text.HAL_PCD_EP_Abort
                0x0800256a       0x62 CMakeFiles/CRC_GROUND_STATION.dir/Drivers/STM32F4xx_HAL_Driver/Src/stm32f4xx_hal_pcd.c.obj
                0x0800256a                HAL_PCD_EP_Abort
 .text.PCD_WriteEmptyTxFifo
                0x080025cc      0x118 CMakeFiles/CRC_GROUND_STATION.dir/Drivers/STM32F4xx_HAL_Driver/Src/stm32f4xx_hal_pcd.c.obj
 .text.PCD_EP_OutXfrComplete_int
                0x080026e4      0x1d0 CMakeFiles/CRC_GROUND_STATION.dir/Drivers/STM32F4xx_HAL_Driver/Src/stm32f4xx_hal_pcd.c.obj
 .text.PCD_EP_OutSetupPacket_int
                0x080028b4       0x8c CMakeFiles/CRC_GROUND_STATION.dir/Drivers/STM32F4xx_HAL_Driver/Src/stm32f4xx_hal_pcd.c.obj
 .text.HAL_PCDEx_SetTxFiFo
                0x08002940       0x8e CMakeFiles/CRC_GROUND_STATION.dir/Drivers/STM32F4xx_HAL_Driver/Src/stm32f4xx_hal_pcd_ex.c.obj
                0x08002940                HAL_PCDEx_SetTxFiFo
 .text.HAL_PCDEx_SetRxFiFo
                0x080029ce       0x22 CMakeFiles/CRC_GROUND_STATION.dir/Drivers/STM32F4xx_HAL_Driver/Src/stm32f4xx_hal_pcd_ex.c.obj
                0x080029ce                HAL_PCDEx_SetRxFiFo
 .text.HAL_PCDEx_LPM_Callback
                0x080029f0       0x18 CMakeFiles/CRC_GROUND_STATION.dir/Drivers/STM32F4xx_HAL_Driver/Src/stm32f4xx_hal_pcd_ex.c.obj
                0x080029f0                HAL_PCDEx_LPM_Callback
 .text.USB_CoreInit
                0x08002a08       0xc8 CMakeFiles/CRC_GROUND_STATION.dir/Drivers/STM32F4xx_HAL_Driver/Src/stm32f4xx_ll_usb.c.obj
                0x08002a08                USB_CoreInit
 .text.USB_SetTurnaroundTime
                0x08002ad0      0x144 CMakeFiles/CRC_GROUND_STATION.dir/Drivers/STM32F4xx_HAL_Driver/Src/stm32f4xx_ll_usb.c.obj
                0x08002ad0                USB_SetTurnaroundTime
 .text.USB_EnableGlobalInt
                0x08002c14       0x22 CMakeFiles/CRC_GROUND_STATION.dir/Drivers/STM32F4xx_HAL_Driver/Src/stm32f4xx_ll_usb.c.obj
                0x08002c14                USB_EnableGlobalInt
 .text.USB_DisableGlobalInt
                0x08002c36       0x22 CMakeFiles/CRC_GROUND_STATION.dir/Drivers/STM32F4xx_HAL_Driver/Src/stm32f4xx_ll_usb.c.obj
                0x08002c36                USB_DisableGlobalInt
 .text.USB_SetCurrentMode
                0x08002c58       0x98 CMakeFiles/CRC_GROUND_STATION.dir/Drivers/STM32F4xx_HAL_Driver/Src/stm32f4xx_ll_usb.c.obj
                0x08002c58                USB_SetCurrentMode
 .text.USB_DevInit
                0x08002cf0      0x2c8 CMakeFiles/CRC_GROUND_STATION.dir/Drivers/STM32F4xx_HAL_Driver/Src/stm32f4xx_ll_usb.c.obj
                0x08002cf0                USB_DevInit
 .text.USB_FlushTxFifo
                0x08002fb8       0x64 CMakeFiles/CRC_GROUND_STATION.dir/Drivers/STM32F4xx_HAL_Driver/Src/stm32f4xx_ll_usb.c.obj
                0x08002fb8                USB_FlushTxFifo
 .text.USB_FlushRxFifo
                0x0800301c       0x5c CMakeFiles/CRC_GROUND_STATION.dir/Drivers/STM32F4xx_HAL_Driver/Src/stm32f4xx_ll_usb.c.obj
                0x0800301c                USB_FlushRxFifo
 .text.USB_SetDevSpeed
                0x08003078       0x32 CMakeFiles/CRC_GROUND_STATION.dir/Drivers/STM32F4xx_HAL_Driver/Src/stm32f4xx_ll_usb.c.obj
                0x08003078                USB_SetDevSpeed
 .text.USB_GetDevSpeed
                0x080030aa       0x4a CMakeFiles/CRC_GROUND_STATION.dir/Drivers/STM32F4xx_HAL_Driver/Src/stm32f4xx_ll_usb.c.obj
                0x080030aa                USB_GetDevSpeed
 .text.USB_ActivateEndpoint
                0x080030f4      0x10e CMakeFiles/CRC_GROUND_STATION.dir/Drivers/STM32F4xx_HAL_Driver/Src/stm32f4xx_ll_usb.c.obj
                0x080030f4                USB_ActivateEndpoint
 *fill*         0x08003202        0x2 
 .text.USB_DeactivateEndpoint
                0x08003204      0x1b8 CMakeFiles/CRC_GROUND_STATION.dir/Drivers/STM32F4xx_HAL_Driver/Src/stm32f4xx_ll_usb.c.obj
                0x08003204                USB_DeactivateEndpoint
 .text.USB_EPStartXfer
                0x080033bc      0x53c CMakeFiles/CRC_GROUND_STATION.dir/Drivers/STM32F4xx_HAL_Driver/Src/stm32f4xx_ll_usb.c.obj
                0x080033bc                USB_EPStartXfer
 .text.USB_EPStopXfer
                0x080038f8      0x154 CMakeFiles/CRC_GROUND_STATION.dir/Drivers/STM32F4xx_HAL_Driver/Src/stm32f4xx_ll_usb.c.obj
                0x080038f8                USB_EPStopXfer
 .text.USB_WritePacket
                0x08003a4c       0x7c CMakeFiles/CRC_GROUND_STATION.dir/Drivers/STM32F4xx_HAL_Driver/Src/stm32f4xx_ll_usb.c.obj
                0x08003a4c                USB_WritePacket
 .text.USB_ReadPacket
                0x08003ac8       0xb0 CMakeFiles/CRC_GROUND_STATION.dir/Drivers/STM32F4xx_HAL_Driver/Src/stm32f4xx_ll_usb.c.obj
                0x08003ac8                USB_ReadPacket
 .text.USB_EPSetStall
                0x08003b78       0xdc CMakeFiles/CRC_GROUND_STATION.dir/Drivers/STM32F4xx_HAL_Driver/Src/stm32f4xx_ll_usb.c.obj
                0x08003b78                USB_EPSetStall
 .text.USB_EPClearStall
                0x08003c54       0xcc CMakeFiles/CRC_GROUND_STATION.dir/Drivers/STM32F4xx_HAL_Driver/Src/stm32f4xx_ll_usb.c.obj
                0x08003c54                USB_EPClearStall
 .text.USB_SetDevAddress
                0x08003d20       0x4c CMakeFiles/CRC_GROUND_STATION.dir/Drivers/STM32F4xx_HAL_Driver/Src/stm32f4xx_ll_usb.c.obj
                0x08003d20                USB_SetDevAddress
 .text.USB_DevConnect
                0x08003d6c       0x42 CMakeFiles/CRC_GROUND_STATION.dir/Drivers/STM32F4xx_HAL_Driver/Src/stm32f4xx_ll_usb.c.obj
                0x08003d6c                USB_DevConnect
 .text.USB_DevDisconnect
                0x08003dae       0x42 CMakeFiles/CRC_GROUND_STATION.dir/Drivers/STM32F4xx_HAL_Driver/Src/stm32f4xx_ll_usb.c.obj
                0x08003dae                USB_DevDisconnect
 .text.USB_ReadInterrupts
                0x08003df0       0x26 CMakeFiles/CRC_GROUND_STATION.dir/Drivers/STM32F4xx_HAL_Driver/Src/stm32f4xx_ll_usb.c.obj
                0x08003df0                USB_ReadInterrupts
 .text.USB_ReadDevAllOutEpInterrupt
                0x08003e16       0x34 CMakeFiles/CRC_GROUND_STATION.dir/Drivers/STM32F4xx_HAL_Driver/Src/stm32f4xx_ll_usb.c.obj
                0x08003e16                USB_ReadDevAllOutEpInterrupt
 .text.USB_ReadDevAllInEpInterrupt
                0x08003e4a       0x34 CMakeFiles/CRC_GROUND_STATION.dir/Drivers/STM32F4xx_HAL_Driver/Src/stm32f4xx_ll_usb.c.obj
                0x08003e4a                USB_ReadDevAllInEpInterrupt
 .text.USB_ReadDevOutEPInterrupt
                0x08003e7e       0x3c CMakeFiles/CRC_GROUND_STATION.dir/Drivers/STM32F4xx_HAL_Driver/Src/stm32f4xx_ll_usb.c.obj
                0x08003e7e                USB_ReadDevOutEPInterrupt
 .text.USB_ReadDevInEPInterrupt
                0x08003eba       0x5c CMakeFiles/CRC_GROUND_STATION.dir/Drivers/STM32F4xx_HAL_Driver/Src/stm32f4xx_ll_usb.c.obj
                0x08003eba                USB_ReadDevInEPInterrupt
 .text.USB_GetMode
                0x08003f16       0x1c CMakeFiles/CRC_GROUND_STATION.dir/Drivers/STM32F4xx_HAL_Driver/Src/stm32f4xx_ll_usb.c.obj
                0x08003f16                USB_GetMode
 .text.USB_ActivateSetup
                0x08003f32       0x46 CMakeFiles/CRC_GROUND_STATION.dir/Drivers/STM32F4xx_HAL_Driver/Src/stm32f4xx_ll_usb.c.obj
                0x08003f32                USB_ActivateSetup
 .text.USB_EP0_OutStart
                0x08003f78       0xbc CMakeFiles/CRC_GROUND_STATION.dir/Drivers/STM32F4xx_HAL_Driver/Src/stm32f4xx_ll_usb.c.obj
                0x08003f78                USB_EP0_OutStart
 .text.USB_CoreReset
                0x08004034       0x70 CMakeFiles/CRC_GROUND_STATION.dir/Drivers/STM32F4xx_HAL_Driver/Src/stm32f4xx_ll_usb.c.obj
 .text.HAL_RCC_OscConfig
                0x080040a4      0x4f0 CMakeFiles/CRC_GROUND_STATION.dir/Drivers/STM32F4xx_HAL_Driver/Src/stm32f4xx_hal_rcc.c.obj
                0x080040a4                HAL_RCC_OscConfig
 .text.HAL_RCC_ClockConfig
                0x08004594      0x1cc CMakeFiles/CRC_GROUND_STATION.dir/Drivers/STM32F4xx_HAL_Driver/Src/stm32f4xx_hal_rcc.c.obj
                0x08004594                HAL_RCC_ClockConfig
 .text.HAL_RCC_GetSysClockFreq
                0x08004760      0x188 CMakeFiles/CRC_GROUND_STATION.dir/Drivers/STM32F4xx_HAL_Driver/Src/stm32f4xx_hal_rcc.c.obj
                0x08004760                HAL_RCC_GetSysClockFreq
 .text.HAL_RCC_GetHCLKFreq
                0x080048e8       0x18 CMakeFiles/CRC_GROUND_STATION.dir/Drivers/STM32F4xx_HAL_Driver/Src/stm32f4xx_hal_rcc.c.obj
                0x080048e8                HAL_RCC_GetHCLKFreq
 .text.HAL_RCC_GetPCLK1Freq
                0x08004900       0x28 CMakeFiles/CRC_GROUND_STATION.dir/Drivers/STM32F4xx_HAL_Driver/Src/stm32f4xx_hal_rcc.c.obj
                0x08004900                HAL_RCC_GetPCLK1Freq
 .text.HAL_RCC_GetPCLK2Freq
                0x08004928       0x28 CMakeFiles/CRC_GROUND_STATION.dir/Drivers/STM32F4xx_HAL_Driver/Src/stm32f4xx_hal_rcc.c.obj
                0x08004928                HAL_RCC_GetPCLK2Freq
 .text.HAL_GPIO_Init
                0x08004950      0x308 CMakeFiles/CRC_GROUND_STATION.dir/Drivers/STM32F4xx_HAL_Driver/Src/stm32f4xx_hal_gpio.c.obj
                0x08004950                HAL_GPIO_Init
 .text.HAL_GPIO_WritePin
                0x08004c58       0x32 CMakeFiles/CRC_GROUND_STATION.dir/Drivers/STM32F4xx_HAL_Driver/Src/stm32f4xx_hal_gpio.c.obj
                0x08004c58                HAL_GPIO_WritePin
 *fill*         0x08004c8a        0x2 
 .text.__NVIC_SetPriorityGrouping
                0x08004c8c       0x48 CMakeFiles/CRC_GROUND_STATION.dir/Drivers/STM32F4xx_HAL_Driver/Src/stm32f4xx_hal_cortex.c.obj
 .text.__NVIC_GetPriorityGrouping
                0x08004cd4       0x1c CMakeFiles/CRC_GROUND_STATION.dir/Drivers/STM32F4xx_HAL_Driver/Src/stm32f4xx_hal_cortex.c.obj
 .text.__NVIC_EnableIRQ
                0x08004cf0       0x3c CMakeFiles/CRC_GROUND_STATION.dir/Drivers/STM32F4xx_HAL_Driver/Src/stm32f4xx_hal_cortex.c.obj
 .text.__NVIC_SetPriority
                0x08004d2c       0x54 CMakeFiles/CRC_GROUND_STATION.dir/Drivers/STM32F4xx_HAL_Driver/Src/stm32f4xx_hal_cortex.c.obj
 .text.NVIC_EncodePriority
                0x08004d80       0x66 CMakeFiles/CRC_GROUND_STATION.dir/Drivers/STM32F4xx_HAL_Driver/Src/stm32f4xx_hal_cortex.c.obj
 *fill*         0x08004de6        0x2 
 .text.SysTick_Config
                0x08004de8       0x44 CMakeFiles/CRC_GROUND_STATION.dir/Drivers/STM32F4xx_HAL_Driver/Src/stm32f4xx_hal_cortex.c.obj
 .text.HAL_NVIC_SetPriorityGrouping
                0x08004e2c       0x16 CMakeFiles/CRC_GROUND_STATION.dir/Drivers/STM32F4xx_HAL_Driver/Src/stm32f4xx_hal_cortex.c.obj
                0x08004e2c                HAL_NVIC_SetPriorityGrouping
 .text.HAL_NVIC_SetPriority
                0x08004e42       0x38 CMakeFiles/CRC_GROUND_STATION.dir/Drivers/STM32F4xx_HAL_Driver/Src/stm32f4xx_hal_cortex.c.obj
                0x08004e42                HAL_NVIC_SetPriority
 .text.HAL_NVIC_EnableIRQ
                0x08004e7a       0x1c CMakeFiles/CRC_GROUND_STATION.dir/Drivers/STM32F4xx_HAL_Driver/Src/stm32f4xx_hal_cortex.c.obj
                0x08004e7a                HAL_NVIC_EnableIRQ
 .text.HAL_SYSTICK_Config
                0x08004e96       0x18 CMakeFiles/CRC_GROUND_STATION.dir/Drivers/STM32F4xx_HAL_Driver/Src/stm32f4xx_hal_cortex.c.obj
                0x08004e96                HAL_SYSTICK_Config
 *fill*         0x08004eae        0x2 
 .text.HAL_Init
                0x08004eb0       0x44 CMakeFiles/CRC_GROUND_STATION.dir/Drivers/STM32F4xx_HAL_Driver/Src/stm32f4xx_hal.c.obj
                0x08004eb0                HAL_Init
 .text.HAL_InitTick
                0x08004ef4       0x60 CMakeFiles/CRC_GROUND_STATION.dir/Drivers/STM32F4xx_HAL_Driver/Src/stm32f4xx_hal.c.obj
                0x08004ef4                HAL_InitTick
 .text.HAL_IncTick
                0x08004f54       0x28 CMakeFiles/CRC_GROUND_STATION.dir/Drivers/STM32F4xx_HAL_Driver/Src/stm32f4xx_hal.c.obj
                0x08004f54                HAL_IncTick
 .text.HAL_GetTick
                0x08004f7c       0x18 CMakeFiles/CRC_GROUND_STATION.dir/Drivers/STM32F4xx_HAL_Driver/Src/stm32f4xx_hal.c.obj
                0x08004f7c                HAL_GetTick
 .text.HAL_Delay
                0x08004f94       0x48 CMakeFiles/CRC_GROUND_STATION.dir/Drivers/STM32F4xx_HAL_Driver/Src/stm32f4xx_hal.c.obj
                0x08004f94                HAL_Delay
 .text.HAL_SPI_Init
                0x08004fdc      0x112 CMakeFiles/CRC_GROUND_STATION.dir/Drivers/STM32F4xx_HAL_Driver/Src/stm32f4xx_hal_spi.c.obj
                0x08004fdc                HAL_SPI_Init
 .text.HAL_SPI_Transmit
                0x080050ee      0x288 CMakeFiles/CRC_GROUND_STATION.dir/Drivers/STM32F4xx_HAL_Driver/Src/stm32f4xx_hal_spi.c.obj
                0x080050ee                HAL_SPI_Transmit
 .text.HAL_SPI_Receive
                0x08005376      0x232 CMakeFiles/CRC_GROUND_STATION.dir/Drivers/STM32F4xx_HAL_Driver/Src/stm32f4xx_hal_spi.c.obj
                0x08005376                HAL_SPI_Receive
 .text.HAL_SPI_TransmitReceive
                0x080055a8      0x352 CMakeFiles/CRC_GROUND_STATION.dir/Drivers/STM32F4xx_HAL_Driver/Src/stm32f4xx_hal_spi.c.obj
                0x080055a8                HAL_SPI_TransmitReceive
 *fill*         0x080058fa        0x2 
 .text.SPI_WaitFlagStateUntilTimeout
                0x080058fc      0x110 CMakeFiles/CRC_GROUND_STATION.dir/Drivers/STM32F4xx_HAL_Driver/Src/stm32f4xx_hal_spi.c.obj
 .text.SPI_EndRxTransaction
                0x08005a0c       0xca CMakeFiles/CRC_GROUND_STATION.dir/Drivers/STM32F4xx_HAL_Driver/Src/stm32f4xx_hal_spi.c.obj
 *fill*         0x08005ad6        0x2 
 .text.SPI_EndRxTxTransaction
                0x08005ad8       0xa8 CMakeFiles/CRC_GROUND_STATION.dir/Drivers/STM32F4xx_HAL_Driver/Src/stm32f4xx_hal_spi.c.obj
 .text.HAL_UART_Init
                0x08005b80       0xa0 CMakeFiles/CRC_GROUND_STATION.dir/Drivers/STM32F4xx_HAL_Driver/Src/stm32f4xx_hal_uart.c.obj
                0x08005b80                HAL_UART_Init
 .text.HAL_UART_Transmit
                0x08005c20      0x116 CMakeFiles/CRC_GROUND_STATION.dir/Drivers/STM32F4xx_HAL_Driver/Src/stm32f4xx_hal_uart.c.obj
                0x08005c20                HAL_UART_Transmit
 .text.HAL_UART_Receive_IT
                0x08005d36       0x4a CMakeFiles/CRC_GROUND_STATION.dir/Drivers/STM32F4xx_HAL_Driver/Src/stm32f4xx_hal_uart.c.obj
                0x08005d36                HAL_UART_Receive_IT
 .text.UART_WaitOnFlagUntilTimeout
                0x08005d80       0xb2 CMakeFiles/CRC_GROUND_STATION.dir/Drivers/STM32F4xx_HAL_Driver/Src/stm32f4xx_hal_uart.c.obj
 .text.UART_Start_Receive_IT
                0x08005e32       0x74 CMakeFiles/CRC_GROUND_STATION.dir/Drivers/STM32F4xx_HAL_Driver/Src/stm32f4xx_hal_uart.c.obj
                0x08005e32                UART_Start_Receive_IT
 .text.UART_EndRxTransfer
                0x08005ea6       0xc6 CMakeFiles/CRC_GROUND_STATION.dir/Drivers/STM32F4xx_HAL_Driver/Src/stm32f4xx_hal_uart.c.obj
 .text.UART_SetConfig
                0x08005f6c      0x4e8 CMakeFiles/CRC_GROUND_STATION.dir/Drivers/STM32F4xx_HAL_Driver/Src/stm32f4xx_hal_uart.c.obj
 .text.SystemInit
                0x08006454       0x24 CMakeFiles/CRC_GROUND_STATION.dir/Core/Src/system_stm32f4xx.c.obj
                0x08006454                SystemInit
 .text.USBD_Init
                0x08006478       0x60 CMakeFiles/CRC_GROUND_STATION.dir/Middlewares/ST/STM32_USB_Device_Library/Core/Src/usbd_core.c.obj
                0x08006478                USBD_Init
 .text.USBD_RegisterClass
                0x080064d8       0x6c CMakeFiles/CRC_GROUND_STATION.dir/Middlewares/ST/STM32_USB_Device_Library/Core/Src/usbd_core.c.obj
                0x080064d8                USBD_RegisterClass
 .text.USBD_Start
                0x08006544       0x18 CMakeFiles/CRC_GROUND_STATION.dir/Middlewares/ST/STM32_USB_Device_Library/Core/Src/usbd_core.c.obj
                0x08006544                USBD_Start
 .text.USBD_RunTestMode
                0x0800655c       0x16 CMakeFiles/CRC_GROUND_STATION.dir/Middlewares/ST/STM32_USB_Device_Library/Core/Src/usbd_core.c.obj
                0x0800655c                USBD_RunTestMode
 .text.USBD_SetClassConfig
                0x08006572       0x38 CMakeFiles/CRC_GROUND_STATION.dir/Middlewares/ST/STM32_USB_Device_Library/Core/Src/usbd_core.c.obj
                0x08006572                USBD_SetClassConfig
 .text.USBD_ClrClassConfig
                0x080065aa       0x34 CMakeFiles/CRC_GROUND_STATION.dir/Middlewares/ST/STM32_USB_Device_Library/Core/Src/usbd_core.c.obj
                0x080065aa                USBD_ClrClassConfig
 .text.USBD_LL_SetupStage
                0x080065de       0xaa CMakeFiles/CRC_GROUND_STATION.dir/Middlewares/ST/STM32_USB_Device_Library/Core/Src/usbd_core.c.obj
                0x080065de                USBD_LL_SetupStage
 .text.USBD_LL_DataOutStage
                0x08006688      0x178 CMakeFiles/CRC_GROUND_STATION.dir/Middlewares/ST/STM32_USB_Device_Library/Core/Src/usbd_core.c.obj
                0x08006688                USBD_LL_DataOutStage
 .text.USBD_LL_DataInStage
                0x08006800      0x176 CMakeFiles/CRC_GROUND_STATION.dir/Middlewares/ST/STM32_USB_Device_Library/Core/Src/usbd_core.c.obj
                0x08006800                USBD_LL_DataInStage
 .text.USBD_LL_Reset
                0x08006976       0xa6 CMakeFiles/CRC_GROUND_STATION.dir/Middlewares/ST/STM32_USB_Device_Library/Core/Src/usbd_core.c.obj
                0x08006976                USBD_LL_Reset
 .text.USBD_LL_SetSpeed
                0x08006a1c       0x20 CMakeFiles/CRC_GROUND_STATION.dir/Middlewares/ST/STM32_USB_Device_Library/Core/Src/usbd_core.c.obj
                0x08006a1c                USBD_LL_SetSpeed
 .text.USBD_LL_Suspend
                0x08006a3c       0x38 CMakeFiles/CRC_GROUND_STATION.dir/Middlewares/ST/STM32_USB_Device_Library/Core/Src/usbd_core.c.obj
                0x08006a3c                USBD_LL_Suspend
 .text.USBD_LL_Resume
                0x08006a74       0x30 CMakeFiles/CRC_GROUND_STATION.dir/Middlewares/ST/STM32_USB_Device_Library/Core/Src/usbd_core.c.obj
                0x08006a74                USBD_LL_Resume
 .text.USBD_LL_SOF
                0x08006aa4       0x40 CMakeFiles/CRC_GROUND_STATION.dir/Middlewares/ST/STM32_USB_Device_Library/Core/Src/usbd_core.c.obj
                0x08006aa4                USBD_LL_SOF
 .text.USBD_LL_IsoINIncomplete
                0x08006ae4       0x64 CMakeFiles/CRC_GROUND_STATION.dir/Middlewares/ST/STM32_USB_Device_Library/Core/Src/usbd_core.c.obj
                0x08006ae4                USBD_LL_IsoINIncomplete
 .text.USBD_LL_IsoOUTIncomplete
                0x08006b48       0x64 CMakeFiles/CRC_GROUND_STATION.dir/Middlewares/ST/STM32_USB_Device_Library/Core/Src/usbd_core.c.obj
                0x08006b48                USBD_LL_IsoOUTIncomplete
 .text.USBD_LL_DevConnected
                0x08006bac       0x16 CMakeFiles/CRC_GROUND_STATION.dir/Middlewares/ST/STM32_USB_Device_Library/Core/Src/usbd_core.c.obj
                0x08006bac                USBD_LL_DevConnected
 .text.USBD_LL_DevDisconnected
                0x08006bc2       0x46 CMakeFiles/CRC_GROUND_STATION.dir/Middlewares/ST/STM32_USB_Device_Library/Core/Src/usbd_core.c.obj
                0x08006bc2                USBD_LL_DevDisconnected
 .text.USBD_CoreFindIF
                0x08006c08       0x1a CMakeFiles/CRC_GROUND_STATION.dir/Middlewares/ST/STM32_USB_Device_Library/Core/Src/usbd_core.c.obj
                0x08006c08                USBD_CoreFindIF
 .text.USBD_CoreFindEP
                0x08006c22       0x1a CMakeFiles/CRC_GROUND_STATION.dir/Middlewares/ST/STM32_USB_Device_Library/Core/Src/usbd_core.c.obj
                0x08006c22                USBD_CoreFindEP
 .text.USBD_GetEpDesc
                0x08006c3c       0x70 CMakeFiles/CRC_GROUND_STATION.dir/Middlewares/ST/STM32_USB_Device_Library/Core/Src/usbd_core.c.obj
                0x08006c3c                USBD_GetEpDesc
 .text.USBD_GetNextDesc
                0x08006cac       0x38 CMakeFiles/CRC_GROUND_STATION.dir/Middlewares/ST/STM32_USB_Device_Library/Core/Src/usbd_core.c.obj
                0x08006cac                USBD_GetNextDesc
 .text.SWAPBYTE
                0x08006ce4       0x3e CMakeFiles/CRC_GROUND_STATION.dir/Middlewares/ST/STM32_USB_Device_Library/Core/Src/usbd_ctlreq.c.obj
 *fill*         0x08006d22        0x2 
 .text.USBD_StdDevReq
                0x08006d24       0xe4 CMakeFiles/CRC_GROUND_STATION.dir/Middlewares/ST/STM32_USB_Device_Library/Core/Src/usbd_ctlreq.c.obj
                0x08006d24                USBD_StdDevReq
 .text.USBD_StdItfReq
                0x08006e08       0xd8 CMakeFiles/CRC_GROUND_STATION.dir/Middlewares/ST/STM32_USB_Device_Library/Core/Src/usbd_ctlreq.c.obj
                0x08006e08                USBD_StdItfReq
 .text.USBD_StdEPReq
                0x08006ee0      0x33e CMakeFiles/CRC_GROUND_STATION.dir/Middlewares/ST/STM32_USB_Device_Library/Core/Src/usbd_ctlreq.c.obj
                0x08006ee0                USBD_StdEPReq
 *fill*         0x0800721e        0x2 
 .text.USBD_GetDescriptor
                0x08007220      0x2d4 CMakeFiles/CRC_GROUND_STATION.dir/Middlewares/ST/STM32_USB_Device_Library/Core/Src/usbd_ctlreq.c.obj
 .text.USBD_SetAddress
                0x080074f4       0x88 CMakeFiles/CRC_GROUND_STATION.dir/Middlewares/ST/STM32_USB_Device_Library/Core/Src/usbd_ctlreq.c.obj
 .text.USBD_SetConfig
                0x0800757c      0x154 CMakeFiles/CRC_GROUND_STATION.dir/Middlewares/ST/STM32_USB_Device_Library/Core/Src/usbd_ctlreq.c.obj
 .text.USBD_GetConfig
                0x080076d0       0x6c CMakeFiles/CRC_GROUND_STATION.dir/Middlewares/ST/STM32_USB_Device_Library/Core/Src/usbd_ctlreq.c.obj
 .text.USBD_GetStatus
                0x0800773c       0x68 CMakeFiles/CRC_GROUND_STATION.dir/Middlewares/ST/STM32_USB_Device_Library/Core/Src/usbd_ctlreq.c.obj
 .text.USBD_SetFeature
                0x080077a4       0x52 CMakeFiles/CRC_GROUND_STATION.dir/Middlewares/ST/STM32_USB_Device_Library/Core/Src/usbd_ctlreq.c.obj
 .text.USBD_ClrFeature
                0x080077f6       0x44 CMakeFiles/CRC_GROUND_STATION.dir/Middlewares/ST/STM32_USB_Device_Library/Core/Src/usbd_ctlreq.c.obj
 .text.USBD_ParseSetupRequest
                0x0800783a       0x74 CMakeFiles/CRC_GROUND_STATION.dir/Middlewares/ST/STM32_USB_Device_Library/Core/Src/usbd_ctlreq.c.obj
                0x0800783a                USBD_ParseSetupRequest
 .text.USBD_CtlError
                0x080078ae       0x22 CMakeFiles/CRC_GROUND_STATION.dir/Middlewares/ST/STM32_USB_Device_Library/Core/Src/usbd_ctlreq.c.obj
                0x080078ae                USBD_CtlError
 .text.USBD_GetString
                0x080078d0       0xa4 CMakeFiles/CRC_GROUND_STATION.dir/Middlewares/ST/STM32_USB_Device_Library/Core/Src/usbd_ctlreq.c.obj
                0x080078d0                USBD_GetString
 .text.USBD_GetLen
                0x08007974       0x34 CMakeFiles/CRC_GROUND_STATION.dir/Middlewares/ST/STM32_USB_Device_Library/Core/Src/usbd_ctlreq.c.obj
 .text.USBD_CtlSendData
                0x080079a8       0x3c CMakeFiles/CRC_GROUND_STATION.dir/Middlewares/ST/STM32_USB_Device_Library/Core/Src/usbd_ioreq.c.obj
                0x080079a8                USBD_CtlSendData
 .text.USBD_CtlContinueSendData
                0x080079e4       0x22 CMakeFiles/CRC_GROUND_STATION.dir/Middlewares/ST/STM32_USB_Device_Library/Core/Src/usbd_ioreq.c.obj
                0x080079e4                USBD_CtlContinueSendData
 .text.USBD_CtlPrepareRx
                0x08007a06       0x42 CMakeFiles/CRC_GROUND_STATION.dir/Middlewares/ST/STM32_USB_Device_Library/Core/Src/usbd_ioreq.c.obj
                0x08007a06                USBD_CtlPrepareRx
 .text.USBD_CtlContinueRx
                0x08007a48       0x22 CMakeFiles/CRC_GROUND_STATION.dir/Middlewares/ST/STM32_USB_Device_Library/Core/Src/usbd_ioreq.c.obj
                0x08007a48                USBD_CtlContinueRx
 .text.USBD_CtlSendStatus
                0x08007a6a       0x26 CMakeFiles/CRC_GROUND_STATION.dir/Middlewares/ST/STM32_USB_Device_Library/Core/Src/usbd_ioreq.c.obj
                0x08007a6a                USBD_CtlSendStatus
 .text.USBD_CtlReceiveStatus
                0x08007a90       0x26 CMakeFiles/CRC_GROUND_STATION.dir/Middlewares/ST/STM32_USB_Device_Library/Core/Src/usbd_ioreq.c.obj
                0x08007a90                USBD_CtlReceiveStatus
 *fill*         0x08007ab6        0x2 
 .text.USBD_CDC_Init
                0x08007ab8      0x1f0 CMakeFiles/CRC_GROUND_STATION.dir/Middlewares/ST/STM32_USB_Device_Library/Class/CDC/Src/usbd_cdc.c.obj
 .text.USBD_CDC_DeInit
                0x08007ca8      0x104 CMakeFiles/CRC_GROUND_STATION.dir/Middlewares/ST/STM32_USB_Device_Library/Class/CDC/Src/usbd_cdc.c.obj
 .text.USBD_CDC_Setup
                0x08007dac      0x1b8 CMakeFiles/CRC_GROUND_STATION.dir/Middlewares/ST/STM32_USB_Device_Library/Class/CDC/Src/usbd_cdc.c.obj
 .text.USBD_CDC_DataIn
                0x08007f64       0xfe CMakeFiles/CRC_GROUND_STATION.dir/Middlewares/ST/STM32_USB_Device_Library/Class/CDC/Src/usbd_cdc.c.obj
 .text.USBD_CDC_DataOut
                0x08008062       0x70 CMakeFiles/CRC_GROUND_STATION.dir/Middlewares/ST/STM32_USB_Device_Library/Class/CDC/Src/usbd_cdc.c.obj
 .text.USBD_CDC_EP0_RxReady
                0x080080d2       0x74 CMakeFiles/CRC_GROUND_STATION.dir/Middlewares/ST/STM32_USB_Device_Library/Class/CDC/Src/usbd_cdc.c.obj
 *fill*         0x08008146        0x2 
 .text.USBD_CDC_GetFSCfgDesc
                0x08008148       0x70 CMakeFiles/CRC_GROUND_STATION.dir/Middlewares/ST/STM32_USB_Device_Library/Class/CDC/Src/usbd_cdc.c.obj
 .text.USBD_CDC_GetHSCfgDesc
                0x080081b8       0x70 CMakeFiles/CRC_GROUND_STATION.dir/Middlewares/ST/STM32_USB_Device_Library/Class/CDC/Src/usbd_cdc.c.obj
 .text.USBD_CDC_GetOtherSpeedCfgDesc
                0x08008228       0x70 CMakeFiles/CRC_GROUND_STATION.dir/Middlewares/ST/STM32_USB_Device_Library/Class/CDC/Src/usbd_cdc.c.obj
 .text.USBD_CDC_GetDeviceQualifierDescriptor
                0x08008298       0x20 CMakeFiles/CRC_GROUND_STATION.dir/Middlewares/ST/STM32_USB_Device_Library/Class/CDC/Src/usbd_cdc.c.obj
                0x08008298                USBD_CDC_GetDeviceQualifierDescriptor
 .text.USBD_CDC_RegisterInterface
                0x080082b8       0x34 CMakeFiles/CRC_GROUND_STATION.dir/Middlewares/ST/STM32_USB_Device_Library/Class/CDC/Src/usbd_cdc.c.obj
                0x080082b8                USBD_CDC_RegisterInterface
 .text.USBD_CDC_SetTxBuffer
                0x080082ec       0x44 CMakeFiles/CRC_GROUND_STATION.dir/Middlewares/ST/STM32_USB_Device_Library/Class/CDC/Src/usbd_cdc.c.obj
                0x080082ec                USBD_CDC_SetTxBuffer
 .text.USBD_CDC_SetRxBuffer
                0x08008330       0x3a CMakeFiles/CRC_GROUND_STATION.dir/Middlewares/ST/STM32_USB_Device_Library/Class/CDC/Src/usbd_cdc.c.obj
                0x08008330                USBD_CDC_SetRxBuffer
 *fill*         0x0800836a        0x2 
 .text.USBD_CDC_TransmitPacket
                0x0800836c       0x80 CMakeFiles/CRC_GROUND_STATION.dir/Middlewares/ST/STM32_USB_Device_Library/Class/CDC/Src/usbd_cdc.c.obj
                0x0800836c                USBD_CDC_TransmitPacket
 .text.USBD_CDC_ReceivePacket
                0x080083ec       0x6c CMakeFiles/CRC_GROUND_STATION.dir/Middlewares/ST/STM32_USB_Device_Library/Class/CDC/Src/usbd_cdc.c.obj
                0x080083ec                USBD_CDC_ReceivePacket
 .text.Reset_Handler
                0x08008458       0x50 CMakeFiles/CRC_GROUND_STATION.dir/startup_stm32f401xe.s.obj
                0x08008458                Reset_Handler
 .text.Default_Handler
                0x080084a8        0x2 CMakeFiles/CRC_GROUND_STATION.dir/startup_stm32f401xe.s.obj
                0x080084a8                DMA1_Stream3_IRQHandler
                0x080084a8                EXTI2_IRQHandler
                0x080084a8                SPI4_IRQHandler
                0x080084a8                TIM1_CC_IRQHandler
                0x080084a8                DMA2_Stream5_IRQHandler
                0x080084a8                DMA1_Stream5_IRQHandler
                0x080084a8                PVD_IRQHandler
                0x080084a8                SDIO_IRQHandler
                0x080084a8                TAMP_STAMP_IRQHandler
                0x080084a8                EXTI3_IRQHandler
                0x080084a8                TIM1_UP_TIM10_IRQHandler
                0x080084a8                I2C3_ER_IRQHandler
                0x080084a8                EXTI0_IRQHandler
                0x080084a8                I2C2_EV_IRQHandler
                0x080084a8                DMA1_Stream2_IRQHandler
                0x080084a8                FPU_IRQHandler
                0x080084a8                DMA2_Stream2_IRQHandler
                0x080084a8                SPI1_IRQHandler
                0x080084a8                TIM1_BRK_TIM9_IRQHandler
                0x080084a8                DMA2_Stream3_IRQHandler
                0x080084a8                USART6_IRQHandler
                0x080084a8                DMA2_Stream0_IRQHandler
                0x080084a8                TIM4_IRQHandler
                0x080084a8                I2C1_EV_IRQHandler
                0x080084a8                DMA1_Stream6_IRQHandler
                0x080084a8                DMA1_Stream1_IRQHandler
                0x080084a8                TIM3_IRQHandler
                0x080084a8                RCC_IRQHandler
                0x080084a8                Default_Handler
                0x080084a8                EXTI15_10_IRQHandler
                0x080084a8                ADC_IRQHandler
                0x080084a8                DMA1_Stream7_IRQHandler
                0x080084a8                TIM5_IRQHandler
                0x080084a8                DMA2_Stream7_IRQHandler
                0x080084a8                I2C3_EV_IRQHandler
                0x080084a8                EXTI9_5_IRQHandler
                0x080084a8                RTC_WKUP_IRQHandler
                0x080084a8                SPI2_IRQHandler
                0x080084a8                DMA1_Stream0_IRQHandler
                0x080084a8                EXTI4_IRQHandler
                0x080084a8                WWDG_IRQHandler
                0x080084a8                TIM2_IRQHandler
                0x080084a8                OTG_FS_WKUP_IRQHandler
                0x080084a8                TIM1_TRG_COM_TIM11_IRQHandler
                0x080084a8                EXTI1_IRQHandler
                0x080084a8                USART2_IRQHandler
                0x080084a8                I2C2_ER_IRQHandler
                0x080084a8                DMA2_Stream1_IRQHandler
                0x080084a8                FLASH_IRQHandler
                0x080084a8                DMA2_Stream4_IRQHandler
                0x080084a8                USART1_IRQHandler
                0x080084a8                SPI3_IRQHandler
                0x080084a8                DMA1_Stream4_IRQHandler
                0x080084a8                I2C1_ER_IRQHandler
                0x080084a8                DMA2_Stream6_IRQHandler
                0x080084a8                RTC_Alarm_IRQHandler
 *fill*         0x080084aa        0x2 
 .text.__udivmoddi4
                0x080084ac      0x2f8 /Applications/ArmGNUToolchain/14.2.rel1/arm-none-eabi/bin/../lib/gcc/arm-none-eabi/14.2.1/thumb/v7e-m+fp/hard/libgcc.a(_udivmoddi4.o)
                0x080084ac                __udivmoddi4
 *(.glue_7)
 .glue_7        0x080087a4        0x0 linker stubs
 *(.glue_7t)
 .glue_7t       0x080087a4        0x0 linker stubs
 *(.eh_frame)
 .eh_frame      0x080087a4        0x0 /Applications/ArmGNUToolchain/14.2.rel1/arm-none-eabi/bin/../lib/gcc/arm-none-eabi/14.2.1/thumb/v7e-m+fp/hard/crtbegin.o
 *(.init)
 .init          0x080087a4        0x4 /Applications/ArmGNUToolchain/14.2.rel1/arm-none-eabi/bin/../lib/gcc/arm-none-eabi/14.2.1/thumb/v7e-m+fp/hard/crti.o
                0x080087a4                _init
 .init          0x080087a8        0x8 /Applications/ArmGNUToolchain/14.2.rel1/arm-none-eabi/bin/../lib/gcc/arm-none-eabi/14.2.1/thumb/v7e-m+fp/hard/crtn.o
 *(.fini)
 .fini          0x080087b0        0x4 /Applications/ArmGNUToolchain/14.2.rel1/arm-none-eabi/bin/../lib/gcc/arm-none-eabi/14.2.1/thumb/v7e-m+fp/hard/crti.o
                0x080087b0                _fini
 .fini          0x080087b4        0x8 /Applications/ArmGNUToolchain/14.2.rel1/arm-none-eabi/bin/../lib/gcc/arm-none-eabi/14.2.1/thumb/v7e-m+fp/hard/crtn.o
                0x080087bc                        . = ALIGN (0x4)
                0x080087bc                        _etext = .

.vfp11_veneer   0x080087bc        0x0
 .vfp11_veneer  0x080087bc        0x0 linker stubs

.v4_bx          0x080087bc        0x0
 .v4_bx         0x080087bc        0x0 linker stubs

.iplt           0x080087bc        0x0
 .iplt          0x080087bc        0x0 /Applications/ArmGNUToolchain/14.2.rel1/arm-none-eabi/bin/../lib/gcc/arm-none-eabi/14.2.1/thumb/v7e-m+fp/hard/crtbegin.o

.rodata         0x080087bc       0x64
                0x080087bc                        . = ALIGN (0x4)
 *(.rodata)
 .rodata        0x080087bc       0x46 CMakeFiles/CRC_GROUND_STATION.dir/USB_DEVICE/App/usbd_desc.c.obj
 *fill*         0x08008802        0x2 
 .rodata        0x08008804        0x3 CMakeFiles/CRC_GROUND_STATION.dir/USB_DEVICE/App/usbd_cdc_if.c.obj
 *(.rodata*)
 *fill*         0x08008807        0x1 
 .rodata.AHBPrescTable
                0x08008808       0x10 CMakeFiles/CRC_GROUND_STATION.dir/Core/Src/system_stm32f4xx.c.obj
                0x08008808                AHBPrescTable
 .rodata.APBPrescTable
                0x08008818        0x8 CMakeFiles/CRC_GROUND_STATION.dir/Core/Src/system_stm32f4xx.c.obj
                0x08008818                APBPrescTable
                0x08008820                        . = ALIGN (0x4)

.ARM.extab
 *(.ARM.extab* .gnu.linkonce.armextab.*)

.ARM            0x08008820        0x8
                0x08008820                        __exidx_start = .
 *(.ARM.exidx*)
 .ARM.exidx.text.__udivmoddi4
                0x08008820        0x8 /Applications/ArmGNUToolchain/14.2.rel1/arm-none-eabi/bin/../lib/gcc/arm-none-eabi/14.2.1/thumb/v7e-m+fp/hard/libgcc.a(_udivmoddi4.o)
                0x08008828                        __exidx_end = .

.rel.dyn        0x08008828        0x0
 .rel.iplt      0x08008828        0x0 /Applications/ArmGNUToolchain/14.2.rel1/arm-none-eabi/bin/../lib/gcc/arm-none-eabi/14.2.1/thumb/v7e-m+fp/hard/crtbegin.o

.preinit_array  0x08008828        0x0
                0x08008828                        PROVIDE (__preinit_array_start = .)
 *(.preinit_array*)
                0x08008828                        PROVIDE (__preinit_array_end = .)

.init_array     0x08008828        0x4
                0x08008828                        PROVIDE (__init_array_start = .)
 *(SORT_BY_NAME(.init_array.*))
 *(.init_array*)
 .init_array    0x08008828        0x4 /Applications/ArmGNUToolchain/14.2.rel1/arm-none-eabi/bin/../lib/gcc/arm-none-eabi/14.2.1/thumb/v7e-m+fp/hard/crtbegin.o
                0x0800882c                        PROVIDE (__init_array_end = .)

.fini_array     0x0800882c        0x4
                [!provide]                        PROVIDE (__fini_array_start = .)
 *(SORT_BY_NAME(.fini_array.*))
 *(.fini_array*)
 .fini_array    0x0800882c        0x4 /Applications/ArmGNUToolchain/14.2.rel1/arm-none-eabi/bin/../lib/gcc/arm-none-eabi/14.2.1/thumb/v7e-m+fp/hard/crtbegin.o
                [!provide]                        PROVIDE (__fini_array_end = .)
                0x08008830                        _sidata = LOADADDR (.data)

.data           0x20000000       0xfc load address 0x08008830
                0x20000000                        . = ALIGN (0x4)
                0x20000000                        _sdata = .
 *(.data)
 *(.data*)
 .data.FS_Desc  0x20000000       0x1c CMakeFiles/CRC_GROUND_STATION.dir/USB_DEVICE/App/usbd_desc.c.obj
                0x20000000                FS_Desc
 .data.USBD_FS_DeviceDesc
                0x2000001c       0x12 CMakeFiles/CRC_GROUND_STATION.dir/USB_DEVICE/App/usbd_desc.c.obj
                0x2000001c                USBD_FS_DeviceDesc
 *fill*         0x2000002e        0x2 
 .data.USBD_LangIDDesc
                0x20000030        0x4 CMakeFiles/CRC_GROUND_STATION.dir/USB_DEVICE/App/usbd_desc.c.obj
                0x20000030                USBD_LangIDDesc
 .data.USBD_StringSerial
                0x20000034       0x1a CMakeFiles/CRC_GROUND_STATION.dir/USB_DEVICE/App/usbd_desc.c.obj
                0x20000034                USBD_StringSerial
 *fill*         0x2000004e        0x2 
 .data.USBD_Interface_fops_FS
                0x20000050       0x14 CMakeFiles/CRC_GROUND_STATION.dir/USB_DEVICE/App/usbd_cdc_if.c.obj
                0x20000050                USBD_Interface_fops_FS
 .data.uwTickPrio
                0x20000064        0x4 CMakeFiles/CRC_GROUND_STATION.dir/Drivers/STM32F4xx_HAL_Driver/Src/stm32f4xx_hal.c.obj
                0x20000064                uwTickPrio
 .data.uwTickFreq
                0x20000068        0x1 CMakeFiles/CRC_GROUND_STATION.dir/Drivers/STM32F4xx_HAL_Driver/Src/stm32f4xx_hal.c.obj
                0x20000068                uwTickFreq
 *fill*         0x20000069        0x3 
 .data.SystemCoreClock
                0x2000006c        0x4 CMakeFiles/CRC_GROUND_STATION.dir/Core/Src/system_stm32f4xx.c.obj
                0x2000006c                SystemCoreClock
 .data.USBD_CDC_DeviceQualifierDesc
                0x20000070        0xa CMakeFiles/CRC_GROUND_STATION.dir/Middlewares/ST/STM32_USB_Device_Library/Class/CDC/Src/usbd_cdc.c.obj
 *fill*         0x2000007a        0x2 
 .data.USBD_CDC
                0x2000007c       0x38 CMakeFiles/CRC_GROUND_STATION.dir/Middlewares/ST/STM32_USB_Device_Library/Class/CDC/Src/usbd_cdc.c.obj
                0x2000007c                USBD_CDC
 .data.USBD_CDC_CfgDesc
                0x200000b4       0x43 CMakeFiles/CRC_GROUND_STATION.dir/Middlewares/ST/STM32_USB_Device_Library/Class/CDC/Src/usbd_cdc.c.obj
 .data.CDCInEpAdd
                0x200000f7        0x1 CMakeFiles/CRC_GROUND_STATION.dir/Middlewares/ST/STM32_USB_Device_Library/Class/CDC/Src/usbd_cdc.c.obj
 .data.CDCOutEpAdd
                0x200000f8        0x1 CMakeFiles/CRC_GROUND_STATION.dir/Middlewares/ST/STM32_USB_Device_Library/Class/CDC/Src/usbd_cdc.c.obj
 .data.CDCCmdEpAdd
                0x200000f9        0x1 CMakeFiles/CRC_GROUND_STATION.dir/Middlewares/ST/STM32_USB_Device_Library/Class/CDC/Src/usbd_cdc.c.obj
                0x200000fc                        . = ALIGN (0x4)
 *fill*         0x200000fa        0x2 
                0x200000fc                        _edata = .

.tm_clone_table
                0x200000fc        0x0 load address 0x0800892c
 .tm_clone_table
                0x200000fc        0x0 /Applications/ArmGNUToolchain/14.2.rel1/arm-none-eabi/bin/../lib/gcc/arm-none-eabi/14.2.1/thumb/v7e-m+fp/hard/crtbegin.o
 .tm_clone_table
                0x200000fc        0x0 /Applications/ArmGNUToolchain/14.2.rel1/arm-none-eabi/bin/../lib/gcc/arm-none-eabi/14.2.1/thumb/v7e-m+fp/hard/crtend.o

.igot.plt       0x200000fc        0x0 load address 0x0800892c
 .igot.plt      0x200000fc        0x0 /Applications/ArmGNUToolchain/14.2.rel1/arm-none-eabi/bin/../lib/gcc/arm-none-eabi/14.2.1/thumb/v7e-m+fp/hard/crtbegin.o
                0x200000fc                        . = ALIGN (0x4)

.bss            0x200000fc     0x1d00 load address 0x0800892c
                0x200000fc                        _sbss = .
                0x200000fc                        __bss_start__ = _sbss
 *(.bss)
 *(.bss*)
 .bss.completed.1
                0x200000fc        0x1 /Applications/ArmGNUToolchain/14.2.rel1/arm-none-eabi/bin/../lib/gcc/arm-none-eabi/14.2.1/thumb/v7e-m+fp/hard/crtbegin.o
 *fill*         0x200000fd        0x3 
 .bss.object.0  0x20000100       0x18 /Applications/ArmGNUToolchain/14.2.rel1/arm-none-eabi/bin/../lib/gcc/arm-none-eabi/14.2.1/thumb/v7e-m+fp/hard/crtbegin.o
 .bss.lora      0x20000118       0x14 CMakeFiles/CRC_GROUND_STATION.dir/Core/Src/main.c.obj
                0x20000118                lora
 .bss.uart_rx_byte
                0x2000012c        0x1 CMakeFiles/CRC_GROUND_STATION.dir/Core/Src/main.c.obj
                0x2000012c                uart_rx_byte
 *fill*         0x2000012d        0x3 
 .bss.lora_rx_buffer
                0x20000130       0x40 CMakeFiles/CRC_GROUND_STATION.dir/Core/Src/main.c.obj
                0x20000130                lora_rx_buffer
 .bss.lora_rx_length
                0x20000170        0x1 CMakeFiles/CRC_GROUND_STATION.dir/Core/Src/main.c.obj
                0x20000170                lora_rx_length
 *fill*         0x20000171        0x3 
 .bss.hspi1     0x20000174       0x58 CMakeFiles/CRC_GROUND_STATION.dir/Core/Src/spi.c.obj
                0x20000174                hspi1
 .bss.huart1    0x200001cc       0x48 CMakeFiles/CRC_GROUND_STATION.dir/Core/Src/usart.c.obj
                0x200001cc                huart1
 .bss.hUsbDeviceFS
                0x20000214      0x2dc CMakeFiles/CRC_GROUND_STATION.dir/USB_DEVICE/App/usb_device.c.obj
                0x20000214                hUsbDeviceFS
 .bss.USBD_StrDesc
                0x200004f0      0x200 CMakeFiles/CRC_GROUND_STATION.dir/USB_DEVICE/App/usbd_desc.c.obj
                0x200004f0                USBD_StrDesc
 .bss.UserRxBufferFS
                0x200006f0      0x800 CMakeFiles/CRC_GROUND_STATION.dir/USB_DEVICE/App/usbd_cdc_if.c.obj
                0x200006f0                UserRxBufferFS
 .bss.UserTxBufferFS
                0x20000ef0      0x800 CMakeFiles/CRC_GROUND_STATION.dir/USB_DEVICE/App/usbd_cdc_if.c.obj
                0x20000ef0                UserTxBufferFS
 .bss.hpcd_USB_OTG_FS
                0x200016f0      0x4e4 CMakeFiles/CRC_GROUND_STATION.dir/USB_DEVICE/Target/usbd_conf.c.obj
                0x200016f0                hpcd_USB_OTG_FS
 .bss.mem.0     0x20001bd4      0x220 CMakeFiles/CRC_GROUND_STATION.dir/USB_DEVICE/Target/usbd_conf.c.obj
 .bss.uwTick    0x20001df4        0x4 CMakeFiles/CRC_GROUND_STATION.dir/Drivers/STM32F4xx_HAL_Driver/Src/stm32f4xx_hal.c.obj
                0x20001df4                uwTick
 .bss.cfgidx.0  0x20001df8        0x1 CMakeFiles/CRC_GROUND_STATION.dir/Middlewares/ST/STM32_USB_Device_Library/Core/Src/usbd_ctlreq.c.obj
 *(COMMON)
                0x20001dfc                        . = ALIGN (0x4)
 *fill*         0x20001df9        0x3 
                0x20001dfc                        _ebss = .
                0x20001dfc                        __bss_end__ = _ebss

._user_heap_stack
                0x20001dfc      0x604 load address 0x0800892c
                0x20001e00                        . = ALIGN (0x8)
 *fill*         0x20001dfc        0x4 
                [!provide]                        PROVIDE (end = .)
                0x20001e00                        PROVIDE (_end = .)
                0x20002000                        . = (. + _Min_Heap_Size)
 *fill*         0x20001e00      0x200 
                0x20002400                        . = (. + _Min_Stack_Size)
 *fill*         0x20002000      0x400 
                0x20002400                        . = ALIGN (0x8)

/DISCARD/
 libc.a(*)
 libm.a(*)
 libgcc.a(*)
OUTPUT(CRC_GROUND_STATION.elf elf32-littlearm)
LOAD linker stubs
LOAD /Applications/ArmGNUToolchain/14.2.rel1/arm-none-eabi/bin/../lib/gcc/arm-none-eabi/14.2.1/../../../../arm-none-eabi/lib/thumb/v7e-m+fp/hard/libc.a
LOAD /Applications/ArmGNUToolchain/14.2.rel1/arm-none-eabi/bin/../lib/gcc/arm-none-eabi/14.2.1/../../../../arm-none-eabi/lib/thumb/v7e-m+fp/hard/libm.a
LOAD /Applications/ArmGNUToolchain/14.2.rel1/arm-none-eabi/bin/../lib/gcc/arm-none-eabi/14.2.1/thumb/v7e-m+fp/hard/libgcc.a

.ARM.attributes
                0x00000000       0x30
 .ARM.attributes
                0x00000000       0x22 /Applications/ArmGNUToolchain/14.2.rel1/arm-none-eabi/bin/../lib/gcc/arm-none-eabi/14.2.1/thumb/v7e-m+fp/hard/crti.o
 .ARM.attributes
                0x00000022       0x34 /Applications/ArmGNUToolchain/14.2.rel1/arm-none-eabi/bin/../lib/gcc/arm-none-eabi/14.2.1/thumb/v7e-m+fp/hard/crtbegin.o
 .ARM.attributes
                0x00000056       0x34 /Applications/ArmGNUToolchain/14.2.rel1/arm-none-eabi/bin/../lib/gcc/arm-none-eabi/14.2.1/../../../../arm-none-eabi/lib/thumb/v7e-m+fp/hard/libc_nano.a(libc_a-memset.o)
 .ARM.attributes
                0x0000008a       0x34 /Applications/ArmGNUToolchain/14.2.rel1/arm-none-eabi/bin/../lib/gcc/arm-none-eabi/14.2.1/../../../../arm-none-eabi/lib/thumb/v7e-m+fp/hard/libc_nano.a(libc_a-init.o)
 .ARM.attributes
                0x000000be       0x34 CMakeFiles/CRC_GROUND_STATION.dir/Core/Src/main.c.obj
 .ARM.attributes
                0x000000f2       0x34 CMakeFiles/CRC_GROUND_STATION.dir/Core/Src/gpio.c.obj
 .ARM.attributes
                0x00000126       0x34 CMakeFiles/CRC_GROUND_STATION.dir/Core/Src/spi.c.obj
 .ARM.attributes
                0x0000015a       0x34 CMakeFiles/CRC_GROUND_STATION.dir/Core/Src/LoRa.c.obj
 .ARM.attributes
                0x0000018e       0x34 CMakeFiles/CRC_GROUND_STATION.dir/Core/Src/usart.c.obj
 .ARM.attributes
                0x000001c2       0x34 CMakeFiles/CRC_GROUND_STATION.dir/Core/Src/stm32f4xx_it.c.obj
 .ARM.attributes
                0x000001f6       0x34 CMakeFiles/CRC_GROUND_STATION.dir/Core/Src/stm32f4xx_hal_msp.c.obj
 .ARM.attributes
                0x0000022a       0x34 CMakeFiles/CRC_GROUND_STATION.dir/USB_DEVICE/App/usb_device.c.obj
 .ARM.attributes
                0x0000025e       0x34 CMakeFiles/CRC_GROUND_STATION.dir/USB_DEVICE/App/usbd_desc.c.obj
 .ARM.attributes
                0x00000292       0x34 CMakeFiles/CRC_GROUND_STATION.dir/USB_DEVICE/App/usbd_cdc_if.c.obj
 .ARM.attributes
                0x000002c6       0x34 CMakeFiles/CRC_GROUND_STATION.dir/USB_DEVICE/Target/usbd_conf.c.obj
 .ARM.attributes
                0x000002fa       0x34 CMakeFiles/CRC_GROUND_STATION.dir/Drivers/STM32F4xx_HAL_Driver/Src/stm32f4xx_hal_pcd.c.obj
 .ARM.attributes
                0x0000032e       0x34 CMakeFiles/CRC_GROUND_STATION.dir/Drivers/STM32F4xx_HAL_Driver/Src/stm32f4xx_hal_pcd_ex.c.obj
 .ARM.attributes
                0x00000362       0x34 CMakeFiles/CRC_GROUND_STATION.dir/Drivers/STM32F4xx_HAL_Driver/Src/stm32f4xx_ll_usb.c.obj
 .ARM.attributes
                0x00000396       0x34 CMakeFiles/CRC_GROUND_STATION.dir/Drivers/STM32F4xx_HAL_Driver/Src/stm32f4xx_hal_rcc.c.obj
 .ARM.attributes
                0x000003ca       0x34 CMakeFiles/CRC_GROUND_STATION.dir/Drivers/STM32F4xx_HAL_Driver/Src/stm32f4xx_hal_gpio.c.obj
 .ARM.attributes
                0x000003fe       0x34 CMakeFiles/CRC_GROUND_STATION.dir/Drivers/STM32F4xx_HAL_Driver/Src/stm32f4xx_hal_cortex.c.obj
 .ARM.attributes
                0x00000432       0x34 CMakeFiles/CRC_GROUND_STATION.dir/Drivers/STM32F4xx_HAL_Driver/Src/stm32f4xx_hal.c.obj
 .ARM.attributes
                0x00000466       0x34 CMakeFiles/CRC_GROUND_STATION.dir/Drivers/STM32F4xx_HAL_Driver/Src/stm32f4xx_hal_spi.c.obj
 .ARM.attributes
                0x0000049a       0x34 CMakeFiles/CRC_GROUND_STATION.dir/Drivers/STM32F4xx_HAL_Driver/Src/stm32f4xx_hal_uart.c.obj
 .ARM.attributes
                0x000004ce       0x34 CMakeFiles/CRC_GROUND_STATION.dir/Core/Src/system_stm32f4xx.c.obj
 .ARM.attributes
                0x00000502       0x34 CMakeFiles/CRC_GROUND_STATION.dir/Middlewares/ST/STM32_USB_Device_Library/Core/Src/usbd_core.c.obj
 .ARM.attributes
                0x00000536       0x34 CMakeFiles/CRC_GROUND_STATION.dir/Middlewares/ST/STM32_USB_Device_Library/Core/Src/usbd_ctlreq.c.obj
 .ARM.attributes
                0x0000056a       0x34 CMakeFiles/CRC_GROUND_STATION.dir/Middlewares/ST/STM32_USB_Device_Library/Core/Src/usbd_ioreq.c.obj
 .ARM.attributes
                0x0000059e       0x34 CMakeFiles/CRC_GROUND_STATION.dir/Middlewares/ST/STM32_USB_Device_Library/Class/CDC/Src/usbd_cdc.c.obj
 .ARM.attributes
                0x000005d2       0x21 CMakeFiles/CRC_GROUND_STATION.dir/startup_stm32f401xe.s.obj
 .ARM.attributes
                0x000005f3       0x22 /Applications/ArmGNUToolchain/14.2.rel1/arm-none-eabi/bin/../lib/gcc/arm-none-eabi/14.2.1/thumb/v7e-m+fp/hard/libgcc.a(_aeabi_uldivmod.o)
 .ARM.attributes
                0x00000615       0x34 /Applications/ArmGNUToolchain/14.2.rel1/arm-none-eabi/bin/../lib/gcc/arm-none-eabi/14.2.1/thumb/v7e-m+fp/hard/libgcc.a(_udivmoddi4.o)
 .ARM.attributes
                0x00000649       0x22 /Applications/ArmGNUToolchain/14.2.rel1/arm-none-eabi/bin/../lib/gcc/arm-none-eabi/14.2.1/thumb/v7e-m+fp/hard/libgcc.a(_dvmd_tls.o)
 .ARM.attributes
                0x0000066b       0x34 /Applications/ArmGNUToolchain/14.2.rel1/arm-none-eabi/bin/../lib/gcc/arm-none-eabi/14.2.1/thumb/v7e-m+fp/hard/crtend.o
 .ARM.attributes
                0x0000069f       0x22 /Applications/ArmGNUToolchain/14.2.rel1/arm-none-eabi/bin/../lib/gcc/arm-none-eabi/14.2.1/thumb/v7e-m+fp/hard/crtn.o

.comment        0x00000000       0x45
 .comment       0x00000000       0x45 CMakeFiles/CRC_GROUND_STATION.dir/Core/Src/main.c.obj
                                 0x46 (size before relaxing)
 .comment       0x00000045       0x46 CMakeFiles/CRC_GROUND_STATION.dir/Core/Src/gpio.c.obj
 .comment       0x00000045       0x46 CMakeFiles/CRC_GROUND_STATION.dir/Core/Src/spi.c.obj
 .comment       0x00000045       0x46 CMakeFiles/CRC_GROUND_STATION.dir/Core/Src/LoRa.c.obj
 .comment       0x00000045       0x46 CMakeFiles/CRC_GROUND_STATION.dir/Core/Src/usart.c.obj
 .comment       0x00000045       0x46 CMakeFiles/CRC_GROUND_STATION.dir/Core/Src/stm32f4xx_it.c.obj
 .comment       0x00000045       0x46 CMakeFiles/CRC_GROUND_STATION.dir/Core/Src/stm32f4xx_hal_msp.c.obj
 .comment       0x00000045       0x46 CMakeFiles/CRC_GROUND_STATION.dir/USB_DEVICE/App/usb_device.c.obj
 .comment       0x00000045       0x46 CMakeFiles/CRC_GROUND_STATION.dir/USB_DEVICE/App/usbd_desc.c.obj
 .comment       0x00000045       0x46 CMakeFiles/CRC_GROUND_STATION.dir/USB_DEVICE/App/usbd_cdc_if.c.obj
 .comment       0x00000045       0x46 CMakeFiles/CRC_GROUND_STATION.dir/USB_DEVICE/Target/usbd_conf.c.obj
 .comment       0x00000045       0x46 CMakeFiles/CRC_GROUND_STATION.dir/Drivers/STM32F4xx_HAL_Driver/Src/stm32f4xx_hal_pcd.c.obj
 .comment       0x00000045       0x46 CMakeFiles/CRC_GROUND_STATION.dir/Drivers/STM32F4xx_HAL_Driver/Src/stm32f4xx_hal_pcd_ex.c.obj
 .comment       0x00000045       0x46 CMakeFiles/CRC_GROUND_STATION.dir/Drivers/STM32F4xx_HAL_Driver/Src/stm32f4xx_ll_usb.c.obj
 .comment       0x00000045       0x46 CMakeFiles/CRC_GROUND_STATION.dir/Drivers/STM32F4xx_HAL_Driver/Src/stm32f4xx_hal_rcc.c.obj
 .comment       0x00000045       0x46 CMakeFiles/CRC_GROUND_STATION.dir/Drivers/STM32F4xx_HAL_Driver/Src/stm32f4xx_hal_gpio.c.obj
 .comment       0x00000045       0x46 CMakeFiles/CRC_GROUND_STATION.dir/Drivers/STM32F4xx_HAL_Driver/Src/stm32f4xx_hal_cortex.c.obj
 .comment       0x00000045       0x46 CMakeFiles/CRC_GROUND_STATION.dir/Drivers/STM32F4xx_HAL_Driver/Src/stm32f4xx_hal.c.obj
 .comment       0x00000045       0x46 CMakeFiles/CRC_GROUND_STATION.dir/Drivers/STM32F4xx_HAL_Driver/Src/stm32f4xx_hal_spi.c.obj
 .comment       0x00000045       0x46 CMakeFiles/CRC_GROUND_STATION.dir/Drivers/STM32F4xx_HAL_Driver/Src/stm32f4xx_hal_uart.c.obj
 .comment       0x00000045       0x46 CMakeFiles/CRC_GROUND_STATION.dir/Core/Src/system_stm32f4xx.c.obj
 .comment       0x00000045       0x46 CMakeFiles/CRC_GROUND_STATION.dir/Middlewares/ST/STM32_USB_Device_Library/Core/Src/usbd_core.c.obj
 .comment       0x00000045       0x46 CMakeFiles/CRC_GROUND_STATION.dir/Middlewares/ST/STM32_USB_Device_Library/Core/Src/usbd_ctlreq.c.obj
 .comment       0x00000045       0x46 CMakeFiles/CRC_GROUND_STATION.dir/Middlewares/ST/STM32_USB_Device_Library/Core/Src/usbd_ioreq.c.obj
 .comment       0x00000045       0x46 CMakeFiles/CRC_GROUND_STATION.dir/Middlewares/ST/STM32_USB_Device_Library/Class/CDC/Src/usbd_cdc.c.obj

.debug_frame    0x00000000     0x40a0
 .debug_frame   0x00000000       0x20 /Applications/ArmGNUToolchain/14.2.rel1/arm-none-eabi/bin/../lib/gcc/arm-none-eabi/14.2.1/../../../../arm-none-eabi/lib/thumb/v7e-m+fp/hard/libc_nano.a(libc_a-memset.o)
 .debug_frame   0x00000020       0x2c /Applications/ArmGNUToolchain/14.2.rel1/arm-none-eabi/bin/../lib/gcc/arm-none-eabi/14.2.1/../../../../arm-none-eabi/lib/thumb/v7e-m+fp/hard/libc_nano.a(libc_a-init.o)
 .debug_frame   0x0000004c       0x90 CMakeFiles/CRC_GROUND_STATION.dir/Core/Src/main.c.obj
 .debug_frame   0x000000dc       0x34 CMakeFiles/CRC_GROUND_STATION.dir/Core/Src/gpio.c.obj
 .debug_frame   0x00000110       0x74 CMakeFiles/CRC_GROUND_STATION.dir/Core/Src/spi.c.obj
 .debug_frame   0x00000184      0x138 CMakeFiles/CRC_GROUND_STATION.dir/Core/Src/LoRa.c.obj
 .debug_frame   0x000002bc       0x74 CMakeFiles/CRC_GROUND_STATION.dir/Core/Src/usart.c.obj
 .debug_frame   0x00000330      0x120 CMakeFiles/CRC_GROUND_STATION.dir/Core/Src/stm32f4xx_it.c.obj
 .debug_frame   0x00000450       0x38 CMakeFiles/CRC_GROUND_STATION.dir/Core/Src/stm32f4xx_hal_msp.c.obj
 .debug_frame   0x00000488       0x2c CMakeFiles/CRC_GROUND_STATION.dir/USB_DEVICE/App/usb_device.c.obj
 .debug_frame   0x000004b4      0x160 CMakeFiles/CRC_GROUND_STATION.dir/USB_DEVICE/App/usbd_desc.c.obj
 .debug_frame   0x00000614       0xe4 CMakeFiles/CRC_GROUND_STATION.dir/USB_DEVICE/App/usbd_cdc_if.c.obj
 .debug_frame   0x000006f8      0x47c CMakeFiles/CRC_GROUND_STATION.dir/USB_DEVICE/Target/usbd_conf.c.obj
 .debug_frame   0x00000b74      0x5b8 CMakeFiles/CRC_GROUND_STATION.dir/Drivers/STM32F4xx_HAL_Driver/Src/stm32f4xx_hal_pcd.c.obj
 .debug_frame   0x0000112c       0xb0 CMakeFiles/CRC_GROUND_STATION.dir/Drivers/STM32F4xx_HAL_Driver/Src/stm32f4xx_hal_pcd_ex.c.obj
 .debug_frame   0x000011dc      0x7c0 CMakeFiles/CRC_GROUND_STATION.dir/Drivers/STM32F4xx_HAL_Driver/Src/stm32f4xx_ll_usb.c.obj
 .debug_frame   0x0000199c      0x1f4 CMakeFiles/CRC_GROUND_STATION.dir/Drivers/STM32F4xx_HAL_Driver/Src/stm32f4xx_hal_rcc.c.obj
 .debug_frame   0x00001b90      0x14c CMakeFiles/CRC_GROUND_STATION.dir/Drivers/STM32F4xx_HAL_Driver/Src/stm32f4xx_hal_gpio.c.obj
 .debug_frame   0x00001cdc      0x508 CMakeFiles/CRC_GROUND_STATION.dir/Drivers/STM32F4xx_HAL_Driver/Src/stm32f4xx_hal_cortex.c.obj
 .debug_frame   0x000021e4      0x374 CMakeFiles/CRC_GROUND_STATION.dir/Drivers/STM32F4xx_HAL_Driver/Src/stm32f4xx_hal.c.obj
 .debug_frame   0x00002558      0x828 CMakeFiles/CRC_GROUND_STATION.dir/Drivers/STM32F4xx_HAL_Driver/Src/stm32f4xx_hal_spi.c.obj
 .debug_frame   0x00002d80      0x954 CMakeFiles/CRC_GROUND_STATION.dir/Drivers/STM32F4xx_HAL_Driver/Src/stm32f4xx_hal_uart.c.obj
 .debug_frame   0x000036d4       0x58 CMakeFiles/CRC_GROUND_STATION.dir/Core/Src/system_stm32f4xx.c.obj
 .debug_frame   0x0000372c      0x390 CMakeFiles/CRC_GROUND_STATION.dir/Middlewares/ST/STM32_USB_Device_Library/Core/Src/usbd_core.c.obj
 .debug_frame   0x00003abc      0x23c CMakeFiles/CRC_GROUND_STATION.dir/Middlewares/ST/STM32_USB_Device_Library/Core/Src/usbd_ctlreq.c.obj
 .debug_frame   0x00003cf8      0x10c CMakeFiles/CRC_GROUND_STATION.dir/Middlewares/ST/STM32_USB_Device_Library/Core/Src/usbd_ioreq.c.obj
 .debug_frame   0x00003e04      0x23c CMakeFiles/CRC_GROUND_STATION.dir/Middlewares/ST/STM32_USB_Device_Library/Class/CDC/Src/usbd_cdc.c.obj
 .debug_frame   0x00004040       0x2c /Applications/ArmGNUToolchain/14.2.rel1/arm-none-eabi/bin/../lib/gcc/arm-none-eabi/14.2.1/thumb/v7e-m+fp/hard/libgcc.a(_aeabi_uldivmod.o)
 .debug_frame   0x0000406c       0x34 /Applications/ArmGNUToolchain/14.2.rel1/arm-none-eabi/bin/../lib/gcc/arm-none-eabi/14.2.1/thumb/v7e-m+fp/hard/libgcc.a(_udivmoddi4.o)

.debug_info     0x00000000    0x147a6
 .debug_info    0x00000000      0xed5 CMakeFiles/CRC_GROUND_STATION.dir/Core/Src/main.c.obj
 .debug_info    0x00000ed5      0x417 CMakeFiles/CRC_GROUND_STATION.dir/Core/Src/gpio.c.obj
 .debug_info    0x000012ec      0x980 CMakeFiles/CRC_GROUND_STATION.dir/Core/Src/spi.c.obj
 .debug_info    0x00001c6c      0x9d7 CMakeFiles/CRC_GROUND_STATION.dir/Core/Src/LoRa.c.obj
 .debug_info    0x00002643      0x94e CMakeFiles/CRC_GROUND_STATION.dir/Core/Src/usart.c.obj
 .debug_info    0x00002f91      0x627 CMakeFiles/CRC_GROUND_STATION.dir/Core/Src/stm32f4xx_it.c.obj
 .debug_info    0x000035b8      0x291 CMakeFiles/CRC_GROUND_STATION.dir/Core/Src/stm32f4xx_hal_msp.c.obj
 .debug_info    0x00003849      0x70e CMakeFiles/CRC_GROUND_STATION.dir/USB_DEVICE/App/usb_device.c.obj
 .debug_info    0x00003f57      0x458 CMakeFiles/CRC_GROUND_STATION.dir/USB_DEVICE/App/usbd_desc.c.obj
 .debug_info    0x000043af      0xf4f CMakeFiles/CRC_GROUND_STATION.dir/USB_DEVICE/App/usbd_cdc_if.c.obj
 .debug_info    0x000052fe     0x1c0d CMakeFiles/CRC_GROUND_STATION.dir/USB_DEVICE/Target/usbd_conf.c.obj
 .debug_info    0x00006f0b     0x1577 CMakeFiles/CRC_GROUND_STATION.dir/Drivers/STM32F4xx_HAL_Driver/Src/stm32f4xx_hal_pcd.c.obj
 .debug_info    0x00008482      0x6ea CMakeFiles/CRC_GROUND_STATION.dir/Drivers/STM32F4xx_HAL_Driver/Src/stm32f4xx_hal_pcd_ex.c.obj
 .debug_info    0x00008b6c     0x1993 CMakeFiles/CRC_GROUND_STATION.dir/Drivers/STM32F4xx_HAL_Driver/Src/stm32f4xx_ll_usb.c.obj
 .debug_info    0x0000a4ff      0x905 CMakeFiles/CRC_GROUND_STATION.dir/Drivers/STM32F4xx_HAL_Driver/Src/stm32f4xx_hal_rcc.c.obj
 .debug_info    0x0000ae04      0x6f9 CMakeFiles/CRC_GROUND_STATION.dir/Drivers/STM32F4xx_HAL_Driver/Src/stm32f4xx_hal_gpio.c.obj
 .debug_info    0x0000b4fd      0xcf6 CMakeFiles/CRC_GROUND_STATION.dir/Drivers/STM32F4xx_HAL_Driver/Src/stm32f4xx_hal_cortex.c.obj
 .debug_info    0x0000c1f3      0x8bb CMakeFiles/CRC_GROUND_STATION.dir/Drivers/STM32F4xx_HAL_Driver/Src/stm32f4xx_hal.c.obj
 .debug_info    0x0000caae     0x1530 CMakeFiles/CRC_GROUND_STATION.dir/Drivers/STM32F4xx_HAL_Driver/Src/stm32f4xx_hal_spi.c.obj
 .debug_info    0x0000dfde     0x2f56 CMakeFiles/CRC_GROUND_STATION.dir/Drivers/STM32F4xx_HAL_Driver/Src/stm32f4xx_hal_uart.c.obj
 .debug_info    0x00010f34      0x53e CMakeFiles/CRC_GROUND_STATION.dir/Core/Src/system_stm32f4xx.c.obj
 .debug_info    0x00011472      0xe12 CMakeFiles/CRC_GROUND_STATION.dir/Middlewares/ST/STM32_USB_Device_Library/Core/Src/usbd_core.c.obj
 .debug_info    0x00012284      0xaeb CMakeFiles/CRC_GROUND_STATION.dir/Middlewares/ST/STM32_USB_Device_Library/Core/Src/usbd_ctlreq.c.obj
 .debug_info    0x00012d6f      0x762 CMakeFiles/CRC_GROUND_STATION.dir/Middlewares/ST/STM32_USB_Device_Library/Core/Src/usbd_ioreq.c.obj
 .debug_info    0x000134d1     0x12a5 CMakeFiles/CRC_GROUND_STATION.dir/Middlewares/ST/STM32_USB_Device_Library/Class/CDC/Src/usbd_cdc.c.obj
 .debug_info    0x00014776       0x30 CMakeFiles/CRC_GROUND_STATION.dir/startup_stm32f401xe.s.obj

.debug_abbrev   0x00000000     0x3704
 .debug_abbrev  0x00000000      0x26c CMakeFiles/CRC_GROUND_STATION.dir/Core/Src/main.c.obj
 .debug_abbrev  0x0000026c      0x151 CMakeFiles/CRC_GROUND_STATION.dir/Core/Src/gpio.c.obj
 .debug_abbrev  0x000003bd      0x1f8 CMakeFiles/CRC_GROUND_STATION.dir/Core/Src/spi.c.obj
 .debug_abbrev  0x000005b5      0x1d7 CMakeFiles/CRC_GROUND_STATION.dir/Core/Src/LoRa.c.obj
 .debug_abbrev  0x0000078c      0x1f8 CMakeFiles/CRC_GROUND_STATION.dir/Core/Src/usart.c.obj
 .debug_abbrev  0x00000984      0x1a4 CMakeFiles/CRC_GROUND_STATION.dir/Core/Src/stm32f4xx_it.c.obj
 .debug_abbrev  0x00000b28       0xd8 CMakeFiles/CRC_GROUND_STATION.dir/Core/Src/stm32f4xx_hal_msp.c.obj
 .debug_abbrev  0x00000c00      0x195 CMakeFiles/CRC_GROUND_STATION.dir/USB_DEVICE/App/usb_device.c.obj
 .debug_abbrev  0x00000d95      0x1e1 CMakeFiles/CRC_GROUND_STATION.dir/USB_DEVICE/App/usbd_desc.c.obj
 .debug_abbrev  0x00000f76      0x2f5 CMakeFiles/CRC_GROUND_STATION.dir/USB_DEVICE/App/usbd_cdc_if.c.obj
 .debug_abbrev  0x0000126b      0x33f CMakeFiles/CRC_GROUND_STATION.dir/USB_DEVICE/Target/usbd_conf.c.obj
 .debug_abbrev  0x000015aa      0x2b6 CMakeFiles/CRC_GROUND_STATION.dir/Drivers/STM32F4xx_HAL_Driver/Src/stm32f4xx_hal_pcd.c.obj
 .debug_abbrev  0x00001860      0x1da CMakeFiles/CRC_GROUND_STATION.dir/Drivers/STM32F4xx_HAL_Driver/Src/stm32f4xx_hal_pcd_ex.c.obj
 .debug_abbrev  0x00001a3a      0x2b3 CMakeFiles/CRC_GROUND_STATION.dir/Drivers/STM32F4xx_HAL_Driver/Src/stm32f4xx_ll_usb.c.obj
 .debug_abbrev  0x00001ced      0x2b6 CMakeFiles/CRC_GROUND_STATION.dir/Drivers/STM32F4xx_HAL_Driver/Src/stm32f4xx_hal_rcc.c.obj
 .debug_abbrev  0x00001fa3      0x1d3 CMakeFiles/CRC_GROUND_STATION.dir/Drivers/STM32F4xx_HAL_Driver/Src/stm32f4xx_hal_gpio.c.obj
 .debug_abbrev  0x00002176      0x31d CMakeFiles/CRC_GROUND_STATION.dir/Drivers/STM32F4xx_HAL_Driver/Src/stm32f4xx_hal_cortex.c.obj
 .debug_abbrev  0x00002493      0x24b CMakeFiles/CRC_GROUND_STATION.dir/Drivers/STM32F4xx_HAL_Driver/Src/stm32f4xx_hal.c.obj
 .debug_abbrev  0x000026de      0x276 CMakeFiles/CRC_GROUND_STATION.dir/Drivers/STM32F4xx_HAL_Driver/Src/stm32f4xx_hal_spi.c.obj
 .debug_abbrev  0x00002954      0x31b CMakeFiles/CRC_GROUND_STATION.dir/Drivers/STM32F4xx_HAL_Driver/Src/stm32f4xx_hal_uart.c.obj
 .debug_abbrev  0x00002c6f      0x11a CMakeFiles/CRC_GROUND_STATION.dir/Core/Src/system_stm32f4xx.c.obj
 .debug_abbrev  0x00002d89      0x27c CMakeFiles/CRC_GROUND_STATION.dir/Middlewares/ST/STM32_USB_Device_Library/Core/Src/usbd_core.c.obj
 .debug_abbrev  0x00003005      0x26f CMakeFiles/CRC_GROUND_STATION.dir/Middlewares/ST/STM32_USB_Device_Library/Core/Src/usbd_ctlreq.c.obj
 .debug_abbrev  0x00003274      0x19a CMakeFiles/CRC_GROUND_STATION.dir/Middlewares/ST/STM32_USB_Device_Library/Core/Src/usbd_ioreq.c.obj
 .debug_abbrev  0x0000340e      0x2d2 CMakeFiles/CRC_GROUND_STATION.dir/Middlewares/ST/STM32_USB_Device_Library/Class/CDC/Src/usbd_cdc.c.obj
 .debug_abbrev  0x000036e0       0x24 CMakeFiles/CRC_GROUND_STATION.dir/startup_stm32f401xe.s.obj

.debug_aranges  0x00000000     0x1000
 .debug_aranges
                0x00000000       0x38 CMakeFiles/CRC_GROUND_STATION.dir/Core/Src/main.c.obj
 .debug_aranges
                0x00000038       0x20 CMakeFiles/CRC_GROUND_STATION.dir/Core/Src/gpio.c.obj
 .debug_aranges
                0x00000058       0x30 CMakeFiles/CRC_GROUND_STATION.dir/Core/Src/spi.c.obj
 .debug_aranges
                0x00000088       0x58 CMakeFiles/CRC_GROUND_STATION.dir/Core/Src/LoRa.c.obj
 .debug_aranges
                0x000000e0       0x30 CMakeFiles/CRC_GROUND_STATION.dir/Core/Src/usart.c.obj
 .debug_aranges
                0x00000110       0x68 CMakeFiles/CRC_GROUND_STATION.dir/Core/Src/stm32f4xx_it.c.obj
 .debug_aranges
                0x00000178       0x20 CMakeFiles/CRC_GROUND_STATION.dir/Core/Src/stm32f4xx_hal_msp.c.obj
 .debug_aranges
                0x00000198       0x20 CMakeFiles/CRC_GROUND_STATION.dir/USB_DEVICE/App/usb_device.c.obj
 .debug_aranges
                0x000001b8       0x60 CMakeFiles/CRC_GROUND_STATION.dir/USB_DEVICE/App/usbd_desc.c.obj
 .debug_aranges
                0x00000218       0x48 CMakeFiles/CRC_GROUND_STATION.dir/USB_DEVICE/App/usbd_cdc_if.c.obj
 .debug_aranges
                0x00000260      0x110 CMakeFiles/CRC_GROUND_STATION.dir/USB_DEVICE/Target/usbd_conf.c.obj
 .debug_aranges
                0x00000370      0x148 CMakeFiles/CRC_GROUND_STATION.dir/Drivers/STM32F4xx_HAL_Driver/Src/stm32f4xx_hal_pcd.c.obj
 .debug_aranges
                0x000004b8       0x38 CMakeFiles/CRC_GROUND_STATION.dir/Drivers/STM32F4xx_HAL_Driver/Src/stm32f4xx_hal_pcd_ex.c.obj
 .debug_aranges
                0x000004f0      0x1a0 CMakeFiles/CRC_GROUND_STATION.dir/Drivers/STM32F4xx_HAL_Driver/Src/stm32f4xx_ll_usb.c.obj
 .debug_aranges
                0x00000690       0x88 CMakeFiles/CRC_GROUND_STATION.dir/Drivers/STM32F4xx_HAL_Driver/Src/stm32f4xx_hal_rcc.c.obj
 .debug_aranges
                0x00000718       0x58 CMakeFiles/CRC_GROUND_STATION.dir/Drivers/STM32F4xx_HAL_Driver/Src/stm32f4xx_hal_gpio.c.obj
 .debug_aranges
                0x00000770      0x130 CMakeFiles/CRC_GROUND_STATION.dir/Drivers/STM32F4xx_HAL_Driver/Src/stm32f4xx_hal_cortex.c.obj
 .debug_aranges
                0x000008a0       0xf0 CMakeFiles/CRC_GROUND_STATION.dir/Drivers/STM32F4xx_HAL_Driver/Src/stm32f4xx_hal.c.obj
 .debug_aranges
                0x00000990      0x1d0 CMakeFiles/CRC_GROUND_STATION.dir/Drivers/STM32F4xx_HAL_Driver/Src/stm32f4xx_hal_spi.c.obj
 .debug_aranges
                0x00000b60      0x208 CMakeFiles/CRC_GROUND_STATION.dir/Drivers/STM32F4xx_HAL_Driver/Src/stm32f4xx_hal_uart.c.obj
 .debug_aranges
                0x00000d68       0x28 CMakeFiles/CRC_GROUND_STATION.dir/Core/Src/system_stm32f4xx.c.obj
 .debug_aranges
                0x00000d90       0xd8 CMakeFiles/CRC_GROUND_STATION.dir/Middlewares/ST/STM32_USB_Device_Library/Core/Src/usbd_core.c.obj
 .debug_aranges
                0x00000e68       0x90 CMakeFiles/CRC_GROUND_STATION.dir/Middlewares/ST/STM32_USB_Device_Library/Core/Src/usbd_ctlreq.c.obj
 .debug_aranges
                0x00000ef8       0x50 CMakeFiles/CRC_GROUND_STATION.dir/Middlewares/ST/STM32_USB_Device_Library/Core/Src/usbd_ioreq.c.obj
 .debug_aranges
                0x00000f48       0x90 CMakeFiles/CRC_GROUND_STATION.dir/Middlewares/ST/STM32_USB_Device_Library/Class/CDC/Src/usbd_cdc.c.obj
 .debug_aranges
                0x00000fd8       0x28 CMakeFiles/CRC_GROUND_STATION.dir/startup_stm32f401xe.s.obj

.debug_rnglists
                0x00000000      0xc14
 .debug_rnglists
                0x00000000       0x28 CMakeFiles/CRC_GROUND_STATION.dir/Core/Src/main.c.obj
 .debug_rnglists
                0x00000028       0x14 CMakeFiles/CRC_GROUND_STATION.dir/Core/Src/gpio.c.obj
 .debug_rnglists
                0x0000003c       0x20 CMakeFiles/CRC_GROUND_STATION.dir/Core/Src/spi.c.obj
 .debug_rnglists
                0x0000005c       0x40 CMakeFiles/CRC_GROUND_STATION.dir/Core/Src/LoRa.c.obj
 .debug_rnglists
                0x0000009c       0x20 CMakeFiles/CRC_GROUND_STATION.dir/Core/Src/usart.c.obj
 .debug_rnglists
                0x000000bc       0x49 CMakeFiles/CRC_GROUND_STATION.dir/Core/Src/stm32f4xx_it.c.obj
 .debug_rnglists
                0x00000105       0x13 CMakeFiles/CRC_GROUND_STATION.dir/Core/Src/stm32f4xx_hal_msp.c.obj
 .debug_rnglists
                0x00000118       0x13 CMakeFiles/CRC_GROUND_STATION.dir/USB_DEVICE/App/usb_device.c.obj
 .debug_rnglists
                0x0000012b       0x43 CMakeFiles/CRC_GROUND_STATION.dir/USB_DEVICE/App/usbd_desc.c.obj
 .debug_rnglists
                0x0000016e       0x32 CMakeFiles/CRC_GROUND_STATION.dir/USB_DEVICE/App/usbd_cdc_if.c.obj
 .debug_rnglists
                0x000001a0       0xc9 CMakeFiles/CRC_GROUND_STATION.dir/USB_DEVICE/Target/usbd_conf.c.obj
 .debug_rnglists
                0x00000269       0xfa CMakeFiles/CRC_GROUND_STATION.dir/Drivers/STM32F4xx_HAL_Driver/Src/stm32f4xx_hal_pcd.c.obj
 .debug_rnglists
                0x00000363       0x26 CMakeFiles/CRC_GROUND_STATION.dir/Drivers/STM32F4xx_HAL_Driver/Src/stm32f4xx_hal_pcd_ex.c.obj
 .debug_rnglists
                0x00000389      0x147 CMakeFiles/CRC_GROUND_STATION.dir/Drivers/STM32F4xx_HAL_Driver/Src/stm32f4xx_ll_usb.c.obj
 .debug_rnglists
                0x000004d0       0x66 CMakeFiles/CRC_GROUND_STATION.dir/Drivers/STM32F4xx_HAL_Driver/Src/stm32f4xx_hal_rcc.c.obj
 .debug_rnglists
                0x00000536       0x3f CMakeFiles/CRC_GROUND_STATION.dir/Drivers/STM32F4xx_HAL_Driver/Src/stm32f4xx_hal_gpio.c.obj
 .debug_rnglists
                0x00000575       0xe0 CMakeFiles/CRC_GROUND_STATION.dir/Drivers/STM32F4xx_HAL_Driver/Src/stm32f4xx_hal_cortex.c.obj
 .debug_rnglists
                0x00000655       0xaf CMakeFiles/CRC_GROUND_STATION.dir/Drivers/STM32F4xx_HAL_Driver/Src/stm32f4xx_hal.c.obj
 .debug_rnglists
                0x00000704      0x16f CMakeFiles/CRC_GROUND_STATION.dir/Drivers/STM32F4xx_HAL_Driver/Src/stm32f4xx_hal_spi.c.obj
 .debug_rnglists
                0x00000873      0x1bc CMakeFiles/CRC_GROUND_STATION.dir/Drivers/STM32F4xx_HAL_Driver/Src/stm32f4xx_hal_uart.c.obj
 .debug_rnglists
                0x00000a2f       0x1a CMakeFiles/CRC_GROUND_STATION.dir/Core/Src/system_stm32f4xx.c.obj
 .debug_rnglists
                0x00000a49       0xa1 CMakeFiles/CRC_GROUND_STATION.dir/Middlewares/ST/STM32_USB_Device_Library/Core/Src/usbd_core.c.obj
 .debug_rnglists
                0x00000aea       0x6e CMakeFiles/CRC_GROUND_STATION.dir/Middlewares/ST/STM32_USB_Device_Library/Core/Src/usbd_ctlreq.c.obj
 .debug_rnglists
                0x00000b58       0x37 CMakeFiles/CRC_GROUND_STATION.dir/Middlewares/ST/STM32_USB_Device_Library/Core/Src/usbd_ioreq.c.obj
 .debug_rnglists
                0x00000b8f       0x6c CMakeFiles/CRC_GROUND_STATION.dir/Middlewares/ST/STM32_USB_Device_Library/Class/CDC/Src/usbd_cdc.c.obj
 .debug_rnglists
                0x00000bfb       0x19 CMakeFiles/CRC_GROUND_STATION.dir/startup_stm32f401xe.s.obj

.debug_macro    0x00000000    0x18fd8
 .debug_macro   0x00000000      0x378 CMakeFiles/CRC_GROUND_STATION.dir/Core/Src/main.c.obj
 .debug_macro   0x00000378      0xad8 CMakeFiles/CRC_GROUND_STATION.dir/Core/Src/main.c.obj
 .debug_macro   0x00000e50      0x2a1 CMakeFiles/CRC_GROUND_STATION.dir/Core/Src/main.c.obj
 .debug_macro   0x000010f1       0x2e CMakeFiles/CRC_GROUND_STATION.dir/Core/Src/main.c.obj
 .debug_macro   0x0000111f       0x28 CMakeFiles/CRC_GROUND_STATION.dir/Core/Src/main.c.obj
 .debug_macro   0x00001147       0x22 CMakeFiles/CRC_GROUND_STATION.dir/Core/Src/main.c.obj
 .debug_macro   0x00001169       0x8e CMakeFiles/CRC_GROUND_STATION.dir/Core/Src/main.c.obj
 .debug_macro   0x000011f7       0x51 CMakeFiles/CRC_GROUND_STATION.dir/Core/Src/main.c.obj
 .debug_macro   0x00001248      0x103 CMakeFiles/CRC_GROUND_STATION.dir/Core/Src/main.c.obj
 .debug_macro   0x0000134b       0x6a CMakeFiles/CRC_GROUND_STATION.dir/Core/Src/main.c.obj
 .debug_macro   0x000013b5      0x1df CMakeFiles/CRC_GROUND_STATION.dir/Core/Src/main.c.obj
 .debug_macro   0x00001594       0x1c CMakeFiles/CRC_GROUND_STATION.dir/Core/Src/main.c.obj
 .debug_macro   0x000015b0       0x22 CMakeFiles/CRC_GROUND_STATION.dir/Core/Src/main.c.obj
 .debug_macro   0x000015d2       0xfb CMakeFiles/CRC_GROUND_STATION.dir/Core/Src/main.c.obj
 .debug_macro   0x000016cd     0x1011 CMakeFiles/CRC_GROUND_STATION.dir/Core/Src/main.c.obj
 .debug_macro   0x000026de      0x11f CMakeFiles/CRC_GROUND_STATION.dir/Core/Src/main.c.obj
 .debug_macro   0x000027fd     0xb881 CMakeFiles/CRC_GROUND_STATION.dir/Core/Src/main.c.obj
 .debug_macro   0x0000e07e       0x6d CMakeFiles/CRC_GROUND_STATION.dir/Core/Src/main.c.obj
 .debug_macro   0x0000e0eb     0x3693 CMakeFiles/CRC_GROUND_STATION.dir/Core/Src/main.c.obj
 .debug_macro   0x0001177e      0x190 CMakeFiles/CRC_GROUND_STATION.dir/Core/Src/main.c.obj
 .debug_macro   0x0001190e       0x5c CMakeFiles/CRC_GROUND_STATION.dir/Core/Src/main.c.obj
 .debug_macro   0x0001196a      0x416 CMakeFiles/CRC_GROUND_STATION.dir/Core/Src/main.c.obj
 .debug_macro   0x00011d80      0x9e9 CMakeFiles/CRC_GROUND_STATION.dir/Core/Src/main.c.obj
 .debug_macro   0x00012769      0x115 CMakeFiles/CRC_GROUND_STATION.dir/Core/Src/main.c.obj
 .debug_macro   0x0001287e       0xf8 CMakeFiles/CRC_GROUND_STATION.dir/Core/Src/main.c.obj
 .debug_macro   0x00012976       0xa5 CMakeFiles/CRC_GROUND_STATION.dir/Core/Src/main.c.obj
 .debug_macro   0x00012a1b      0x15f CMakeFiles/CRC_GROUND_STATION.dir/Core/Src/main.c.obj
 .debug_macro   0x00012b7a      0x287 CMakeFiles/CRC_GROUND_STATION.dir/Core/Src/main.c.obj
 .debug_macro   0x00012e01       0x5f CMakeFiles/CRC_GROUND_STATION.dir/Core/Src/main.c.obj
 .debug_macro   0x00012e60      0x236 CMakeFiles/CRC_GROUND_STATION.dir/Core/Src/main.c.obj
 .debug_macro   0x00013096      0x132 CMakeFiles/CRC_GROUND_STATION.dir/Core/Src/main.c.obj
 .debug_macro   0x000131c8      0x264 CMakeFiles/CRC_GROUND_STATION.dir/Core/Src/main.c.obj
 .debug_macro   0x0001342c       0x2e CMakeFiles/CRC_GROUND_STATION.dir/Core/Src/main.c.obj
 .debug_macro   0x0001345a      0x127 CMakeFiles/CRC_GROUND_STATION.dir/Core/Src/main.c.obj
 .debug_macro   0x00013581       0x85 CMakeFiles/CRC_GROUND_STATION.dir/Core/Src/main.c.obj
 .debug_macro   0x00013606       0x89 CMakeFiles/CRC_GROUND_STATION.dir/Core/Src/main.c.obj