Archive member included to satisfy reference by file (symbol)

/Applications/ArmGNUToolchain/14.2.rel1/arm-none-eabi/bin/../lib/gcc/arm-none-eabi/14.2.1/../../../../arm-none-eabi/lib/thumb/v7e-m+fp/hard/libc_nano.a(libc_a-exit.o)
                              /Applications/ArmGNUToolchain/14.2.rel1/arm-none-eabi/bin/../lib/gcc/arm-none-eabi/14.2.1/../../../../arm-none-eabi/lib/thumb/v7e-m+fp/hard/crt0.o (exit)
/Applications/ArmGNUToolchain/14.2.rel1/arm-none-eabi/bin/../lib/gcc/arm-none-eabi/14.2.1/../../../../arm-none-eabi/lib/thumb/v7e-m+fp/hard/libc_nano.a(libc_a-findfp.o)
                              /Applications/ArmGNUToolchain/14.2.rel1/arm-none-eabi/bin/../lib/gcc/arm-none-eabi/14.2.1/../../../../arm-none-eabi/lib/thumb/v7e-m+fp/hard/libc_nano.a(libc_a-exit.o) (__stdio_exit_handler)
/Applications/ArmGNUToolchain/14.2.rel1/arm-none-eabi/bin/../lib/gcc/arm-none-eabi/14.2.1/../../../../arm-none-eabi/lib/thumb/v7e-m+fp/hard/libc_nano.a(libc_a-fwalk.o)
                              /Applications/ArmGNUToolchain/14.2.rel1/arm-none-eabi/bin/../lib/gcc/arm-none-eabi/14.2.1/../../../../arm-none-eabi/lib/thumb/v7e-m+fp/hard/libc_nano.a(libc_a-findfp.o) (_fwalk_sglue)
/Applications/ArmGNUToolchain/14.2.rel1/arm-none-eabi/bin/../lib/gcc/arm-none-eabi/14.2.1/../../../../arm-none-eabi/lib/thumb/v7e-m+fp/hard/libc_nano.a(libc_a-memset.o)
                              /Applications/ArmGNUToolchain/14.2.rel1/arm-none-eabi/bin/../lib/gcc/arm-none-eabi/14.2.1/../../../../arm-none-eabi/lib/thumb/v7e-m+fp/hard/crt0.o (memset)
/Applications/ArmGNUToolchain/14.2.rel1/arm-none-eabi/bin/../lib/gcc/arm-none-eabi/14.2.1/../../../../arm-none-eabi/lib/thumb/v7e-m+fp/hard/libc_nano.a(libc_a-init.o)
                              /Applications/ArmGNUToolchain/14.2.rel1/arm-none-eabi/bin/../lib/gcc/arm-none-eabi/14.2.1/../../../../arm-none-eabi/lib/thumb/v7e-m+fp/hard/crt0.o (__libc_init_array)
/Applications/ArmGNUToolchain/14.2.rel1/arm-none-eabi/bin/../lib/gcc/arm-none-eabi/14.2.1/../../../../arm-none-eabi/lib/thumb/v7e-m+fp/hard/libc_nano.a(libc_a-lock.o)
                              /Applications/ArmGNUToolchain/14.2.rel1/arm-none-eabi/bin/../lib/gcc/arm-none-eabi/14.2.1/../../../../arm-none-eabi/lib/thumb/v7e-m+fp/hard/libc_nano.a(libc_a-findfp.o) (__retarget_lock_init_recursive)
/Applications/ArmGNUToolchain/14.2.rel1/arm-none-eabi/bin/../lib/gcc/arm-none-eabi/14.2.1/../../../../arm-none-eabi/lib/thumb/v7e-m+fp/hard/libc_nano.a(libc_a-impure.o)
                              /Applications/ArmGNUToolchain/14.2.rel1/arm-none-eabi/bin/../lib/gcc/arm-none-eabi/14.2.1/../../../../arm-none-eabi/lib/thumb/v7e-m+fp/hard/libc_nano.a(libc_a-findfp.o) (_impure_data)
/Applications/ArmGNUToolchain/14.2.rel1/arm-none-eabi/bin/../lib/gcc/arm-none-eabi/14.2.1/../../../../arm-none-eabi/lib/thumb/v7e-m+fp/hard/libc_nano.a(libc_a-mallocr.o)
                              /Applications/ArmGNUToolchain/14.2.rel1/arm-none-eabi/bin/../lib/gcc/arm-none-eabi/14.2.1/../../../../arm-none-eabi/lib/thumb/v7e-m+fp/hard/libc_nano.a(libc_a-findfp.o) (_malloc_r)
/Applications/ArmGNUToolchain/14.2.rel1/arm-none-eabi/bin/../lib/gcc/arm-none-eabi/14.2.1/../../../../arm-none-eabi/lib/thumb/v7e-m+fp/hard/libc_nano.a(libc_a-fflush.o)
                              /Applications/ArmGNUToolchain/14.2.rel1/arm-none-eabi/bin/../lib/gcc/arm-none-eabi/14.2.1/../../../../arm-none-eabi/lib/thumb/v7e-m+fp/hard/libc_nano.a(libc_a-findfp.o) (_fflush_r)
/Applications/ArmGNUToolchain/14.2.rel1/arm-none-eabi/bin/../lib/gcc/arm-none-eabi/14.2.1/../../../../arm-none-eabi/lib/thumb/v7e-m+fp/hard/libc_nano.a(libc_a-mlock.o)
                              /Applications/ArmGNUToolchain/14.2.rel1/arm-none-eabi/bin/../lib/gcc/arm-none-eabi/14.2.1/../../../../arm-none-eabi/lib/thumb/v7e-m+fp/hard/libc_nano.a(libc_a-mallocr.o) (__malloc_lock)
/Applications/ArmGNUToolchain/14.2.rel1/arm-none-eabi/bin/../lib/gcc/arm-none-eabi/14.2.1/../../../../arm-none-eabi/lib/thumb/v7e-m+fp/hard/libc_nano.a(libc_a-stdio.o)
                              /Applications/ArmGNUToolchain/14.2.rel1/arm-none-eabi/bin/../lib/gcc/arm-none-eabi/14.2.1/../../../../arm-none-eabi/lib/thumb/v7e-m+fp/hard/libc_nano.a(libc_a-findfp.o) (__sread)
/Applications/ArmGNUToolchain/14.2.rel1/arm-none-eabi/bin/../lib/gcc/arm-none-eabi/14.2.1/../../../../arm-none-eabi/lib/thumb/v7e-m+fp/hard/libc_nano.a(libc_a-lseekr.o)
                              /Applications/ArmGNUToolchain/14.2.rel1/arm-none-eabi/bin/../lib/gcc/arm-none-eabi/14.2.1/../../../../arm-none-eabi/lib/thumb/v7e-m+fp/hard/libc_nano.a(libc_a-stdio.o) (_lseek_r)
/Applications/ArmGNUToolchain/14.2.rel1/arm-none-eabi/bin/../lib/gcc/arm-none-eabi/14.2.1/../../../../arm-none-eabi/lib/thumb/v7e-m+fp/hard/libc_nano.a(libc_a-readr.o)
                              /Applications/ArmGNUToolchain/14.2.rel1/arm-none-eabi/bin/../lib/gcc/arm-none-eabi/14.2.1/../../../../arm-none-eabi/lib/thumb/v7e-m+fp/hard/libc_nano.a(libc_a-stdio.o) (_read_r)
[...]
Memory Configuration

Name             Origin             Length             Attributes
RAM              0x20000000         0x00018000         xrw
FLASH            0x08000000         0x00080000         xr
*default*        0x00000000         0xffffffff

Linker script and memory map

LOAD /Applications/ArmGNUToolchain/14.2.rel1/arm-none-eabi/bin/../lib/gcc/arm-none-eabi/14.2.1/thumb/v7e-m+fp/hard/crti.o
LOAD /Applications/ArmGNUToolchain/14.2.rel1/arm-none-eabi/bin/../lib/gcc/arm-none-eabi/14.2.1/thumb/v7e-m+fp/hard/crtbegin.o
LOAD /Applications/ArmGNUToolchain/14.2.rel1/arm-none-eabi/bin/../lib/gcc/arm-none-eabi/14.2.1/../../../../arm-none-eabi/lib/thumb/v7e-m+fp/hard/crt0.o
START GROUP
LOAD /Applications/ArmGNUToolchain/14.2.rel1/arm-none-eabi/bin/../lib/gcc/arm-none-eabi/14.2.1/../../../../arm-none-eabi/lib/thumb/v7e-m+fp/hard/libc_nano.a
LOAD /Applications/ArmGNUToolchain/14.2.rel1/arm-none-eabi/bin/../lib/gcc/arm-none-eabi/14.2.1/../../../../arm-none-eabi/lib/thumb/v7e-m+fp/hard/libm.a
END GROUP
LOAD CMakeFiles/CRC_GROUND_STATION.dir/Core/Src/main.c.obj
LOAD CMakeFiles/CRC_GROUND_STATION.dir/Core/Src/gpio.c.obj
LOAD CMakeFiles/CRC_GROUND_STATION.dir/Core/Src/spi.c.obj
LOAD CMakeFiles/CRC_GROUND_STATION.dir/Core/Src/LoRa.c.obj
LOAD CMakeFiles/CRC_GROUND_STATION.dir/Core/Src/usart.c.obj
LOAD CMakeFiles/CRC_GROUND_STATION.dir/Core/Src/stm32f4xx_it.c.obj
LOAD CMakeFiles/CRC_GROUND_STATION.dir/Core/Src/stm32f4xx_hal_msp.c.obj
LOAD CMakeFiles/CRC_GROUND_STATION.dir/USB_DEVICE/App/usb_device.c.obj
LOAD CMakeFiles/CRC_GROUND_STATION.dir/USB_DEVICE/App/usbd_desc.c.obj
LOAD CMakeFiles/CRC_GROUND_STATION.dir/USB_DEVICE/App/usbd_cdc_if.c.obj
LOAD CMakeFiles/CRC_GROUND_STATION.dir/USB_DEVICE/Target/usbd_conf.c.obj
LOAD CMakeFiles/CRC_GROUND_STATION.dir/Drivers/STM32F4xx_HAL_Driver/Src/stm32f4xx_hal_pcd.c.obj
LOAD CMakeFiles/CRC_GROUND_STATION.dir/Drivers/STM32F4xx_HAL_Driver/Src/stm32f4xx_hal_pcd_ex.c.obj
LOAD CMakeFiles/CRC_GROUND_STATION.dir/Drivers/STM32F4xx_HAL_Driver/Src/stm32f4xx_ll_usb.c.obj
LOAD CMakeFiles/CRC_GROUND_STATION.dir/Drivers/STM32F4xx_HAL_Driver/Src/stm32f4xx_hal_rcc.c.obj
LOAD CMakeFiles/CRC_GROUND_STATION.dir/Drivers/STM32F4xx_HAL_Driver/Src/stm32f4xx_hal_rcc_ex.c.obj
LOAD CMakeFiles/CRC_GROUND_STATION.dir/Drivers/STM32F4xx_HAL_Driver/Src/stm32f4xx_hal_flash.c.obj
LOAD CMakeFiles/CRC_GROUND_STATION.dir/Drivers/STM32F4xx_HAL_Driver/Src/stm32f4xx_hal_flash_ex.c.obj
LOAD CMakeFiles/CRC_GROUND_STATION.dir/Drivers/STM32F4xx_HAL_Driver/Src/stm32f4xx_hal_flash_ramfunc.c.obj
LOAD CMakeFiles/CRC_GROUND_STATION.dir/Drivers/STM32F4xx_HAL_Driver/Src/stm32f4xx_hal_gpio.c.obj
LOAD CMakeFiles/CRC_GROUND_STATION.dir/Drivers/STM32F4xx_HAL_Driver/Src/stm32f4xx_hal_dma_ex.c.obj
LOAD CMakeFiles/CRC_GROUND_STATION.dir/Drivers/STM32F4xx_HAL_Driver/Src/stm32f4xx_hal_dma.c.obj
LOAD CMakeFiles/CRC_GROUND_STATION.dir/Drivers/STM32F4xx_HAL_Driver/Src/stm32f4xx_hal_pwr.c.obj
LOAD CMakeFiles/CRC_GROUND_STATION.dir/Drivers/STM32F4xx_HAL_Driver/Src/stm32f4xx_hal_pwr_ex.c.obj
LOAD CMakeFiles/CRC_GROUND_STATION.dir/Drivers/STM32F4xx_HAL_Driver/Src/stm32f4xx_hal_cortex.c.obj
LOAD CMakeFiles/CRC_GROUND_STATION.dir/Drivers/STM32F4xx_HAL_Driver/Src/stm32f4xx_hal.c.obj
LOAD CMakeFiles/CRC_GROUND_STATION.dir/Drivers/STM32F4xx_HAL_Driver/Src/stm32f4xx_hal_exti.c.obj
LOAD CMakeFiles/CRC_GROUND_STATION.dir/Drivers/STM32F4xx_HAL_Driver/Src/stm32f4xx_hal_spi.c.obj
LOAD CMakeFiles/CRC_GROUND_STATION.dir/Drivers/STM32F4xx_HAL_Driver/Src/stm32f4xx_hal_uart.c.obj
LOAD CMakeFiles/CRC_GROUND_STATION.dir/Core/Src/system_stm32f4xx.c.obj
LOAD CMakeFiles/CRC_GROUND_STATION.dir/Middlewares/ST/STM32_USB_Device_Library/Core/Src/usbd_core.c.obj
LOAD CMakeFiles/CRC_GROUND_STATION.dir/Middlewares/ST/STM32_USB_Device_Library/Core/Src/usbd_ctlreq.c.obj
LOAD CMakeFiles/CRC_GROUND_STATION.dir/Middlewares/ST/STM32_USB_Device_Library/Core/Src/usbd_ioreq.c.obj
LOAD CMakeFiles/CRC_GROUND_STATION.dir/Middlewares/ST/STM32_USB_Device_Library/Class/CDC/Src/usbd_cdc.c.obj
LOAD CMakeFiles/CRC_GROUND_STATION.dir/Core/Src/sysmem.c.obj
LOAD CMakeFiles/CRC_GROUND_STATION.dir/Core/Src/syscalls.c.obj
LOAD CMakeFiles/CRC_GROUND_STATION.dir/startup_stm32f401xe.s.obj
START GROUP
LOAD /Applications/ArmGNUToolchain/14.2.rel1/arm-none-eabi/bin/../lib/gcc/arm-none-eabi/14.2.1/thumb/v7e-m+fp/hard/libgcc.a
LOAD /Applications/ArmGNUToolchain/14.2.rel1/arm-none-eabi/bin/../lib/gcc/arm-none-eabi/14.2.1/../../../../arm-none-eabi/lib/thumb/v7e-m+fp/hard/libg_nano.a
LOAD /Applications/ArmGNUToolchain/14.2.rel1/arm-none-eabi/bin/../lib/gcc/arm-none-eabi/14.2.1/../../../../arm-none-eabi/lib/thumb/v7e-m+fp/hard/libc_nano.a
END GROUP
START GROUP
LOAD /Applications/ArmGNUToolchain/14.2.rel1/arm-none-eabi/bin/../lib/gcc/arm-none-eabi/14.2.1/thumb/v7e-m+fp/hard/libgcc.a
LOAD /Applications/ArmGNUToolchain/14.2.rel1/arm-none-eabi/bin/../lib/gcc/arm-none-eabi/14.2.1/../../../../arm-none-eabi/lib/thumb/v7e-m+fp/hard/libc_nano.a
END GROUP
LOAD /Applications/ArmGNUToolchain/14.2.rel1/arm-none-eabi/bin/../lib/gcc/arm-none-eabi/14.2.1/thumb/v7e-m+fp/hard/crtend.o
LOAD /Applications/ArmGNUToolchain/14.2.rel1/arm-none-eabi/bin/../lib/gcc/arm-none-eabi/14.2.1/thumb/v7e-m+fp/hard/crtn.o
                0x20018000                        _estack = (ORIGIN (RAM) + LENGTH (RAM))
                0x00000200                        _Min_Heap_Size = 0x200
                0x00000400                        _Min_Stack_Size = 0x400

.isr_vector     0x08000000      0x194
                0x08000000                        . = ALIGN (0x4)
 *(.isr_vector)
 .isr_vector    0x08000000      0x194 CMakeFiles/CRC_GROUND_STATION.dir/startup_stm32f401xe.s.obj
                0x08000000                g_pfnVectors
                0x08000194                        . = ALIGN (0x4)

.text           0x08000194     0x84bc
                0x08000194                        . = ALIGN (0x4)
 *(.text)
 .text          0x08000194       0x30 /Applications/ArmGNUToolchain/14.2.rel1/arm-none-eabi/bin/../lib/gcc/arm-none-eabi/14.2.1/thumb/v7e-m+fp/hard/libgcc.a(_aeabi_uldivmod.o)
                0x08000194                __aeabi_uldivmod
 .text          0x080001c4        0x4 /Applications/ArmGNUToolchain/14.2.rel1/arm-none-eabi/bin/../lib/gcc/arm-none-eabi/14.2.1/thumb/v7e-m+fp/hard/libgcc.a(_dvmd_tls.o)
                0x080001c4                __aeabi_ldiv0
                0x080001c4                __aeabi_idiv0
 *(.text*)
 .text.deregister_tm_clones
                0x080001c8       0x1c /Applications/ArmGNUToolchain/14.2.rel1/arm-none-eabi/bin/../lib/gcc/arm-none-eabi/14.2.1/thumb/v7e-m+fp/hard/crtbegin.o
 .text.register_tm_clones
                0x080001e4       0x24 /Applications/ArmGNUToolchain/14.2.rel1/arm-none-eabi/bin/../lib/gcc/arm-none-eabi/14.2.1/thumb/v7e-m+fp/hard/crtbegin.o
 .text.__do_global_dtors_aux
                0x08000208       0x28 /Applications/ArmGNUToolchain/14.2.rel1/arm-none-eabi/bin/../lib/gcc/arm-none-eabi/14.2.1/thumb/v7e-m+fp/hard/crtbegin.o
 .text.frame_dummy
                0x08000230       0x24 /Applications/ArmGNUToolchain/14.2.rel1/arm-none-eabi/bin/../lib/gcc/arm-none-eabi/14.2.1/thumb/v7e-m+fp/hard/crtbegin.o
 .text.memset   0x08000254       0x10 /Applications/ArmGNUToolchain/14.2.rel1/arm-none-eabi/bin/../lib/gcc/arm-none-eabi/14.2.1/../../../../arm-none-eabi/lib/thumb/v7e-m+fp/hard/libc_nano.a(libc_a-memset.o)
                0x08000254                memset
 .text.__libc_init_array
                0x08000264       0x48 /Applications/ArmGNUToolchain/14.2.rel1/arm-none-eabi/bin/../lib/gcc/arm-none-eabi/14.2.1/../../../../arm-none-eabi/lib/thumb/v7e-m+fp/hard/libc_nano.a(libc_a-init.o)
                0x08000264                __libc_init_array
 .text.main     0x080002ac       0xc8 CMakeFiles/CRC_GROUND_STATION.dir/Core/Src/main.c.obj
                0x080002ac                main
 .text.SystemClock_Config
                0x08000374       0xdc CMakeFiles/CRC_GROUND_STATION.dir/Core/Src/main.c.obj
                0x08000374                SystemClock_Config
 .text.Error_Handler
                0x08000450        0xc CMakeFiles/CRC_GROUND_STATION.dir/Core/Src/main.c.obj
                0x08000450                Error_Handler
 .text.MX_GPIO_Init
                0x0800045c       0xd4 CMakeFiles/CRC_GROUND_STATION.dir/Core/Src/gpio.c.obj
                0x0800045c                MX_GPIO_Init
 .text.MX_SPI1_Init
                0x08000530       0x6c CMakeFiles/CRC_GROUND_STATION.dir/Core/Src/spi.c.obj
                0x08000530                MX_SPI1_Init
 .text.HAL_SPI_MspInit
                0x0800059c       0x90 CMakeFiles/CRC_GROUND_STATION.dir/Core/Src/spi.c.obj
                0x0800059c                HAL_SPI_MspInit
 .text.LoRa_WriteRegister
                0x0800062c       0x58 CMakeFiles/CRC_GROUND_STATION.dir/Core/Src/LoRa.c.obj
                0x0800062c                LoRa_WriteRegister
 .text.LoRa_ReadRegister
                0x08000684       0x68 CMakeFiles/CRC_GROUND_STATION.dir/Core/Src/LoRa.c.obj
                0x08000684                LoRa_ReadRegister
 .text.LoRa_Reset
                0x080006ec       0x46 CMakeFiles/CRC_GROUND_STATION.dir/Core/Src/LoRa.c.obj
                0x080006ec                LoRa_Reset
 *fill*         0x08000732        0x2 
 .text.LoRa_Init
                0x08000734       0x78 CMakeFiles/CRC_GROUND_STATION.dir/Core/Src/LoRa.c.obj
                0x08000734                LoRa_Init
 .text.LoRa_SetFrequency
                0x080007ac       0x84 CMakeFiles/CRC_GROUND_STATION.dir/Core/Src/LoRa.c.obj
                0x080007ac                LoRa_SetFrequency
 .text.LoRa_ReceiveContinuous
                0x08000830       0x1a CMakeFiles/CRC_GROUND_STATION.dir/Core/Src/LoRa.c.obj
                0x08000830                LoRa_ReceiveContinuous
 .text.LoRa_ReceivePacket
                0x0800084a       0x8e CMakeFiles/CRC_GROUND_STATION.dir/Core/Src/LoRa.c.obj
                0x0800084a                LoRa_ReceivePacket
 .text.LoRa_Send
                0x080008d8       0x84 CMakeFiles/CRC_GROUND_STATION.dir/Core/Src/LoRa.c.obj
                0x080008d8                LoRa_Send
 .text.MX_USART1_UART_Init
                0x0800095c       0x54 CMakeFiles/CRC_GROUND_STATION.dir/Core/Src/usart.c.obj
                0x0800095c                MX_USART1_UART_Init
 .text.HAL_UART_MspInit
                0x080009b0       0x90 CMakeFiles/CRC_GROUND_STATION.dir/Core/Src/usart.c.obj
                0x080009b0                HAL_UART_MspInit
 .text.NMI_Handler
                0x08000a40        0x8 CMakeFiles/CRC_GROUND_STATION.dir/Core/Src/stm32f4xx_it.c.obj
                0x08000a40                NMI_Handler
 .text.HardFault_Handler
                0x08000a48        0x8 CMakeFiles/CRC_GROUND_STATION.dir/Core/Src/stm32f4xx_it.c.obj
                0x08000a48                HardFault_Handler
 .text.MemManage_Handler
                0x08000a50        0x8 CMakeFiles/CRC_GROUND_STATION.dir/Core/Src/stm32f4xx_it.c.obj
                0x08000a50                MemManage_Handler
 .text.BusFault_Handler
                0x08000a58        0x8 CMakeFiles/CRC_GROUND_STATION.dir/Core/Src/stm32f4xx_it.c.obj
                0x08000a58                BusFault_Handler
 .text.UsageFault_Handler
                0x08000a60        0x8 CMakeFiles/CRC_GROUND_STATION.dir/Core/Src/stm32f4xx_it.c.obj
                0x08000a60                UsageFault_Handler
 .text.SVC_Handler
                0x08000a68        0xe CMakeFiles/CRC_GROUND_STATION.dir/Core/Src/stm32f4xx_it.c.obj
                0x08000a68                SVC_Handler
 .text.DebugMon_Handler
                0x08000a76        0xe CMakeFiles/CRC_GROUND_STATION.dir/Core/Src/stm32f4xx_it.c.obj
                0x08000a76                DebugMon_Handler
 .text.PendSV_Handler
                0x08000a84        0xe CMakeFiles/CRC_GROUND_STATION.dir/Core/Src/stm32f4xx_it.c.obj
                0x08000a84                PendSV_Handler
 .text.SysTick_Handler
                0x08000a92        0xc CMakeFiles/CRC_GROUND_STATION.dir/Core/Src/stm32f4xx_it.c.obj
                0x08000a92                SysTick_Handler
 *fill*         0x08000a9e        0x2 
 .text.OTG_FS_IRQHandler
                0x08000aa0       0x14 CMakeFiles/CRC_GROUND_STATION.dir/Core/Src/stm32f4xx_it.c.obj
                0x08000aa0                OTG_FS_IRQHandler
 .text.HAL_MspInit
                0x08000ab4       0x50 CMakeFiles/CRC_GROUND_STATION.dir/Core/Src/stm32f4xx_hal_msp.c.obj
                0x08000ab4                HAL_MspInit
 .text.MX_USB_DEVICE_Init
                0x08000b04       0x60 CMakeFiles/CRC_GROUND_STATION.dir/USB_DEVICE/App/usb_device.c.obj
                0x08000b04                MX_USB_DEVICE_Init
 .text.USBD_FS_DeviceDescriptor
                0x08000b64       0x24 CMakeFiles/CRC_GROUND_STATION.dir/USB_DEVICE/App/usbd_desc.c.obj
                0x08000b64                USBD_FS_DeviceDescriptor
 .text.USBD_FS_LangIDStrDescriptor
                0x08000b88       0x24 CMakeFiles/CRC_GROUND_STATION.dir/USB_DEVICE/App/usbd_desc.c.obj
                0x08000b88                USBD_FS_LangIDStrDescriptor
 .text.USBD_FS_ProductStrDescriptor
                0x08000bac       0x3c CMakeFiles/CRC_GROUND_STATION.dir/USB_DEVICE/App/usbd_desc.c.obj
                0x08000bac                USBD_FS_ProductStrDescriptor
 .text.USBD_FS_ManufacturerStrDescriptor
                0x08000be8       0x28 CMakeFiles/CRC_GROUND_STATION.dir/USB_DEVICE/App/usbd_desc.c.obj
                0x08000be8                USBD_FS_ManufacturerStrDescriptor
 .text.USBD_FS_SerialStrDescriptor
                0x08000c10       0x24 CMakeFiles/CRC_GROUND_STATION.dir/USB_DEVICE/App/usbd_desc.c.obj
                0x08000c10                USBD_FS_SerialStrDescriptor
 .text.USBD_FS_ConfigStrDescriptor
                0x08000c34       0x3c CMakeFiles/CRC_GROUND_STATION.dir/USB_DEVICE/App/usbd_desc.c.obj
                0x08000c34                USBD_FS_ConfigStrDescriptor
 .text.USBD_FS_InterfaceStrDescriptor
                0x08000c70       0x3c CMakeFiles/CRC_GROUND_STATION.dir/USB_DEVICE/App/usbd_desc.c.obj
                0x08000c70                USBD_FS_InterfaceStrDescriptor
 .text.Get_SerialNum
                0x08000cac       0x58 CMakeFiles/CRC_GROUND_STATION.dir/USB_DEVICE/App/usbd_desc.c.obj
 .text.IntToUnicode
                0x08000d04       0x7e CMakeFiles/CRC_GROUND_STATION.dir/USB_DEVICE/App/usbd_desc.c.obj
 *fill*         0x08000d82        0x2 
 .text.CDC_Init_FS
                0x08000d84       0x28 CMakeFiles/CRC_GROUND_STATION.dir/USB_DEVICE/App/usbd_cdc_if.c.obj
 .text.CDC_DeInit_FS
                0x08000dac       0x10 CMakeFiles/CRC_GROUND_STATION.dir/USB_DEVICE/App/usbd_cdc_if.c.obj
 .text.CDC_Control_FS
                0x08000dbc       0xbc CMakeFiles/CRC_GROUND_STATION.dir/USB_DEVICE/App/usbd_cdc_if.c.obj
 .text.CDC_Receive_FS
                0x08000e78       0x20 CMakeFiles/CRC_GROUND_STATION.dir/USB_DEVICE/App/usbd_cdc_if.c.obj
 .text.CDC_TransmitCplt_FS
                0x08000e98       0x22 CMakeFiles/CRC_GROUND_STATION.dir/USB_DEVICE/App/usbd_cdc_if.c.obj
 *fill*         0x08000eba        0x2 
 .text.HAL_PCD_MspInit
                0x08000ebc       0xa8 CMakeFiles/CRC_GROUND_STATION.dir/USB_DEVICE/Target/usbd_conf.c.obj
                0x08000ebc                HAL_PCD_MspInit
 .text.HAL_PCD_SetupStageCallback
                0x08000f64       0x24 CMakeFiles/CRC_GROUND_STATION.dir/USB_DEVICE/Target/usbd_conf.c.obj
                0x08000f64                HAL_PCD_SetupStageCallback
 .text.HAL_PCD_DataOutStageCallback
                0x08000f88       0x36 CMakeFiles/CRC_GROUND_STATION.dir/USB_DEVICE/Target/usbd_conf.c.obj
                0x08000f88                HAL_PCD_DataOutStageCallback
 .text.HAL_PCD_DataInStageCallback
                0x08000fbe       0x34 CMakeFiles/CRC_GROUND_STATION.dir/USB_DEVICE/Target/usbd_conf.c.obj
                0x08000fbe                HAL_PCD_DataInStageCallback
 .text.HAL_PCD_SOFCallback
                0x08000ff2       0x1c CMakeFiles/CRC_GROUND_STATION.dir/USB_DEVICE/Target/usbd_conf.c.obj
                0x08000ff2                HAL_PCD_SOFCallback
 .text.HAL_PCD_ResetCallback
                0x0800100e       0x50 CMakeFiles/CRC_GROUND_STATION.dir/USB_DEVICE/Target/usbd_conf.c.obj
                0x0800100e                HAL_PCD_ResetCallback
 *fill*         0x0800105e        0x2 
 .text.HAL_PCD_SuspendCallback
                0x08001060       0x4c CMakeFiles/CRC_GROUND_STATION.dir/USB_DEVICE/Target/usbd_conf.c.obj
                0x08001060                HAL_PCD_SuspendCallback
 .text.HAL_PCD_ResumeCallback
                0x080010ac       0x1c CMakeFiles/CRC_GROUND_STATION.dir/USB_DEVICE/Target/usbd_conf.c.obj
                0x080010ac                HAL_PCD_ResumeCallback
 .text.HAL_PCD_ISOOUTIncompleteCallback
                0x080010c8       0x24 CMakeFiles/CRC_GROUND_STATION.dir/USB_DEVICE/Target/usbd_conf.c.obj
                0x080010c8                HAL_PCD_ISOOUTIncompleteCallback
 .text.HAL_PCD_ISOINIncompleteCallback
                0x080010ec       0x24 CMakeFiles/CRC_GROUND_STATION.dir/USB_DEVICE/Target/usbd_conf.c.obj
                0x080010ec                HAL_PCD_ISOINIncompleteCallback
 .text.HAL_PCD_ConnectCallback
                0x08001110       0x1c CMakeFiles/CRC_GROUND_STATION.dir/USB_DEVICE/Target/usbd_conf.c.obj
                0x08001110                HAL_PCD_ConnectCallback
 .text.HAL_PCD_DisconnectCallback
                0x0800112c       0x1c CMakeFiles/CRC_GROUND_STATION.dir/USB_DEVICE/Target/usbd_conf.c.obj
                0x0800112c                HAL_PCD_DisconnectCallback
 .text.USBD_LL_Init
                0x08001148       0x98 CMakeFiles/CRC_GROUND_STATION.dir/USB_DEVICE/Target/usbd_conf.c.obj
                0x08001148                USBD_LL_Init
 .text.USBD_LL_Start
                0x080011e0       0x36 CMakeFiles/CRC_GROUND_STATION.dir/USB_DEVICE/Target/usbd_conf.c.obj
                0x080011e0                USBD_LL_Start
 .text.USBD_LL_OpenEP
                0x08001216       0x4c CMakeFiles/CRC_GROUND_STATION.dir/USB_DEVICE/Target/usbd_conf.c.obj
                0x08001216                USBD_LL_OpenEP
 .text.USBD_LL_CloseEP
                0x08001262       0x3e CMakeFiles/CRC_GROUND_STATION.dir/USB_DEVICE/Target/usbd_conf.c.obj
                0x08001262                USBD_LL_CloseEP
 .text.USBD_LL_StallEP
                0x080012a0       0x3e CMakeFiles/CRC_GROUND_STATION.dir/USB_DEVICE/Target/usbd_conf.c.obj
                0x080012a0                USBD_LL_StallEP
 .text.USBD_LL_ClearStallEP
                0x080012de       0x3e CMakeFiles/CRC_GROUND_STATION.dir/USB_DEVICE/Target/usbd_conf.c.obj
                0x080012de                USBD_LL_ClearStallEP
 .text.USBD_LL_IsStallEP
                0x0800131c       0x58 CMakeFiles/CRC_GROUND_STATION.dir/USB_DEVICE/Target/usbd_conf.c.obj
                0x0800131c                USBD_LL_IsStallEP
 .text.USBD_LL_SetUSBAddress
                0x08001374       0x3e CMakeFiles/CRC_GROUND_STATION.dir/USB_DEVICE/Target/usbd_conf.c.obj
                0x08001374                USBD_LL_SetUSBAddress
 .text.USBD_LL_Transmit
                0x080013b2       0x42 CMakeFiles/CRC_GROUND_STATION.dir/USB_DEVICE/Target/usbd_conf.c.obj
                0x080013b2                USBD_LL_Transmit
 .text.USBD_LL_PrepareReceive
                0x080013f4       0x42 CMakeFiles/CRC_GROUND_STATION.dir/USB_DEVICE/Target/usbd_conf.c.obj
                0x080013f4                USBD_LL_PrepareReceive
 .text.USBD_LL_GetRxDataSize
                0x08001436       0x26 CMakeFiles/CRC_GROUND_STATION.dir/USB_DEVICE/Target/usbd_conf.c.obj
                0x08001436                USBD_LL_GetRxDataSize
 .text.USBD_static_malloc
                0x0800145c       0x1c CMakeFiles/CRC_GROUND_STATION.dir/USB_DEVICE/Target/usbd_conf.c.obj
                0x0800145c                USBD_static_malloc
 .text.USBD_static_free
                0x08001478       0x14 CMakeFiles/CRC_GROUND_STATION.dir/USB_DEVICE/Target/usbd_conf.c.obj
                0x08001478                USBD_static_free
 .text.USBD_Get_USB_Status
                0x0800148c       0x58 CMakeFiles/CRC_GROUND_STATION.dir/USB_DEVICE/Target/usbd_conf.c.obj
                0x0800148c                USBD_Get_USB_Status
 .text.HAL_PCD_Init
                0x080014e4      0x21e CMakeFiles/CRC_GROUND_STATION.dir/Drivers/STM32F4xx_HAL_Driver/Src/stm32f4xx_hal_pcd.c.obj
                0x080014e4                HAL_PCD_Init
 .text.HAL_PCD_Start
                0x08001702       0x6a CMakeFiles/CRC_GROUND_STATION.dir/Drivers/STM32F4xx_HAL_Driver/Src/stm32f4xx_hal_pcd.c.obj
                0x08001702                HAL_PCD_Start
 .text.HAL_PCD_IRQHandler
                0x0800176c      0x942 CMakeFiles/CRC_GROUND_STATION.dir/Drivers/STM32F4xx_HAL_Driver/Src/stm32f4xx_hal_pcd.c.obj
                0x0800176c                HAL_PCD_IRQHandler
 .text.HAL_PCD_SetAddress
                0x080020ae       0x48 CMakeFiles/CRC_GROUND_STATION.dir/Drivers/STM32F4xx_HAL_Driver/Src/stm32f4xx_hal_pcd.c.obj
                0x080020ae                HAL_PCD_SetAddress
 .text.HAL_PCD_EP_Open
                0x080020f6       0xd4 CMakeFiles/CRC_GROUND_STATION.dir/Drivers/STM32F4xx_HAL_Driver/Src/stm32f4xx_hal_pcd.c.obj
                0x080020f6                HAL_PCD_EP_Open
 .text.HAL_PCD_EP_Close
                0x080021ca       0x94 CMakeFiles/CRC_GROUND_STATION.dir/Drivers/STM32F4xx_HAL_Driver/Src/stm32f4xx_hal_pcd.c.obj
                0x080021ca                HAL_PCD_EP_Close
 .text.HAL_PCD_EP_Receive
                0x0800225e       0x76 CMakeFiles/CRC_GROUND_STATION.dir/Drivers/STM32F4xx_HAL_Driver/Src/stm32f4xx_hal_pcd.c.obj
                0x0800225e                HAL_PCD_EP_Receive
 .text.HAL_PCD_EP_GetRxCount
                0x080022d4       0x30 CMakeFiles/CRC_GROUND_STATION.dir/Drivers/STM32F4xx_HAL_Driver/Src/stm32f4xx_hal_pcd.c.obj
                0x080022d4                HAL_PCD_EP_GetRxCount
 .text.HAL_PCD_EP_Transmit
                0x08002304       0x74 CMakeFiles/CRC_GROUND_STATION.dir/Drivers/STM32F4xx_HAL_Driver/Src/stm32f4xx_hal_pcd.c.obj
                0x08002304                HAL_PCD_EP_Transmit
 .text.HAL_PCD_EP_SetStall
                0x08002378       0xc6 CMakeFiles/CRC_GROUND_STATION.dir/Drivers/STM32F4xx_HAL_Driver/Src/stm32f4xx_hal_pcd.c.obj
                0x08002378                HAL_PCD_EP_SetStall
 .text.HAL_PCD_EP_ClrStall
                0x0800243e       0xac CMakeFiles/CRC_GROUND_STATION.dir/Drivers/STM32F4xx_HAL_Driver/Src/stm32f4xx_hal_pcd.c.obj
                0x0800243e                HAL_PCD_EP_ClrStall
 .text.HAL_PCD_EP_Abort
                0x080024ea       0x62 CMakeFiles/CRC_GROUND_STATION.dir/Drivers/STM32F4xx_HAL_Driver/Src/stm32f4xx_hal_pcd.c.obj
                0x080024ea                HAL_PCD_EP_Abort
 .text.PCD_WriteEmptyTxFifo
                0x0800254c      0x118 CMakeFiles/CRC_GROUND_STATION.dir/Drivers/STM32F4xx_HAL_Driver/Src/stm32f4xx_hal_pcd.c.obj
 .text.PCD_EP_OutXfrComplete_int
                0x08002664      0x1d0 CMakeFiles/CRC_GROUND_STATION.dir/Drivers/STM32F4xx_HAL_Driver/Src/stm32f4xx_hal_pcd.c.obj
 .text.PCD_EP_OutSetupPacket_int
                0x08002834       0x8c CMakeFiles/CRC_GROUND_STATION.dir/Drivers/STM32F4xx_HAL_Driver/Src/stm32f4xx_hal_pcd.c.obj
 .text.HAL_PCDEx_SetTxFiFo
                0x080028c0       0x8e CMakeFiles/CRC_GROUND_STATION.dir/Drivers/STM32F4xx_HAL_Driver/Src/stm32f4xx_hal_pcd_ex.c.obj
                0x080028c0                HAL_PCDEx_SetTxFiFo
 .text.HAL_PCDEx_SetRxFiFo
                0x0800294e       0x22 CMakeFiles/CRC_GROUND_STATION.dir/Drivers/STM32F4xx_HAL_Driver/Src/stm32f4xx_hal_pcd_ex.c.obj
                0x0800294e                HAL_PCDEx_SetRxFiFo
 .text.HAL_PCDEx_LPM_Callback
                0x08002970       0x18 CMakeFiles/CRC_GROUND_STATION.dir/Drivers/STM32F4xx_HAL_Driver/Src/stm32f4xx_hal_pcd_ex.c.obj
                0x08002970                HAL_PCDEx_LPM_Callback
 .text.USB_CoreInit
                0x08002988       0xc8 CMakeFiles/CRC_GROUND_STATION.dir/Drivers/STM32F4xx_HAL_Driver/Src/stm32f4xx_ll_usb.c.obj
                0x08002988                USB_CoreInit
 .text.USB_SetTurnaroundTime
                0x08002a50      0x144 CMakeFiles/CRC_GROUND_STATION.dir/Drivers/STM32F4xx_HAL_Driver/Src/stm32f4xx_ll_usb.c.obj
                0x08002a50                USB_SetTurnaroundTime
 .text.USB_EnableGlobalInt
                0x08002b94       0x22 CMakeFiles/CRC_GROUND_STATION.dir/Drivers/STM32F4xx_HAL_Driver/Src/stm32f4xx_ll_usb.c.obj
                0x08002b94                USB_EnableGlobalInt
 .text.USB_DisableGlobalInt
                0x08002bb6       0x22 CMakeFiles/CRC_GROUND_STATION.dir/Drivers/STM32F4xx_HAL_Driver/Src/stm32f4xx_ll_usb.c.obj
                0x08002bb6                USB_DisableGlobalInt
 .text.USB_SetCurrentMode
                0x08002bd8       0x98 CMakeFiles/CRC_GROUND_STATION.dir/Drivers/STM32F4xx_HAL_Driver/Src/stm32f4xx_ll_usb.c.obj
                0x08002bd8                USB_SetCurrentMode
 .text.USB_DevInit
                0x08002c70      0x2c8 CMakeFiles/CRC_GROUND_STATION.dir/Drivers/STM32F4xx_HAL_Driver/Src/stm32f4xx_ll_usb.c.obj
                0x08002c70                USB_DevInit
 .text.USB_FlushTxFifo
                0x08002f38       0x64 CMakeFiles/CRC_GROUND_STATION.dir/Drivers/STM32F4xx_HAL_Driver/Src/stm32f4xx_ll_usb.c.obj
                0x08002f38                USB_FlushTxFifo
 .text.USB_FlushRxFifo
                0x08002f9c       0x5c CMakeFiles/CRC_GROUND_STATION.dir/Drivers/STM32F4xx_HAL_Driver/Src/stm32f4xx_ll_usb.c.obj
                0x08002f9c                USB_FlushRxFifo
 .text.USB_SetDevSpeed
                0x08002ff8       0x32 CMakeFiles/CRC_GROUND_STATION.dir/Drivers/STM32F4xx_HAL_Driver/Src/stm32f4xx_ll_usb.c.obj
                0x08002ff8                USB_SetDevSpeed
 .text.USB_GetDevSpeed
                0x0800302a       0x4a CMakeFiles/CRC_GROUND_STATION.dir/Drivers/STM32F4xx_HAL_Driver/Src/stm32f4xx_ll_usb.c.obj
                0x0800302a                USB_GetDevSpeed
 .text.USB_ActivateEndpoint
                0x08003074      0x10e CMakeFiles/CRC_GROUND_STATION.dir/Drivers/STM32F4xx_HAL_Driver/Src/stm32f4xx_ll_usb.c.obj
                0x08003074                USB_ActivateEndpoint
 *fill*         0x08003182        0x2 
 .text.USB_DeactivateEndpoint
                0x08003184      0x1b8 CMakeFiles/CRC_GROUND_STATION.dir/Drivers/STM32F4xx_HAL_Driver/Src/stm32f4xx_ll_usb.c.obj
                0x08003184                USB_DeactivateEndpoint
 .text.USB_EPStartXfer
                0x0800333c      0x53c CMakeFiles/CRC_GROUND_STATION.dir/Drivers/STM32F4xx_HAL_Driver/Src/stm32f4xx_ll_usb.c.obj
                0x0800333c                USB_EPStartXfer
 .text.USB_EPStopXfer
                0x08003878      0x154 CMakeFiles/CRC_GROUND_STATION.dir/Drivers/STM32F4xx_HAL_Driver/Src/stm32f4xx_ll_usb.c.obj
                0x08003878                USB_EPStopXfer
 .text.USB_WritePacket
                0x080039cc       0x7c CMakeFiles/CRC_GROUND_STATION.dir/Drivers/STM32F4xx_HAL_Driver/Src/stm32f4xx_ll_usb.c.obj
                0x080039cc                USB_WritePacket
 .text.USB_ReadPacket
                0x08003a48       0xb0 CMakeFiles/CRC_GROUND_STATION.dir/Drivers/STM32F4xx_HAL_Driver/Src/stm32f4xx_ll_usb.c.obj
                0x08003a48                USB_ReadPacket
 .text.USB_EPSetStall
                0x08003af8       0xdc CMakeFiles/CRC_GROUND_STATION.dir/Drivers/STM32F4xx_HAL_Driver/Src/stm32f4xx_ll_usb.c.obj
                0x08003af8                USB_EPSetStall
 .text.USB_EPClearStall
                0x08003bd4       0xcc CMakeFiles/CRC_GROUND_STATION.dir/Drivers/STM32F4xx_HAL_Driver/Src/stm32f4xx_ll_usb.c.obj
                0x08003bd4                USB_EPClearStall
 .text.USB_SetDevAddress
                0x08003ca0       0x4c CMakeFiles/CRC_GROUND_STATION.dir/Drivers/STM32F4xx_HAL_Driver/Src/stm32f4xx_ll_usb.c.obj
                0x08003ca0                USB_SetDevAddress
 .text.USB_DevConnect
                0x08003cec       0x42 CMakeFiles/CRC_GROUND_STATION.dir/Drivers/STM32F4xx_HAL_Driver/Src/stm32f4xx_ll_usb.c.obj
                0x08003cec                USB_DevConnect
 .text.USB_DevDisconnect
                0x08003d2e       0x42 CMakeFiles/CRC_GROUND_STATION.dir/Drivers/STM32F4xx_HAL_Driver/Src/stm32f4xx_ll_usb.c.obj
                0x08003d2e                USB_DevDisconnect
 .text.USB_ReadInterrupts
                0x08003d70       0x26 CMakeFiles/CRC_GROUND_STATION.dir/Drivers/STM32F4xx_HAL_Driver/Src/stm32f4xx_ll_usb.c.obj
                0x08003d70                USB_ReadInterrupts
 .text.USB_ReadDevAllOutEpInterrupt
                0x08003d96       0x34 CMakeFiles/CRC_GROUND_STATION.dir/Drivers/STM32F4xx_HAL_Driver/Src/stm32f4xx_ll_usb.c.obj
                0x08003d96                USB_ReadDevAllOutEpInterrupt
 .text.USB_ReadDevAllInEpInterrupt
                0x08003dca       0x34 CMakeFiles/CRC_GROUND_STATION.dir/Drivers/STM32F4xx_HAL_Driver/Src/stm32f4xx_ll_usb.c.obj
                0x08003dca                USB_ReadDevAllInEpInterrupt
 .text.USB_ReadDevOutEPInterrupt
                0x08003dfe       0x3c CMakeFiles/CRC_GROUND_STATION.dir/Drivers/STM32F4xx_HAL_Driver/Src/stm32f4xx_ll_usb.c.obj
                0x08003dfe                USB_ReadDevOutEPInterrupt
 .text.USB_ReadDevInEPInterrupt
                0x08003e3a       0x5c CMakeFiles/CRC_GROUND_STATION.dir/Drivers/STM32F4xx_HAL_Driver/Src/stm32f4xx_ll_usb.c.obj
                0x08003e3a                USB_ReadDevInEPInterrupt
 .text.USB_GetMode
                0x08003e96       0x1c CMakeFiles/CRC_GROUND_STATION.dir/Drivers/STM32F4xx_HAL_Driver/Src/stm32f4xx_ll_usb.c.obj
                0x08003e96                USB_GetMode
 .text.USB_ActivateSetup
                0x08003eb2       0x46 CMakeFiles/CRC_GROUND_STATION.dir/Drivers/STM32F4xx_HAL_Driver/Src/stm32f4xx_ll_usb.c.obj
                0x08003eb2                USB_ActivateSetup
 .text.USB_EP0_OutStart
                0x08003ef8       0xbc CMakeFiles/CRC_GROUND_STATION.dir/Drivers/STM32F4xx_HAL_Driver/Src/stm32f4xx_ll_usb.c.obj
                0x08003ef8                USB_EP0_OutStart
 .text.USB_CoreReset
                0x08003fb4       0x70 CMakeFiles/CRC_GROUND_STATION.dir/Drivers/STM32F4xx_HAL_Driver/Src/stm32f4xx_ll_usb.c.obj
 .text.HAL_RCC_OscConfig
                0x08004024      0x4f0 CMakeFiles/CRC_GROUND_STATION.dir/Drivers/STM32F4xx_HAL_Driver/Src/stm32f4xx_hal_rcc.c.obj
                0x08004024                HAL_RCC_OscConfig
 .text.HAL_RCC_ClockConfig
                0x08004514      0x1cc CMakeFiles/CRC_GROUND_STATION.dir/Drivers/STM32F4xx_HAL_Driver/Src/stm32f4xx_hal_rcc.c.obj
                0x08004514                HAL_RCC_ClockConfig
 .text.HAL_RCC_GetSysClockFreq
                0x080046e0      0x188 CMakeFiles/CRC_GROUND_STATION.dir/Drivers/STM32F4xx_HAL_Driver/Src/stm32f4xx_hal_rcc.c.obj
                0x080046e0                HAL_RCC_GetSysClockFreq
 .text.HAL_RCC_GetHCLKFreq
                0x08004868       0x18 CMakeFiles/CRC_GROUND_STATION.dir/Drivers/STM32F4xx_HAL_Driver/Src/stm32f4xx_hal_rcc.c.obj
                0x08004868                HAL_RCC_GetHCLKFreq
 .text.HAL_RCC_GetPCLK1Freq
                0x08004880       0x28 CMakeFiles/CRC_GROUND_STATION.dir/Drivers/STM32F4xx_HAL_Driver/Src/stm32f4xx_hal_rcc.c.obj
                0x08004880                HAL_RCC_GetPCLK1Freq
 .text.HAL_RCC_GetPCLK2Freq
                0x080048a8       0x28 CMakeFiles/CRC_GROUND_STATION.dir/Drivers/STM32F4xx_HAL_Driver/Src/stm32f4xx_hal_rcc.c.obj
                0x080048a8                HAL_RCC_GetPCLK2Freq
 .text.HAL_GPIO_Init
                0x080048d0      0x308 CMakeFiles/CRC_GROUND_STATION.dir/Drivers/STM32F4xx_HAL_Driver/Src/stm32f4xx_hal_gpio.c.obj
                0x080048d0                HAL_GPIO_Init
 .text.HAL_GPIO_WritePin
                0x08004bd8       0x32 CMakeFiles/CRC_GROUND_STATION.dir/Drivers/STM32F4xx_HAL_Driver/Src/stm32f4xx_hal_gpio.c.obj
                0x08004bd8                HAL_GPIO_WritePin
 *fill*         0x08004c0a        0x2 
 .text.__NVIC_SetPriorityGrouping
                0x08004c0c       0x48 CMakeFiles/CRC_GROUND_STATION.dir/Drivers/STM32F4xx_HAL_Driver/Src/stm32f4xx_hal_cortex.c.obj
 .text.__NVIC_GetPriorityGrouping
                0x08004c54       0x1c CMakeFiles/CRC_GROUND_STATION.dir/Drivers/STM32F4xx_HAL_Driver/Src/stm32f4xx_hal_cortex.c.obj
 .text.__NVIC_EnableIRQ
                0x08004c70       0x3c CMakeFiles/CRC_GROUND_STATION.dir/Drivers/STM32F4xx_HAL_Driver/Src/stm32f4xx_hal_cortex.c.obj
 .text.__NVIC_SetPriority
                0x08004cac       0x54 CMakeFiles/CRC_GROUND_STATION.dir/Drivers/STM32F4xx_HAL_Driver/Src/stm32f4xx_hal_cortex.c.obj
 .text.NVIC_EncodePriority
                0x08004d00       0x66 CMakeFiles/CRC_GROUND_STATION.dir/Drivers/STM32F4xx_HAL_Driver/Src/stm32f4xx_hal_cortex.c.obj
 *fill*         0x08004d66        0x2 
 .text.SysTick_Config
                0x08004d68       0x44 CMakeFiles/CRC_GROUND_STATION.dir/Drivers/STM32F4xx_HAL_Driver/Src/stm32f4xx_hal_cortex.c.obj
 .text.HAL_NVIC_SetPriorityGrouping
                0x08004dac       0x16 CMakeFiles/CRC_GROUND_STATION.dir/Drivers/STM32F4xx_HAL_Driver/Src/stm32f4xx_hal_cortex.c.obj
                0x08004dac                HAL_NVIC_SetPriorityGrouping
 .text.HAL_NVIC_SetPriority
                0x08004dc2       0x38 CMakeFiles/CRC_GROUND_STATION.dir/Drivers/STM32F4xx_HAL_Driver/Src/stm32f4xx_hal_cortex.c.obj
                0x08004dc2                HAL_NVIC_SetPriority
 .text.HAL_NVIC_EnableIRQ
                0x08004dfa       0x1c CMakeFiles/CRC_GROUND_STATION.dir/Drivers/STM32F4xx_HAL_Driver/Src/stm32f4xx_hal_cortex.c.obj
                0x08004dfa                HAL_NVIC_EnableIRQ
 .text.HAL_SYSTICK_Config
                0x08004e16       0x18 CMakeFiles/CRC_GROUND_STATION.dir/Drivers/STM32F4xx_HAL_Driver/Src/stm32f4xx_hal_cortex.c.obj
                0x08004e16                HAL_SYSTICK_Config
 *fill*         0x08004e2e        0x2 
 .text.HAL_Init
                0x08004e30       0x44 CMakeFiles/CRC_GROUND_STATION.dir/Drivers/STM32F4xx_HAL_Driver/Src/stm32f4xx_hal.c.obj
                0x08004e30                HAL_Init
 .text.HAL_InitTick
                0x08004e74       0x60 CMakeFiles/CRC_GROUND_STATION.dir/Drivers/STM32F4xx_HAL_Driver/Src/stm32f4xx_hal.c.obj
                0x08004e74                HAL_InitTick
 .text.HAL_IncTick
                0x08004ed4       0x28 CMakeFiles/CRC_GROUND_STATION.dir/Drivers/STM32F4xx_HAL_Driver/Src/stm32f4xx_hal.c.obj
                0x08004ed4                HAL_IncTick
 .text.HAL_GetTick
                0x08004efc       0x18 CMakeFiles/CRC_GROUND_STATION.dir/Drivers/STM32F4xx_HAL_Driver/Src/stm32f4xx_hal.c.obj
                0x08004efc                HAL_GetTick
 .text.HAL_Delay
                0x08004f14       0x48 CMakeFiles/CRC_GROUND_STATION.dir/Drivers/STM32F4xx_HAL_Driver/Src/stm32f4xx_hal.c.obj
                0x08004f14                HAL_Delay
 .text.HAL_SPI_Init
                0x08004f5c      0x112 CMakeFiles/CRC_GROUND_STATION.dir/Drivers/STM32F4xx_HAL_Driver/Src/stm32f4xx_hal_spi.c.obj
                0x08004f5c                HAL_SPI_Init
 .text.HAL_SPI_Transmit
                0x0800506e      0x288 CMakeFiles/CRC_GROUND_STATION.dir/Drivers/STM32F4xx_HAL_Driver/Src/stm32f4xx_hal_spi.c.obj
                0x0800506e                HAL_SPI_Transmit
 .text.HAL_SPI_Receive
                0x080052f6      0x232 CMakeFiles/CRC_GROUND_STATION.dir/Drivers/STM32F4xx_HAL_Driver/Src/stm32f4xx_hal_spi.c.obj
                0x080052f6                HAL_SPI_Receive
 .text.HAL_SPI_TransmitReceive
                0x08005528      0x352 CMakeFiles/CRC_GROUND_STATION.dir/Drivers/STM32F4xx_HAL_Driver/Src/stm32f4xx_hal_spi.c.obj
                0x08005528                HAL_SPI_TransmitReceive
 *fill*         0x0800587a        0x2 
 .text.SPI_WaitFlagStateUntilTimeout
                0x0800587c      0x110 CMakeFiles/CRC_GROUND_STATION.dir/Drivers/STM32F4xx_HAL_Driver/Src/stm32f4xx_hal_spi.c.obj
 .text.SPI_EndRxTransaction
                0x0800598c       0xca CMakeFiles/CRC_GROUND_STATION.dir/Drivers/STM32F4xx_HAL_Driver/Src/stm32f4xx_hal_spi.c.obj
 *fill*         0x08005a56        0x2 
 .text.SPI_EndRxTxTransaction
                0x08005a58       0xa8 CMakeFiles/CRC_GROUND_STATION.dir/Drivers/STM32F4xx_HAL_Driver/Src/stm32f4xx_hal_spi.c.obj
 .text.HAL_UART_Init
                0x08005b00       0xa0 CMakeFiles/CRC_GROUND_STATION.dir/Drivers/STM32F4xx_HAL_Driver/Src/stm32f4xx_hal_uart.c.obj
                0x08005b00                HAL_UART_Init
 .text.HAL_UART_Transmit
                0x08005ba0      0x116 CMakeFiles/CRC_GROUND_STATION.dir/Drivers/STM32F4xx_HAL_Driver/Src/stm32f4xx_hal_uart.c.obj
                0x08005ba0                HAL_UART_Transmit
 .text.HAL_UART_Receive_IT
                0x08005cb6       0x4a CMakeFiles/CRC_GROUND_STATION.dir/Drivers/STM32F4xx_HAL_Driver/Src/stm32f4xx_hal_uart.c.obj
                0x08005cb6                HAL_UART_Receive_IT
 .text.UART_WaitOnFlagUntilTimeout
                0x08005d00       0xb2 CMakeFiles/CRC_GROUND_STATION.dir/Drivers/STM32F4xx_HAL_Driver/Src/stm32f4xx_hal_uart.c.obj
 .text.UART_Start_Receive_IT
                0x08005db2       0x74 CMakeFiles/CRC_GROUND_STATION.dir/Drivers/STM32F4xx_HAL_Driver/Src/stm32f4xx_hal_uart.c.obj
                0x08005db2                UART_Start_Receive_IT
 .text.UART_EndRxTransfer
                0x08005e26       0xc6 CMakeFiles/CRC_GROUND_STATION.dir/Drivers/STM32F4xx_HAL_Driver/Src/stm32f4xx_hal_uart.c.obj
 .text.UART_SetConfig
                0x08005eec      0x4e8 CMakeFiles/CRC_GROUND_STATION.dir/Drivers/STM32F4xx_HAL_Driver/Src/stm32f4xx_hal_uart.c.obj
 .text.SystemInit
                0x080063d4       0x24 CMakeFiles/CRC_GROUND_STATION.dir/Core/Src/system_stm32f4xx.c.obj
                0x080063d4                SystemInit
 .text.USBD_Init
                0x080063f8       0x60 CMakeFiles/CRC_GROUND_STATION.dir/Middlewares/ST/STM32_USB_Device_Library/Core/Src/usbd_core.c.obj
                0x080063f8                USBD_Init
 .text.USBD_RegisterClass
                0x08006458       0x6c CMakeFiles/CRC_GROUND_STATION.dir/Middlewares/ST/STM32_USB_Device_Library/Core/Src/usbd_core.c.obj
                0x08006458                USBD_RegisterClass
 .text.USBD_Start
                0x080064c4       0x18 CMakeFiles/CRC_GROUND_STATION.dir/Middlewares/ST/STM32_USB_Device_Library/Core/Src/usbd_core.c.obj
                0x080064c4                USBD_Start
 .text.USBD_RunTestMode
                0x080064dc       0x16 CMakeFiles/CRC_GROUND_STATION.dir/Middlewares/ST/STM32_USB_Device_Library/Core/Src/usbd_core.c.obj
                0x080064dc                USBD_RunTestMode
 .text.USBD_SetClassConfig
                0x080064f2       0x38 CMakeFiles/CRC_GROUND_STATION.dir/Middlewares/ST/STM32_USB_Device_Library/Core/Src/usbd_core.c.obj
                0x080064f2                USBD_SetClassConfig
 .text.USBD_ClrClassConfig
                0x0800652a       0x34 CMakeFiles/CRC_GROUND_STATION.dir/Middlewares/ST/STM32_USB_Device_Library/Core/Src/usbd_core.c.obj
                0x0800652a                USBD_ClrClassConfig
 .text.USBD_LL_SetupStage
                0x0800655e       0xaa CMakeFiles/CRC_GROUND_STATION.dir/Middlewares/ST/STM32_USB_Device_Library/Core/Src/usbd_core.c.obj
                0x0800655e                USBD_LL_SetupStage
 .text.USBD_LL_DataOutStage
                0x08006608      0x178 CMakeFiles/CRC_GROUND_STATION.dir/Middlewares/ST/STM32_USB_Device_Library/Core/Src/usbd_core.c.obj
                0x08006608                USBD_LL_DataOutStage
 .text.USBD_LL_DataInStage
                0x08006780      0x176 CMakeFiles/CRC_GROUND_STATION.dir/Middlewares/ST/STM32_USB_Device_Library/Core/Src/usbd_core.c.obj
                0x08006780                USBD_LL_DataInStage
 .text.USBD_LL_Reset
                0x080068f6       0xa6 CMakeFiles/CRC_GROUND_STATION.dir/Middlewares/ST/STM32_USB_Device_Library/Core/Src/usbd_core.c.obj
                0x080068f6                USBD_LL_Reset
 .text.USBD_LL_SetSpeed
                0x0800699c       0x20 CMakeFiles/CRC_GROUND_STATION.dir/Middlewares/ST/STM32_USB_Device_Library/Core/Src/usbd_core.c.obj
                0x0800699c                USBD_LL_SetSpeed
 .text.USBD_LL_Suspend
                0x080069bc       0x38 CMakeFiles/CRC_GROUND_STATION.dir/Middlewares/ST/STM32_USB_Device_Library/Core/Src/usbd_core.c.obj
                0x080069bc                USBD_LL_Suspend
 .text.USBD_LL_Resume
                0x080069f4       0x30 CMakeFiles/CRC_GROUND_STATION.dir/Middlewares/ST/STM32_USB_Device_Library/Core/Src/usbd_core.c.obj
                0x080069f4                USBD_LL_Resume
 .text.USBD_LL_SOF
                0x08006a24       0x40 CMakeFiles/CRC_GROUND_STATION.dir/Middlewares/ST/STM32_USB_Device_Library/Core/Src/usbd_core.c.obj
                0x08006a24                USBD_LL_SOF
 .text.USBD_LL_IsoINIncomplete
                0x08006a64       0x64 CMakeFiles/CRC_GROUND_STATION.dir/Middlewares/ST/STM32_USB_Device_Library/Core/Src/usbd_core.c.obj
                0x08006a64                USBD_LL_IsoINIncomplete
 .text.USBD_LL_IsoOUTIncomplete
                0x08006ac8       0x64 CMakeFiles/CRC_GROUND_STATION.dir/Middlewares/ST/STM32_USB_Device_Library/Core/Src/usbd_core.c.obj
                0x08006ac8                USBD_LL_IsoOUTIncomplete
 .text.USBD_LL_DevConnected
                0x08006b2c       0x16 CMakeFiles/CRC_GROUND_STATION.dir/Middlewares/ST/STM32_USB_Device_Library/Core/Src/usbd_core.c.obj
                0x08006b2c                USBD_LL_DevConnected
 .text.USBD_LL_DevDisconnected
                0x08006b42       0x46 CMakeFiles/CRC_GROUND_STATION.dir/Middlewares/ST/STM32_USB_Device_Library/Core/Src/usbd_core.c.obj
                0x08006b42                USBD_LL_DevDisconnected
 .text.USBD_CoreFindIF
                0x08006b88       0x1a CMakeFiles/CRC_GROUND_STATION.dir/Middlewares/ST/STM32_USB_Device_Library/Core/Src/usbd_core.c.obj
                0x08006b88                USBD_CoreFindIF
 .text.USBD_CoreFindEP
                0x08006ba2       0x1a CMakeFiles/CRC_GROUND_STATION.dir/Middlewares/ST/STM32_USB_Device_Library/Core/Src/usbd_core.c.obj
                0x08006ba2                USBD_CoreFindEP
 .text.USBD_GetEpDesc
                0x08006bbc       0x70 CMakeFiles/CRC_GROUND_STATION.dir/Middlewares/ST/STM32_USB_Device_Library/Core/Src/usbd_core.c.obj
                0x08006bbc                USBD_GetEpDesc
 .text.USBD_GetNextDesc
                0x08006c2c       0x38 CMakeFiles/CRC_GROUND_STATION.dir/Middlewares/ST/STM32_USB_Device_Library/Core/Src/usbd_core.c.obj
                0x08006c2c                USBD_GetNextDesc
 .text.SWAPBYTE
                0x08006c64       0x3e CMakeFiles/CRC_GROUND_STATION.dir/Middlewares/ST/STM32_USB_Device_Library/Core/Src/usbd_ctlreq.c.obj
 *fill*         0x08006ca2        0x2 
 .text.USBD_StdDevReq
                0x08006ca4       0xe4 CMakeFiles/CRC_GROUND_STATION.dir/Middlewares/ST/STM32_USB_Device_Library/Core/Src/usbd_ctlreq.c.obj
                0x08006ca4                USBD_StdDevReq
 .text.USBD_StdItfReq
                0x08006d88       0xd8 CMakeFiles/CRC_GROUND_STATION.dir/Middlewares/ST/STM32_USB_Device_Library/Core/Src/usbd_ctlreq.c.obj
                0x08006d88                USBD_StdItfReq
 .text.USBD_StdEPReq
                0x08006e60      0x33e CMakeFiles/CRC_GROUND_STATION.dir/Middlewares/ST/STM32_USB_Device_Library/Core/Src/usbd_ctlreq.c.obj
                0x08006e60                USBD_StdEPReq
 *fill*         0x0800719e        0x2 
 .text.USBD_GetDescriptor
                0x080071a0      0x2d4 CMakeFiles/CRC_GROUND_STATION.dir/Middlewares/ST/STM32_USB_Device_Library/Core/Src/usbd_ctlreq.c.obj
 .text.USBD_SetAddress
                0x08007474       0x88 CMakeFiles/CRC_GROUND_STATION.dir/Middlewares/ST/STM32_USB_Device_Library/Core/Src/usbd_ctlreq.c.obj
 .text.USBD_SetConfig
                0x080074fc      0x154 CMakeFiles/CRC_GROUND_STATION.dir/Middlewares/ST/STM32_USB_Device_Library/Core/Src/usbd_ctlreq.c.obj
 .text.USBD_GetConfig
                0x08007650       0x6c CMakeFiles/CRC_GROUND_STATION.dir/Middlewares/ST/STM32_USB_Device_Library/Core/Src/usbd_ctlreq.c.obj
 .text.USBD_GetStatus
                0x080076bc       0x68 CMakeFiles/CRC_GROUND_STATION.dir/Middlewares/ST/STM32_USB_Device_Library/Core/Src/usbd_ctlreq.c.obj
 .text.USBD_SetFeature
                0x08007724       0x52 CMakeFiles/CRC_GROUND_STATION.dir/Middlewares/ST/STM32_USB_Device_Library/Core/Src/usbd_ctlreq.c.obj
 .text.USBD_ClrFeature
                0x08007776       0x44 CMakeFiles/CRC_GROUND_STATION.dir/Middlewares/ST/STM32_USB_Device_Library/Core/Src/usbd_ctlreq.c.obj
 .text.USBD_ParseSetupRequest
                0x080077ba       0x74 CMakeFiles/CRC_GROUND_STATION.dir/Middlewares/ST/STM32_USB_Device_Library/Core/Src/usbd_ctlreq.c.obj
                0x080077ba                USBD_ParseSetupRequest
 .text.USBD_CtlError
                0x0800782e       0x22 CMakeFiles/CRC_GROUND_STATION.dir/Middlewares/ST/STM32_USB_Device_Library/Core/Src/usbd_ctlreq.c.obj
                0x0800782e                USBD_CtlError
 .text.USBD_GetString
                0x08007850       0xa4 CMakeFiles/CRC_GROUND_STATION.dir/Middlewares/ST/STM32_USB_Device_Library/Core/Src/usbd_ctlreq.c.obj
                0x08007850                USBD_GetString
 .text.USBD_GetLen
                0x080078f4       0x34 CMakeFiles/CRC_GROUND_STATION.dir/Middlewares/ST/STM32_USB_Device_Library/Core/Src/usbd_ctlreq.c.obj
 .text.USBD_CtlSendData
                0x08007928       0x3c CMakeFiles/CRC_GROUND_STATION.dir/Middlewares/ST/STM32_USB_Device_Library/Core/Src/usbd_ioreq.c.obj
                0x08007928                USBD_CtlSendData
 .text.USBD_CtlContinueSendData
                0x08007964       0x22 CMakeFiles/CRC_GROUND_STATION.dir/Middlewares/ST/STM32_USB_Device_Library/Core/Src/usbd_ioreq.c.obj
                0x08007964                USBD_CtlContinueSendData
 .text.USBD_CtlPrepareRx
                0x08007986       0x42 CMakeFiles/CRC_GROUND_STATION.dir/Middlewares/ST/STM32_USB_Device_Library/Core/Src/usbd_ioreq.c.obj
                0x08007986                USBD_CtlPrepareRx
 .text.USBD_CtlContinueRx
                0x080079c8       0x22 CMakeFiles/CRC_GROUND_STATION.dir/Middlewares/ST/STM32_USB_Device_Library/Core/Src/usbd_ioreq.c.obj
                0x080079c8                USBD_CtlContinueRx
 .text.USBD_CtlSendStatus
                0x080079ea       0x26 CMakeFiles/CRC_GROUND_STATION.dir/Middlewares/ST/STM32_USB_Device_Library/Core/Src/usbd_ioreq.c.obj
                0x080079ea                USBD_CtlSendStatus
 .text.USBD_CtlReceiveStatus
                0x08007a10       0x26 CMakeFiles/CRC_GROUND_STATION.dir/Middlewares/ST/STM32_USB_Device_Library/Core/Src/usbd_ioreq.c.obj
                0x08007a10                USBD_CtlReceiveStatus
 *fill*         0x08007a36        0x2 
 .text.USBD_CDC_Init
                0x08007a38      0x1f0 CMakeFiles/CRC_GROUND_STATION.dir/Middlewares/ST/STM32_USB_Device_Library/Class/CDC/Src/usbd_cdc.c.obj
 .text.USBD_CDC_DeInit
                0x08007c28      0x104 CMakeFiles/CRC_GROUND_STATION.dir/Middlewares/ST/STM32_USB_Device_Library/Class/CDC/Src/usbd_cdc.c.obj
 .text.USBD_CDC_Setup
                0x08007d2c      0x1b8 CMakeFiles/CRC_GROUND_STATION.dir/Middlewares/ST/STM32_USB_Device_Library/Class/CDC/Src/usbd_cdc.c.obj
 .text.USBD_CDC_DataIn
                0x08007ee4       0xfe CMakeFiles/CRC_GROUND_STATION.dir/Middlewares/ST/STM32_USB_Device_Library/Class/CDC/Src/usbd_cdc.c.obj
 .text.USBD_CDC_DataOut
                0x08007fe2       0x70 CMakeFiles/CRC_GROUND_STATION.dir/Middlewares/ST/STM32_USB_Device_Library/Class/CDC/Src/usbd_cdc.c.obj
 .text.USBD_CDC_EP0_RxReady
                0x08008052       0x74 CMakeFiles/CRC_GROUND_STATION.dir/Middlewares/ST/STM32_USB_Device_Library/Class/CDC/Src/usbd_cdc.c.obj
 *fill*         0x080080c6        0x2 
 .text.USBD_CDC_GetFSCfgDesc
                0x080080c8       0x70 CMakeFiles/CRC_GROUND_STATION.dir/Middlewares/ST/STM32_USB_Device_Library/Class/CDC/Src/usbd_cdc.c.obj
 .text.USBD_CDC_GetHSCfgDesc
                0x08008138       0x70 CMakeFiles/CRC_GROUND_STATION.dir/Middlewares/ST/STM32_USB_Device_Library/Class/CDC/Src/usbd_cdc.c.obj
 .text.USBD_CDC_GetOtherSpeedCfgDesc
                0x080081a8       0x70 CMakeFiles/CRC_GROUND_STATION.dir/Middlewares/ST/STM32_USB_Device_Library/Class/CDC/Src/usbd_cdc.c.obj
 .text.USBD_CDC_GetDeviceQualifierDescriptor
                0x08008218       0x20 CMakeFiles/CRC_GROUND_STATION.dir/Middlewares/ST/STM32_USB_Device_Library/Class/CDC/Src/usbd_cdc.c.obj
                0x08008218                USBD_CDC_GetDeviceQualifierDescriptor
 .text.USBD_CDC_RegisterInterface
                0x08008238       0x34 CMakeFiles/CRC_GROUND_STATION.dir/Middlewares/ST/STM32_USB_Device_Library/Class/CDC/Src/usbd_cdc.c.obj
                0x08008238                USBD_CDC_RegisterInterface
 .text.USBD_CDC_SetTxBuffer
                0x0800826c       0x44 CMakeFiles/CRC_GROUND_STATION.dir/Middlewares/ST/STM32_USB_Device_Library/Class/CDC/Src/usbd_cdc.c.obj
                0x0800826c                USBD_CDC_SetTxBuffer
 .text.USBD_CDC_SetRxBuffer
                0x080082b0       0x3a CMakeFiles/CRC_GROUND_STATION.dir/Middlewares/ST/STM32_USB_Device_Library/Class/CDC/Src/usbd_cdc.c.obj
                0x080082b0                USBD_CDC_SetRxBuffer
 *fill*         0x080082ea        0x2 
 .text.Reset_Handler
                0x080082ec       0x50 CMakeFiles/CRC_GROUND_STATION.dir/startup_stm32f401xe.s.obj
                0x080082ec                Reset_Handler
 .text.Default_Handler
                0x0800833c        0x2 CMakeFiles/CRC_GROUND_STATION.dir/startup_stm32f401xe.s.obj
                0x0800833c                DMA1_Stream3_IRQHandler
                0x0800833c                EXTI2_IRQHandler
                0x0800833c                SPI4_IRQHandler
                0x0800833c                TIM1_CC_IRQHandler
                0x0800833c                DMA2_Stream5_IRQHandler
                0x0800833c                DMA1_Stream5_IRQHandler
                0x0800833c                PVD_IRQHandler
                0x0800833c                SDIO_IRQHandler
                0x0800833c                TAMP_STAMP_IRQHandler
                0x0800833c                EXTI3_IRQHandler
                0x0800833c                TIM1_UP_TIM10_IRQHandler
                0x0800833c                I2C3_ER_IRQHandler
                0x0800833c                EXTI0_IRQHandler
                0x0800833c                I2C2_EV_IRQHandler
                0x0800833c                DMA1_Stream2_IRQHandler
                0x0800833c                FPU_IRQHandler
                0x0800833c                DMA2_Stream2_IRQHandler
                0x0800833c                SPI1_IRQHandler
                0x0800833c                TIM1_BRK_TIM9_IRQHandler
                0x0800833c                DMA2_Stream3_IRQHandler
                0x0800833c                USART6_IRQHandler
                0x0800833c                DMA2_Stream0_IRQHandler
                0x0800833c                TIM4_IRQHandler
                0x0800833c                I2C1_EV_IRQHandler
                0x0800833c                DMA1_Stream6_IRQHandler
                0x0800833c                DMA1_Stream1_IRQHandler
                0x0800833c                TIM3_IRQHandler
                0x0800833c                RCC_IRQHandler
                0x0800833c                Default_Handler
                0x0800833c                EXTI15_10_IRQHandler
                0x0800833c                ADC_IRQHandler
                0x0800833c                DMA1_Stream7_IRQHandler
                0x0800833c                TIM5_IRQHandler
                0x0800833c                DMA2_Stream7_IRQHandler
                0x0800833c                I2C3_EV_IRQHandler
                0x0800833c                EXTI9_5_IRQHandler
                0x0800833c                RTC_WKUP_IRQHandler
                0x0800833c                SPI2_IRQHandler
                0x0800833c                DMA1_Stream0_IRQHandler
                0x0800833c                EXTI4_IRQHandler
                0x0800833c                WWDG_IRQHandler
                0x0800833c                TIM2_IRQHandler
                0x0800833c                OTG_FS_WKUP_IRQHandler
                0x0800833c                TIM1_TRG_COM_TIM11_IRQHandler
                0x0800833c                EXTI1_IRQHandler
                0x0800833c                USART2_IRQHandler
                0x0800833c                I2C2_ER_IRQHandler
                0x0800833c                DMA2_Stream1_IRQHandler
                0x0800833c                FLASH_IRQHandler
                0x0800833c                DMA2_Stream4_IRQHandler
                0x0800833c                USART1_IRQHandler
                0x0800833c                SPI3_IRQHandler
                0x0800833c                DMA1_Stream4_IRQHandler
                0x0800833c                I2C1_ER_IRQHandler
                0x0800833c                DMA2_Stream6_IRQHandler
                0x0800833c                RTC_Alarm_IRQHandler
 *fill*         0x0800833e        0x2 
 .text.__udivmoddi4
                0x08008340      0x2f8 /Applications/ArmGNUToolchain/14.2.rel1/arm-none-eabi/bin/../lib/gcc/arm-none-eabi/14.2.1/thumb/v7e-m+fp/hard/libgcc.a(_udivmoddi4.o)
                0x08008340                __udivmoddi4
 *(.glue_7)
 .glue_7        0x08008638        0x0 linker stubs
 *(.glue_7t)
 .glue_7t       0x08008638        0x0 linker stubs
 *(.eh_frame)
 .eh_frame      0x08008638        0x0 /Applications/ArmGNUToolchain/14.2.rel1/arm-none-eabi/bin/../lib/gcc/arm-none-eabi/14.2.1/thumb/v7e-m+fp/hard/crtbegin.o
 *(.init)
 .init          0x08008638        0x4 /Applications/ArmGNUToolchain/14.2.rel1/arm-none-eabi/bin/../lib/gcc/arm-none-eabi/14.2.1/thumb/v7e-m+fp/hard/crti.o
                0x08008638                _init
 .init          0x0800863c        0x8 /Applications/ArmGNUToolchain/14.2.rel1/arm-none-eabi/bin/../lib/gcc/arm-none-eabi/14.2.1/thumb/v7e-m+fp/hard/crtn.o
 *(.fini)
 .fini          0x08008644        0x4 /Applications/ArmGNUToolchain/14.2.rel1/arm-none-eabi/bin/../lib/gcc/arm-none-eabi/14.2.1/thumb/v7e-m+fp/hard/crti.o
                0x08008644                _fini
 .fini          0x08008648        0x8 /Applications/ArmGNUToolchain/14.2.rel1/arm-none-eabi/bin/../lib/gcc/arm-none-eabi/14.2.1/thumb/v7e-m+fp/hard/crtn.o
                0x08008650                        . = ALIGN (0x4)
                0x08008650                        _etext = .

.vfp11_veneer   0x08008650        0x0
 .vfp11_veneer  0x08008650        0x0 linker stubs

.v4_bx          0x08008650        0x0
 .v4_bx         0x08008650        0x0 linker stubs

.iplt           0x08008650        0x0
 .iplt          0x08008650        0x0 /Applications/ArmGNUToolchain/14.2.rel1/arm-none-eabi/bin/../lib/gcc/arm-none-eabi/14.2.1/thumb/v7e-m+fp/hard/crtbegin.o

.rodata         0x08008650       0x60
                0x08008650                        . = ALIGN (0x4)
 *(.rodata)
 .rodata        0x08008650       0x46 CMakeFiles/CRC_GROUND_STATION.dir/USB_DEVICE/App/usbd_desc.c.obj
 *(.rodata*)
 *fill*         0x08008696        0x2 
 .rodata.AHBPrescTable
                0x08008698       0x10 CMakeFiles/CRC_GROUND_STATION.dir/Core/Src/system_stm32f4xx.c.obj
                0x08008698                AHBPrescTable
 .rodata.APBPrescTable
                0x080086a8        0x8 CMakeFiles/CRC_GROUND_STATION.dir/Core/Src/system_stm32f4xx.c.obj
                0x080086a8                APBPrescTable
                0x080086b0                        . = ALIGN (0x4)

.ARM.extab
 *(.ARM.extab* .gnu.linkonce.armextab.*)

.ARM            0x080086b0        0x8
                0x080086b0                        __exidx_start = .
 *(.ARM.exidx*)
 .ARM.exidx.text.__udivmoddi4
                0x080086b0        0x8 /Applications/ArmGNUToolchain/14.2.rel1/arm-none-eabi/bin/../lib/gcc/arm-none-eabi/14.2.1/thumb/v7e-m+fp/hard/libgcc.a(_udivmoddi4.o)
                0x080086b8                        __exidx_end = .

.rel.dyn        0x080086b8        0x0
 .rel.iplt      0x080086b8        0x0 /Applications/ArmGNUToolchain/14.2.rel1/arm-none-eabi/bin/../lib/gcc/arm-none-eabi/14.2.1/thumb/v7e-m+fp/hard/crtbegin.o

.preinit_array  0x080086b8        0x0
                0x080086b8                        PROVIDE (__preinit_array_start = .)
 *(.preinit_array*)
                0x080086b8                        PROVIDE (__preinit_array_end = .)

.init_array     0x080086b8        0x4
                0x080086b8                        PROVIDE (__init_array_start = .)
 *(SORT_BY_NAME(.init_array.*))
 *(.init_array*)
 .init_array    0x080086b8        0x4 /Applications/ArmGNUToolchain/14.2.rel1/arm-none-eabi/bin/../lib/gcc/arm-none-eabi/14.2.1/thumb/v7e-m+fp/hard/crtbegin.o
                0x080086bc                        PROVIDE (__init_array_end = .)

.fini_array     0x080086bc        0x4
                [!provide]                        PROVIDE (__fini_array_start = .)
 *(SORT_BY_NAME(.fini_array.*))
 *(.fini_array*)
 .fini_array    0x080086bc        0x4 /Applications/ArmGNUToolchain/14.2.rel1/arm-none-eabi/bin/../lib/gcc/arm-none-eabi/14.2.1/thumb/v7e-m+fp/hard/crtbegin.o
                [!provide]                        PROVIDE (__fini_array_end = .)
                0x080086c0                        _sidata = LOADADDR (.data)

.data           0x20000000       0xfc load address 0x080086c0
                0x20000000                        . = ALIGN (0x4)
                0x20000000                        _sdata = .
 *(.data)
 *(.data*)
 .data.FS_Desc  0x20000000       0x1c CMakeFiles/CRC_GROUND_STATION.dir/USB_DEVICE/App/usbd_desc.c.obj
                0x20000000                FS_Desc
 .data.USBD_FS_DeviceDesc
                0x2000001c       0x12 CMakeFiles/CRC_GROUND_STATION.dir/USB_DEVICE/App/usbd_desc.c.obj
                0x2000001c                USBD_FS_DeviceDesc
 *fill*         0x2000002e        0x2 
 .data.USBD_LangIDDesc
                0x20000030        0x4 CMakeFiles/CRC_GROUND_STATION.dir/USB_DEVICE/App/usbd_desc.c.obj
                0x20000030                USBD_LangIDDesc
 .data.USBD_StringSerial
                0x20000034       0x1a CMakeFiles/CRC_GROUND_STATION.dir/USB_DEVICE/App/usbd_desc.c.obj
                0x20000034                USBD_StringSerial
 *fill*         0x2000004e        0x2 
 .data.USBD_Interface_fops_FS
                0x20000050       0x14 CMakeFiles/CRC_GROUND_STATION.dir/USB_DEVICE/App/usbd_cdc_if.c.obj
                0x20000050                USBD_Interface_fops_FS
 .data.uwTickPrio
                0x20000064        0x4 CMakeFiles/CRC_GROUND_STATION.dir/Drivers/STM32F4xx_HAL_Driver/Src/stm32f4xx_hal.c.obj
                0x20000064                uwTickPrio
 .data.uwTickFreq
                0x20000068        0x1 CMakeFiles/CRC_GROUND_STATION.dir/Drivers/STM32F4xx_HAL_Driver/Src/stm32f4xx_hal.c.obj
                0x20000068                uwTickFreq
 *fill*         0x20000069        0x3 
 .data.SystemCoreClock
                0x2000006c        0x4 CMakeFiles/CRC_GROUND_STATION.dir/Core/Src/system_stm32f4xx.c.obj
                0x2000006c                SystemCoreClock
 .data.USBD_CDC_DeviceQualifierDesc
                0x20000070        0xa CMakeFiles/CRC_GROUND_STATION.dir/Middlewares/ST/STM32_USB_Device_Library/Class/CDC/Src/usbd_cdc.c.obj
 *fill*         0x2000007a        0x2 
 .data.USBD_CDC
                0x2000007c       0x38 CMakeFiles/CRC_GROUND_STATION.dir/Middlewares/ST/STM32_USB_Device_Library/Class/CDC/Src/usbd_cdc.c.obj
                0x2000007c                USBD_CDC
 .data.USBD_CDC_CfgDesc
                0x200000b4       0x43 CMakeFiles/CRC_GROUND_STATION.dir/Middlewares/ST/STM32_USB_Device_Library/Class/CDC/Src/usbd_cdc.c.obj
 .data.CDCInEpAdd
                0x200000f7        0x1 CMakeFiles/CRC_GROUND_STATION.dir/Middlewares/ST/STM32_USB_Device_Library/Class/CDC/Src/usbd_cdc.c.obj
 .data.CDCOutEpAdd
                0x200000f8        0x1 CMakeFiles/CRC_GROUND_STATION.dir/Middlewares/ST/STM32_USB_Device_Library/Class/CDC/Src/usbd_cdc.c.obj
 .data.CDCCmdEpAdd
                0x200000f9        0x1 CMakeFiles/CRC_GROUND_STATION.dir/Middlewares/ST/STM32_USB_Device_Library/Class/CDC/Src/usbd_cdc.c.obj
                0x200000fc                        . = ALIGN (0x4)
 *fill*         0x200000fa        0x2 
                0x200000fc                        _edata = .

.tm_clone_table
                0x200000fc        0x0 load address 0x080087bc
 .tm_clone_table
                0x200000fc        0x0 /Applications/ArmGNUToolchain/14.2.rel1/arm-none-eabi/bin/../lib/gcc/arm-none-eabi/14.2.1/thumb/v7e-m+fp/hard/crtbegin.o
 .tm_clone_table
                0x200000fc        0x0 /Applications/ArmGNUToolchain/14.2.rel1/arm-none-eabi/bin/../lib/gcc/arm-none-eabi/14.2.1/thumb/v7e-m+fp/hard/crtend.o

.igot.plt       0x200000fc        0x0 load address 0x080087bc
 .igot.plt      0x200000fc        0x0 /Applications/ArmGNUToolchain/14.2.rel1/arm-none-eabi/bin/../lib/gcc/arm-none-eabi/14.2.1/thumb/v7e-m+fp/hard/crtbegin.o
                0x200000fc                        . = ALIGN (0x4)

.bss            0x200000fc     0x1d00 load address 0x080087bc
                0x200000fc                        _sbss = .
                0x200000fc                        __bss_start__ = _sbss
 *(.bss)
 *(.bss*)
 .bss.completed.1
                0x200000fc        0x1 /Applications/ArmGNUToolchain/14.2.rel1/arm-none-eabi/bin/../lib/gcc/arm-none-eabi/14.2.1/thumb/v7e-m+fp/hard/crtbegin.o
 *fill*         0x200000fd        0x3 
 .bss.object.0  0x20000100       0x18 /Applications/ArmGNUToolchain/14.2.rel1/arm-none-eabi/bin/../lib/gcc/arm-none-eabi/14.2.1/thumb/v7e-m+fp/hard/crtbegin.o
 .bss.lora      0x20000118       0x14 CMakeFiles/CRC_GROUND_STATION.dir/Core/Src/main.c.obj
                0x20000118                lora
 .bss.uart_rx_byte
                0x2000012c        0x1 CMakeFiles/CRC_GROUND_STATION.dir/Core/Src/main.c.obj
                0x2000012c                uart_rx_byte
 *fill*         0x2000012d        0x3 
 .bss.lora_rx_buffer
                0x20000130       0x40 CMakeFiles/CRC_GROUND_STATION.dir/Core/Src/main.c.obj
                0x20000130                lora_rx_buffer
 .bss.lora_rx_length
                0x20000170        0x1 CMakeFiles/CRC_GROUND_STATION.dir/Core/Src/main.c.obj
                0x20000170                lora_rx_length
 *fill*         0x20000171        0x3 
 .bss.hspi1     0x20000174       0x58 CMakeFiles/CRC_GROUND_STATION.dir/Core/Src/spi.c.obj
                0x20000174                hspi1
 .bss.huart1    0x200001cc       0x48 CMakeFiles/CRC_GROUND_STATION.dir/Core/Src/usart.c.obj
                0x200001cc                huart1
 .bss.hUsbDeviceFS
                0x20000214      0x2dc CMakeFiles/CRC_GROUND_STATION.dir/USB_DEVICE/App/usb_device.c.obj
                0x20000214                hUsbDeviceFS
 .bss.USBD_StrDesc
                0x200004f0      0x200 CMakeFiles/CRC_GROUND_STATION.dir/USB_DEVICE/App/usbd_desc.c.obj
                0x200004f0                USBD_StrDesc
 .bss.UserRxBufferFS
                0x200006f0      0x800 CMakeFiles/CRC_GROUND_STATION.dir/USB_DEVICE/App/usbd_cdc_if.c.obj
                0x200006f0                UserRxBufferFS
 .bss.UserTxBufferFS
                0x20000ef0      0x800 CMakeFiles/CRC_GROUND_STATION.dir/USB_DEVICE/App/usbd_cdc_if.c.obj
                0x20000ef0                UserTxBufferFS
 .bss.hpcd_USB_OTG_FS
                0x200016f0      0x4e4 CMakeFiles/CRC_GROUND_STATION.dir/USB_DEVICE/Target/usbd_conf.c.obj
                0x200016f0                hpcd_USB_OTG_FS
 .bss.mem.0     0x20001bd4      0x220 CMakeFiles/CRC_GROUND_STATION.dir/USB_DEVICE/Target/usbd_conf.c.obj
 .bss.uwTick    0x20001df4        0x4 CMakeFiles/CRC_GROUND_STATION.dir/Drivers/STM32F4xx_HAL_Driver/Src/stm32f4xx_hal.c.obj
                0x20001df4                uwTick
 .bss.cfgidx.0  0x20001df8        0x1 CMakeFiles/CRC_GROUND_STATION.dir/Middlewares/ST/STM32_USB_Device_Library/Core/Src/usbd_ctlreq.c.obj
 *(COMMON)
                0x20001dfc                        . = ALIGN (0x4)
 *fill*         0x20001df9        0x3 
                0x20001dfc                        _ebss = .
                0x20001dfc                        __bss_end__ = _ebss

._user_heap_stack
                0x20001dfc      0x604 load address 0x080087bc
                0x20001e00                        . = ALIGN (0x8)
 *fill*         0x20001dfc        0x4 
                [!provide]                        PROVIDE (end = .)
                0x20001e00                        PROVIDE (_end = .)
                0x20002000                        . = (. + _Min_Heap_Size)
 *fill*         0x20001e00      0x200 
                0x20002400                        . = (. + _Min_Stack_Size)
 *fill*         0x20002000      0x400 
                0x20002400                        . = ALIGN (0x8)

/DISCARD/
 libc.a(*)
 libm.a(*)
 libgcc.a(*)
OUTPUT(CRC_GROUND_STATION.elf elf32-littlearm)
LOAD linker stubs
LOAD /Applications/ArmGNUToolchain/14.2.rel1/arm-none-eabi/bin/../lib/gcc/arm-none-eabi/14.2.1/../../../../arm-none-eabi/lib/thumb/v7e-m+fp/hard/libc.a
LOAD /Applications/ArmGNUToolchain/14.2.rel1/arm-none-eabi/bin/../lib/gcc/arm-none-eabi/14.2.1/../../../../arm-none-eabi/lib/thumb/v7e-m+fp/hard/libm.a
LOAD /Applications/ArmGNUToolchain/14.2.rel1/arm-none-eabi/bin/../lib/gcc/arm-none-eabi/14.2.1/thumb/v7e-m+fp/hard/libgcc.a

.ARM.attributes
                0x00000000       0x30
 .ARM.attributes
                0x00000000       0x22 /Applications/ArmGNUToolchain/14.2.rel1/arm-none-eabi/bin/../lib/gcc/arm-none-eabi/14.2.1/thumb/v7e-m+fp/hard/crti.o
 .ARM.attributes
                0x00000022       0x34 /Applications/ArmGNUToolchain/14.2.rel1/arm-none-eabi/bin/../lib/gcc/arm-none-eabi/14.2.1/thumb/v7e-m+fp/hard/crtbegin.o
 .ARM.attributes
                0x00000056       0x34 /Applications/ArmGNUToolchain/14.2.rel1/arm-none-eabi/bin/../lib/gcc/arm-none-eabi/14.2.1/../../../../arm-none-eabi/lib/thumb/v7e-m+fp/hard/libc_nano.a(libc_a-memset.o)
 .ARM.attributes
                0x0000008a       0x34 /Applications/ArmGNUToolchain/14.2.rel1/arm-none-eabi/bin/../lib/gcc/arm-none-eabi/14.2.1/../../../../arm-none-eabi/lib/thumb/v7e-m+fp/hard/libc_nano.a(libc_a-init.o)
 .ARM.attributes
                0x000000be       0x34 CMakeFiles/CRC_GROUND_STATION.dir/Core/Src/main.c.obj
 .ARM.attributes
                0x000000f2       0x34 CMakeFiles/CRC_GROUND_STATION.dir/Core/Src/gpio.c.obj
 .ARM.attributes
                0x00000126       0x34 CMakeFiles/CRC_GROUND_STATION.dir/Core/Src/spi.c.obj
 .ARM.attributes
                0x0000015a       0x34 CMakeFiles/CRC_GROUND_STATION.dir/Core/Src/LoRa.c.obj
 .ARM.attributes
                0x0000018e       0x34 CMakeFiles/CRC_GROUND_STATION.dir/Core/Src/usart.c.obj
 .ARM.attributes
                0x000001c2       0x34 CMakeFiles/CRC_GROUND_STATION.dir/Core/Src/stm32f4xx_it.c.obj
 .ARM.attributes
                0x000001f6       0x34 CMakeFiles/CRC_GROUND_STATION.dir/Core/Src/stm32f4xx_hal_msp.c.obj
 .ARM.attributes
                0x0000022a       0x34 CMakeFiles/CRC_GROUND_STATION.dir/USB_DEVICE/App/usb_device.c.obj
 .ARM.attributes
                0x0000025e       0x34 CMakeFiles/CRC_GROUND_STATION.dir/USB_DEVICE/App/usbd_desc.c.obj
 .ARM.attributes
                0x00000292       0x34 CMakeFiles/CRC_GROUND_STATION.dir/USB_DEVICE/App/usbd_cdc_if.c.obj
 .ARM.attributes
                0x000002c6       0x34 CMakeFiles/CRC_GROUND_STATION.dir/USB_DEVICE/Target/usbd_conf.c.obj
 .ARM.attributes
                0x000002fa       0x34 CMakeFiles/CRC_GROUND_STATION.dir/Drivers/STM32F4xx_HAL_Driver/Src/stm32f4xx_hal_pcd.c.obj
 .ARM.attributes
                0x0000032e       0x34 CMakeFiles/CRC_GROUND_STATION.dir/Drivers/STM32F4xx_HAL_Driver/Src/stm32f4xx_hal_pcd_ex.c.obj
 .ARM.attributes
                0x00000362       0x34 CMakeFiles/CRC_GROUND_STATION.dir/Drivers/STM32F4xx_HAL_Driver/Src/stm32f4xx_ll_usb.c.obj
 .ARM.attributes
                0x00000396       0x34 CMakeFiles/CRC_GROUND_STATION.dir/Drivers/STM32F4xx_HAL_Driver/Src/stm32f4xx_hal_rcc.c.obj
 .ARM.attributes
                0x000003ca       0x34 CMakeFiles/CRC_GROUND_STATION.dir/Drivers/STM32F4xx_HAL_Driver/Src/stm32f4xx_hal_gpio.c.obj
 .ARM.attributes
                0x000003fe       0x34 CMakeFiles/CRC_GROUND_STATION.dir/Drivers/STM32F4xx_HAL_Driver/Src/stm32f4xx_hal_cortex.c.obj
 .ARM.attributes
                0x00000432       0x34 CMakeFiles/CRC_GROUND_STATION.dir/Drivers/STM32F4xx_HAL_Driver/Src/stm32f4xx_hal.c.obj
 .ARM.attributes
                0x00000466       0x34 CMakeFiles/CRC_GROUND_STATION.dir/Drivers/STM32F4xx_HAL_Driver/Src/stm32f4xx_hal_spi.c.obj
 .ARM.attributes
                0x0000049a       0x34 CMakeFiles/CRC_GROUND_STATION.dir/Drivers/STM32F4xx_HAL_Driver/Src/stm32f4xx_hal_uart.c.obj
 .ARM.attributes
                0x000004ce       0x34 CMakeFiles/CRC_GROUND_STATION.dir/Core/Src/system_stm32f4xx.c.obj
 .ARM.attributes
                0x00000502       0x34 CMakeFiles/CRC_GROUND_STATION.dir/Middlewares/ST/STM32_USB_Device_Library/Core/Src/usbd_core.c.obj
 .ARM.attributes
                0x00000536       0x34 CMakeFiles/CRC_GROUND_STATION.dir/Middlewares/ST/STM32_USB_Device_Library/Core/Src/usbd_ctlreq.c.obj
 .ARM.attributes
                0x0000056a       0x34 CMakeFiles/CRC_GROUND_STATION.dir/Middlewares/ST/STM32_USB_Device_Library/Core/Src/usbd_ioreq.c.obj
 .ARM.attributes
                0x0000059e       0x34 CMakeFiles/CRC_GROUND_STATION.dir/Middlewares/ST/STM32_USB_Device_Library/Class/CDC/Src/usbd_cdc.c.obj
 .ARM.attributes
                0x000005d2       0x21 CMakeFiles/CRC_GROUND_STATION.dir/startup_stm32f401xe.s.obj
 .ARM.attributes
                0x000005f3       0x22 /Applications/ArmGNUToolchain/14.2.rel1/arm-none-eabi/bin/../lib/gcc/arm-none-eabi/14.2.1/thumb/v7e-m+fp/hard/libgcc.a(_aeabi_uldivmod.o)
 .ARM.attributes
                0x00000615       0x34 /Applications/ArmGNUToolchain/14.2.rel1/arm-none-eabi/bin/../lib/gcc/arm-none-eabi/14.2.1/thumb/v7e-m+fp/hard/libgcc.a(_udivmoddi4.o)
 .ARM.attributes
                0x00000649       0x22 /Applications/ArmGNUToolchain/14.2.rel1/arm-none-eabi/bin/../lib/gcc/arm-none-eabi/14.2.1/thumb/v7e-m+fp/hard/libgcc.a(_dvmd_tls.o)
 .ARM.attributes
                0x0000066b       0x34 /Applications/ArmGNUToolchain/14.2.rel1/arm-none-eabi/bin/../lib/gcc/arm-none-eabi/14.2.1/thumb/v7e-m+fp/hard/crtend.o
 .ARM.attributes
                0x0000069f       0x22 /Applications/ArmGNUToolchain/14.2.rel1/arm-none-eabi/bin/../lib/gcc/arm-none-eabi/14.2.1/thumb/v7e-m+fp/hard/crtn.o

.comment        0x00000000       0x45
 .comment       0x00000000       0x45 CMakeFiles/CRC_GROUND_STATION.dir/Core/Src/main.c.obj
                                 0x46 (size before relaxing)
 .comment       0x00000045       0x46 CMakeFiles/CRC_GROUND_STATION.dir/Core/Src/gpio.c.obj
 .comment       0x00000045       0x46 CMakeFiles/CRC_GROUND_STATION.dir/Core/Src/spi.c.obj
 .comment       0x00000045       0x46 CMakeFiles/CRC_GROUND_STATION.dir/Core/Src/LoRa.c.obj
 .comment       0x00000045       0x46 CMakeFiles/CRC_GROUND_STATION.dir/Core/Src/usart.c.obj
 .comment       0x00000045       0x46 CMakeFiles/CRC_GROUND_STATION.dir/Core/Src/stm32f4xx_it.c.obj
 .comment       0x00000045       0x46 CMakeFiles/CRC_GROUND_STATION.dir/Core/Src/stm32f4xx_hal_msp.c.obj
 .comment       0x00000045       0x46 CMakeFiles/CRC_GROUND_STATION.dir/USB_DEVICE/App/usb_device.c.obj
 .comment       0x00000045       0x46 CMakeFiles/CRC_GROUND_STATION.dir/USB_DEVICE/App/usbd_desc.c.obj
 .comment       0x00000045       0x46 CMakeFiles/CRC_GROUND_STATION.dir/USB_DEVICE/App/usbd_cdc_if.c.obj
 .comment       0x00000045       0x46 CMakeFiles/CRC_GROUND_STATION.dir/USB_DEVICE/Target/usbd_conf.c.obj
 .comment       0x00000045       0x46 CMakeFiles/CRC_GROUND_STATION.dir/Drivers/STM32F4xx_HAL_Driver/Src/stm32f4xx_hal_pcd.c.obj
 .comment       0x00000045       0x46 CMakeFiles/CRC_GROUND_STATION.dir/Drivers/STM32F4xx_HAL_Driver/Src/stm32f4xx_hal_pcd_ex.c.obj
 .comment       0x00000045       0x46 CMakeFiles/CRC_GROUND_STATION.dir/Drivers/STM32F4xx_HAL_Driver/Src/stm32f4xx_ll_usb.c.obj
 .comment       0x00000045       0x46 CMakeFiles/CRC_GROUND_STATION.dir/Drivers/STM32F4xx_HAL_Driver/Src/stm32f4xx_hal_rcc.c.obj
 .comment       0x00000045       0x46 CMakeFiles/CRC_GROUND_STATION.dir/Drivers/STM32F4xx_HAL_Driver/Src/stm32f4xx_hal_gpio.c.obj
 .comment       0x00000045       0x46 CMakeFiles/CRC_GROUND_STATION.dir/Drivers/STM32F4xx_HAL_Driver/Src/stm32f4xx_hal_cortex.c.obj
 .comment       0x00000045       0x46 CMakeFiles/CRC_GROUND_STATION.dir/Drivers/STM32F4xx_HAL_Driver/Src/stm32f4xx_hal.c.obj
 .comment       0x00000045       0x46 CMakeFiles/CRC_GROUND_STATION.dir/Drivers/STM32F4xx_HAL_Driver/Src/stm32f4xx_hal_spi.c.obj
 .comment       0x00000045       0x46 CMakeFiles/CRC_GROUND_STATION.dir/Drivers/STM32F4xx_HAL_Driver/Src/stm32f4xx_hal_uart.c.obj
 .comment       0x00000045       0x46 CMakeFiles/CRC_GROUND_STATION.dir/Core/Src/system_stm32f4xx.c.obj
 .comment       0x00000045       0x46 CMakeFiles/CRC_GROUND_STATION.dir/Middlewares/ST/STM32_USB_Device_Library/Core/Src/usbd_core.c.obj
 .comment       0x00000045       0x46 CMakeFiles/CRC_GROUND_STATION.dir/Middlewares/ST/STM32_USB_Device_Library/Core/Src/usbd_ctlreq.c.obj
 .comment       0x00000045       0x46 CMakeFiles/CRC_GROUND_STATION.dir/Middlewares/ST/STM32_USB_Device_Library/Core/Src/usbd_ioreq.c.obj
 .comment       0x00000045       0x46 CMakeFiles/CRC_GROUND_STATION.dir/Middlewares/ST/STM32_USB_Device_Library/Class/CDC/Src/usbd_cdc.c.obj

.debug_frame    0x00000000     0x409c
 .debug_frame   0x00000000       0x20 /Applications/ArmGNUToolchain/14.2.rel1/arm-none-eabi/bin/../lib/gcc/arm-none-eabi/14.2.1/../../../../arm-none-eabi/lib/thumb/v7e-m+fp/hard/libc_nano.a(libc_a-memset.o)
 .debug_frame   0x00000020       0x2c /Applications/ArmGNUToolchain/14.2.rel1/arm-none-eabi/bin/../lib/gcc/arm-none-eabi/14.2.1/../../../../arm-none-eabi/lib/thumb/v7e-m+fp/hard/libc_nano.a(libc_a-init.o)
 .debug_frame   0x0000004c       0x90 CMakeFiles/CRC_GROUND_STATION.dir/Core/Src/main.c.obj
 .debug_frame   0x000000dc       0x34 CMakeFiles/CRC_GROUND_STATION.dir/Core/Src/gpio.c.obj
 .debug_frame   0x00000110       0x74 CMakeFiles/CRC_GROUND_STATION.dir/Core/Src/spi.c.obj
 .debug_frame   0x00000184      0x138 CMakeFiles/CRC_GROUND_STATION.dir/Core/Src/LoRa.c.obj
 .debug_frame   0x000002bc       0x74 CMakeFiles/CRC_GROUND_STATION.dir/Core/Src/usart.c.obj
 .debug_frame   0x00000330      0x120 CMakeFiles/CRC_GROUND_STATION.dir/Core/Src/stm32f4xx_it.c.obj
 .debug_frame   0x00000450       0x38 CMakeFiles/CRC_GROUND_STATION.dir/Core/Src/stm32f4xx_hal_msp.c.obj
 .debug_frame   0x00000488       0x2c CMakeFiles/CRC_GROUND_STATION.dir/USB_DEVICE/App/usb_device.c.obj
 .debug_frame   0x000004b4      0x160 CMakeFiles/CRC_GROUND_STATION.dir/USB_DEVICE/App/usbd_desc.c.obj
 .debug_frame   0x00000614       0xe0 CMakeFiles/CRC_GROUND_STATION.dir/USB_DEVICE/App/usbd_cdc_if.c.obj
 .debug_frame   0x000006f4      0x47c CMakeFiles/CRC_GROUND_STATION.dir/USB_DEVICE/Target/usbd_conf.c.obj
 .debug_frame   0x00000b70      0x5b8 CMakeFiles/CRC_GROUND_STATION.dir/Drivers/STM32F4xx_HAL_Driver/Src/stm32f4xx_hal_pcd.c.obj
 .debug_frame   0x00001128       0xb0 CMakeFiles/CRC_GROUND_STATION.dir/Drivers/STM32F4xx_HAL_Driver/Src/stm32f4xx_hal_pcd_ex.c.obj
 .debug_frame   0x000011d8      0x7c0 CMakeFiles/CRC_GROUND_STATION.dir/Drivers/STM32F4xx_HAL_Driver/Src/stm32f4xx_ll_usb.c.obj
 .debug_frame   0x00001998      0x1f4 CMakeFiles/CRC_GROUND_STATION.dir/Drivers/STM32F4xx_HAL_Driver/Src/stm32f4xx_hal_rcc.c.obj
 .debug_frame   0x00001b8c      0x14c CMakeFiles/CRC_GROUND_STATION.dir/Drivers/STM32F4xx_HAL_Driver/Src/stm32f4xx_hal_gpio.c.obj
 .debug_frame   0x00001cd8      0x508 CMakeFiles/CRC_GROUND_STATION.dir/Drivers/STM32F4xx_HAL_Driver/Src/stm32f4xx_hal_cortex.c.obj
 .debug_frame   0x000021e0      0x374 CMakeFiles/CRC_GROUND_STATION.dir/Drivers/STM32F4xx_HAL_Driver/Src/stm32f4xx_hal.c.obj
 .debug_frame   0x00002554      0x828 CMakeFiles/CRC_GROUND_STATION.dir/Drivers/STM32F4xx_HAL_Driver/Src/stm32f4xx_hal_spi.c.obj
 .debug_frame   0x00002d7c      0x954 CMakeFiles/CRC_GROUND_STATION.dir/Drivers/STM32F4xx_HAL_Driver/Src/stm32f4xx_hal_uart.c.obj
 .debug_frame   0x000036d0       0x58 CMakeFiles/CRC_GROUND_STATION.dir/Core/Src/system_stm32f4xx.c.obj
 .debug_frame   0x00003728      0x390 CMakeFiles/CRC_GROUND_STATION.dir/Middlewares/ST/STM32_USB_Device_Library/Core/Src/usbd_core.c.obj
 .debug_frame   0x00003ab8      0x23c CMakeFiles/CRC_GROUND_STATION.dir/Middlewares/ST/STM32_USB_Device_Library/Core/Src/usbd_ctlreq.c.obj
 .debug_frame   0x00003cf4      0x10c CMakeFiles/CRC_GROUND_STATION.dir/Middlewares/ST/STM32_USB_Device_Library/Core/Src/usbd_ioreq.c.obj
 .debug_frame   0x00003e00      0x23c CMakeFiles/CRC_GROUND_STATION.dir/Middlewares/ST/STM32_USB_Device_Library/Class/CDC/Src/usbd_cdc.c.obj
 .debug_frame   0x0000403c       0x2c /Applications/ArmGNUToolchain/14.2.rel1/arm-none-eabi/bin/../lib/gcc/arm-none-eabi/14.2.1/thumb/v7e-m+fp/hard/libgcc.a(_aeabi_uldivmod.o)
 .debug_frame   0x00004068       0x34 /Applications/ArmGNUToolchain/14.2.rel1/arm-none-eabi/bin/../lib/gcc/arm-none-eabi/14.2.1/thumb/v7e-m+fp/hard/libgcc.a(_udivmoddi4.o)

.debug_info     0x00000000    0x14792
 .debug_info    0x00000000      0xed5 CMakeFiles/CRC_GROUND_STATION.dir/Core/Src/main.c.obj
 .debug_info    0x00000ed5      0x417 CMakeFiles/CRC_GROUND_STATION.dir/Core/Src/gpio.c.obj
 .debug_info    0x000012ec      0x980 CMakeFiles/CRC_GROUND_STATION.dir/Core/Src/spi.c.obj
 .debug_info    0x00001c6c      0x9d7 CMakeFiles/CRC_GROUND_STATION.dir/Core/Src/LoRa.c.obj
 .debug_info    0x00002643      0x94e CMakeFiles/CRC_GROUND_STATION.dir/Core/Src/usart.c.obj
 .debug_info    0x00002f91      0x627 CMakeFiles/CRC_GROUND_STATION.dir/Core/Src/stm32f4xx_it.c.obj
 .debug_info    0x000035b8      0x291 CMakeFiles/CRC_GROUND_STATION.dir/Core/Src/stm32f4xx_hal_msp.c.obj
 .debug_info    0x00003849      0x70e CMakeFiles/CRC_GROUND_STATION.dir/USB_DEVICE/App/usb_device.c.obj
 .debug_info    0x00003f57      0x458 CMakeFiles/CRC_GROUND_STATION.dir/USB_DEVICE/App/usbd_desc.c.obj
 .debug_info    0x000043af      0xf3b CMakeFiles/CRC_GROUND_STATION.dir/USB_DEVICE/App/usbd_cdc_if.c.obj
 .debug_info    0x000052ea     0x1c0d CMakeFiles/CRC_GROUND_STATION.dir/USB_DEVICE/Target/usbd_conf.c.obj
 .debug_info    0x00006ef7     0x1577 CMakeFiles/CRC_GROUND_STATION.dir/Drivers/STM32F4xx_HAL_Driver/Src/stm32f4xx_hal_pcd.c.obj
 .debug_info    0x0000846e      0x6ea CMakeFiles/CRC_GROUND_STATION.dir/Drivers/STM32F4xx_HAL_Driver/Src/stm32f4xx_hal_pcd_ex.c.obj
 .debug_info    0x00008b58     0x1993 CMakeFiles/CRC_GROUND_STATION.dir/Drivers/STM32F4xx_HAL_Driver/Src/stm32f4xx_ll_usb.c.obj
 .debug_info    0x0000a4eb      0x905 CMakeFiles/CRC_GROUND_STATION.dir/Drivers/STM32F4xx_HAL_Driver/Src/stm32f4xx_hal_rcc.c.obj
 .debug_info    0x0000adf0      0x6f9 CMakeFiles/CRC_GROUND_STATION.dir/Drivers/STM32F4xx_HAL_Driver/Src/stm32f4xx_hal_gpio.c.obj
 .debug_info    0x0000b4e9      0xcf6 CMakeFiles/CRC_GROUND_STATION.dir/Drivers/STM32F4xx_HAL_Driver/Src/stm32f4xx_hal_cortex.c.obj
 .debug_info    0x0000c1df      0x8bb CMakeFiles/CRC_GROUND_STATION.dir/Drivers/STM32F4xx_HAL_Driver/Src/stm32f4xx_hal.c.obj
 .debug_info    0x0000ca9a     0x1530 CMakeFiles/CRC_GROUND_STATION.dir/Drivers/STM32F4xx_HAL_Driver/Src/stm32f4xx_hal_spi.c.obj
 .debug_info    0x0000dfca     0x2f56 CMakeFiles/CRC_GROUND_STATION.dir/Drivers/STM32F4xx_HAL_Driver/Src/stm32f4xx_hal_uart.c.obj
 .debug_info    0x00010f20      0x53e CMakeFiles/CRC_GROUND_STATION.dir/Core/Src/system_stm32f4xx.c.obj
 .debug_info    0x0001145e      0xe12 CMakeFiles/CRC_GROUND_STATION.dir/Middlewares/ST/STM32_USB_Device_Library/Core/Src/usbd_core.c.obj
 .debug_info    0x00012270      0xaeb CMakeFiles/CRC_GROUND_STATION.dir/Middlewares/ST/STM32_USB_Device_Library/Core/Src/usbd_ctlreq.c.obj
 .debug_info    0x00012d5b      0x762 CMakeFiles/CRC_GROUND_STATION.dir/Middlewares/ST/STM32_USB_Device_Library/Core/Src/usbd_ioreq.c.obj
 .debug_info    0x000134bd     0x12a5 CMakeFiles/CRC_GROUND_STATION.dir/Middlewares/ST/STM32_USB_Device_Library/Class/CDC/Src/usbd_cdc.c.obj
 .debug_info    0x00014762       0x30 CMakeFiles/CRC_GROUND_STATION.dir/startup_stm32f401xe.s.obj

.debug_abbrev   0x00000000     0x3704
 .debug_abbrev  0x00000000      0x26c CMakeFiles/CRC_GROUND_STATION.dir/Core/Src/main.c.obj
 .debug_abbrev  0x0000026c      0x151 CMakeFiles/CRC_GROUND_STATION.dir/Core/Src/gpio.c.obj
 .debug_abbrev  0x000003bd      0x1f8 CMakeFiles/CRC_GROUND_STATION.dir/Core/Src/spi.c.obj
 .debug_abbrev  0x000005b5      0x1d7 CMakeFiles/CRC_GROUND_STATION.dir/Core/Src/LoRa.c.obj
 .debug_abbrev  0x0000078c      0x1f8 CMakeFiles/CRC_GROUND_STATION.dir/Core/Src/usart.c.obj
 .debug_abbrev  0x00000984      0x1a4 CMakeFiles/CRC_GROUND_STATION.dir/Core/Src/stm32f4xx_it.c.obj
 .debug_abbrev  0x00000b28       0xd8 CMakeFiles/CRC_GROUND_STATION.dir/Core/Src/stm32f4xx_hal_msp.c.obj
 .debug_abbrev  0x00000c00      0x195 CMakeFiles/CRC_GROUND_STATION.dir/USB_DEVICE/App/usb_device.c.obj
 .debug_abbrev  0x00000d95      0x1e1 CMakeFiles/CRC_GROUND_STATION.dir/USB_DEVICE/App/usbd_desc.c.obj
 .debug_abbrev  0x00000f76      0x2f5 CMakeFiles/CRC_GROUND_STATION.dir/USB_DEVICE/App/usbd_cdc_if.c.obj
 .debug_abbrev  0x0000126b      0x33f CMakeFiles/CRC_GROUND_STATION.dir/USB_DEVICE/Target/usbd_conf.c.obj
 .debug_abbrev  0x000015aa      0x2b6 CMakeFiles/CRC_GROUND_STATION.dir/Drivers/STM32F4xx_HAL_Driver/Src/stm32f4xx_hal_pcd.c.obj
 .debug_abbrev  0x00001860      0x1da CMakeFiles/CRC_GROUND_STATION.dir/Drivers/STM32F4xx_HAL_Driver/Src/stm32f4xx_hal_pcd_ex.c.obj
 .debug_abbrev  0x00001a3a      0x2b3 CMakeFiles/CRC_GROUND_STATION.dir/Drivers/STM32F4xx_HAL_Driver/Src/stm32f4xx_ll_usb.c.obj
 .debug_abbrev  0x00001ced      0x2b6 CMakeFiles/CRC_GROUND_STATION.dir/Drivers/STM32F4xx_HAL_Driver/Src/stm32f4xx_hal_rcc.c.obj
 .debug_abbrev  0x00001fa3      0x1d3 CMakeFiles/CRC_GROUND_STATION.dir/Drivers/STM32F4xx_HAL_Driver/Src/stm32f4xx_hal_gpio.c.obj
 .debug_abbrev  0x00002176      0x31d CMakeFiles/CRC_GROUND_STATION.dir/Drivers/STM32F4xx_HAL_Driver/Src/stm32f4xx_hal_cortex.c.obj
 .debug_abbrev  0x00002493      0x24b CMakeFiles/CRC_GROUND_STATION.dir/Drivers/STM32F4xx_HAL_Driver/Src/stm32f4xx_hal.c.obj
 .debug_abbrev  0x000026de      0x276 CMakeFiles/CRC_GROUND_STATION.dir/Drivers/STM32F4xx_HAL_Driver/Src/stm32f4xx_hal_spi.c.obj
 .debug_abbrev  0x00002954      0x31b CMakeFiles/CRC_GROUND_STATION.dir/Drivers/STM32F4xx_HAL_Driver/Src/stm32f4xx_hal_uart.c.obj
 .debug_abbrev  0x00002c6f      0x11a CMakeFiles/CRC_GROUND_STATION.dir/Core/Src/system_stm32f4xx.c.obj
 .debug_abbrev  0x00002d89      0x27c CMakeFiles/CRC_GROUND_STATION.dir/Middlewares/ST/STM32_USB_Device_Library/Core/Src/usbd_core.c.obj
 .debug_abbrev  0x00003005      0x26f CMakeFiles/CRC_GROUND_STATION.dir/Middlewares/ST/STM32_USB_Device_Library/Core/Src/usbd_ctlreq.c.obj
 .debug_abbrev  0x00003274      0x19a CMakeFiles/CRC_GROUND_STATION.dir/Middlewares/ST/STM32_USB_Device_Library/Core/Src/usbd_ioreq.c.obj
 .debug_abbrev  0x0000340e      0x2d2 CMakeFiles/CRC_GROUND_STATION.dir/Middlewares/ST/STM32_USB_Device_Library/Class/CDC/Src/usbd_cdc.c.obj
 .debug_abbrev  0x000036e0       0x24 CMakeFiles/CRC_GROUND_STATION.dir/startup_stm32f401xe.s.obj

.debug_aranges  0x00000000     0x1000
 .debug_aranges
                0x00000000       0x38 CMakeFiles/CRC_GROUND_STATION.dir/Core/Src/main.c.obj
 .debug_aranges
                0x00000038       0x20 CMakeFiles/CRC_GROUND_STATION.dir/Core/Src/gpio.c.obj
 .debug_aranges
                0x00000058       0x30 CMakeFiles/CRC_GROUND_STATION.dir/Core/Src/spi.c.obj
 .debug_aranges
                0x00000088       0x58 CMakeFiles/CRC_GROUND_STATION.dir/Core/Src/LoRa.c.obj
 .debug_aranges
                0x000000e0       0x30 CMakeFiles/CRC_GROUND_STATION.dir/Core/Src/usart.c.obj
 .debug_aranges
                0x00000110       0x68 CMakeFiles/CRC_GROUND_STATION.dir/Core/Src/stm32f4xx_it.c.obj
 .debug_aranges
                0x00000178       0x20 CMakeFiles/CRC_GROUND_STATION.dir/Core/Src/stm32f4xx_hal_msp.c.obj
 .debug_aranges
                0x00000198       0x20 CMakeFiles/CRC_GROUND_STATION.dir/USB_DEVICE/App/usb_device.c.obj
 .debug_aranges
                0x000001b8       0x60 CMakeFiles/CRC_GROUND_STATION.dir/USB_DEVICE/App/usbd_desc.c.obj
 .debug_aranges
                0x00000218       0x48 CMakeFiles/CRC_GROUND_STATION.dir/USB_DEVICE/App/usbd_cdc_if.c.obj
 .debug_aranges
                0x00000260      0x110 CMakeFiles/CRC_GROUND_STATION.dir/USB_DEVICE/Target/usbd_conf.c.obj
 .debug_aranges
                0x00000370      0x148 CMakeFiles/CRC_GROUND_STATION.dir/Drivers/STM32F4xx_HAL_Driver/Src/stm32f4xx_hal_pcd.c.obj
 .debug_aranges
                0x000004b8       0x38 CMakeFiles/CRC_GROUND_STATION.dir/Drivers/STM32F4xx_HAL_Driver/Src/stm32f4xx_hal_pcd_ex.c.obj
 .debug_aranges
                0x000004f0      0x1a0 CMakeFiles/CRC_GROUND_STATION.dir/Drivers/STM32F4xx_HAL_Driver/Src/stm32f4xx_ll_usb.c.obj
 .debug_aranges
                0x00000690       0x88 CMakeFiles/CRC_GROUND_STATION.dir/Drivers/STM32F4xx_HAL_Driver/Src/stm32f4xx_hal_rcc.c.obj
 .debug_aranges
                0x00000718       0x58 CMakeFiles/CRC_GROUND_STATION.dir/Drivers/STM32F4xx_HAL_Driver/Src/stm32f4xx_hal_gpio.c.obj
 .debug_aranges
                0x00000770      0x130 CMakeFiles/CRC_GROUND_STATION.dir/Drivers/STM32F4xx_HAL_Driver/Src/stm32f4xx_hal_cortex.c.obj
 .debug_aranges
                0x000008a0       0xf0 CMakeFiles/CRC_GROUND_STATION.dir/Drivers/STM32F4xx_HAL_Driver/Src/stm32f4xx_hal.c.obj
 .debug_aranges
                0x00000990      0x1d0 CMakeFiles/CRC_GROUND_STATION.dir/Drivers/STM32F4xx_HAL_Driver/Src/stm32f4xx_hal_spi.c.obj
 .debug_aranges
                0x00000b60      0x208 CMakeFiles/CRC_GROUND_STATION.dir/Drivers/STM32F4xx_HAL_Driver/Src/stm32f4xx_hal_uart.c.obj
 .debug_aranges
                0x00000d68       0x28 CMakeFiles/CRC_GROUND_STATION.dir/Core/Src/system_stm32f4xx.c.obj
 .debug_aranges
                0x00000d90       0xd8 CMakeFiles/CRC_GROUND_STATION.dir/Middlewares/ST/STM32_USB_Device_Library/Core/Src/usbd_core.c.obj
 .debug_aranges
                0x00000e68       0x90 CMakeFiles/CRC_GROUND_STATION.dir/Middlewares/ST/STM32_USB_Device_Library/Core/Src/usbd_ctlreq.c.obj
 .debug_aranges
                0x00000ef8       0x50 CMakeFiles/CRC_GROUND_STATION.dir/Middlewares/ST/STM32_USB_Device_Library/Core/Src/usbd_ioreq.c.obj
 .debug_aranges
                0x00000f48       0x90 CMakeFiles/CRC_GROUND_STATION.dir/Middlewares/ST/STM32_USB_Device_Library/Class/CDC/Src/usbd_cdc.c.obj
 .debug_aranges
                0x00000fd8       0x28 CMakeFiles/CRC_GROUND_STATION.dir/startup_stm32f401xe.s.obj

.debug_rnglists
                0x00000000      0xc14
 .debug_rnglists
                0x00000000       0x28 CMakeFiles/CRC_GROUND_STATION.dir/Core/Src/main.c.obj
 .debug_rnglists
                0x00000028       0x14 CMakeFiles/CRC_GROUND_STATION.dir/Core/Src/gpio.c.obj
 .debug_rnglists
                0x0000003c       0x20 CMakeFiles/CRC_GROUND_STATION.dir/Core/Src/spi.c.obj
 .debug_rnglists
                0x0000005c       0x40 CMakeFiles/CRC_GROUND_STATION.dir/Core/Src/LoRa.c.obj
 .debug_rnglists
                0x0000009c       0x20 CMakeFiles/CRC_GROUND_STATION.dir/Core/Src/usart.c.obj
 .debug_rnglists
                0x000000bc       0x49 CMakeFiles/CRC_GROUND_STATION.dir/Core/Src/stm32f4xx_it.c.obj
 .debug_rnglists
                0x00000105       0x13 CMakeFiles/CRC_GROUND_STATION.dir/Core/Src/stm32f4xx_hal_msp.c.obj
 .debug_rnglists
                0x00000118       0x13 CMakeFiles/CRC_GROUND_STATION.dir/USB_DEVICE/App/usb_device.c.obj
 .debug_rnglists
                0x0000012b       0x43 CMakeFiles/CRC_GROUND_STATION.dir/USB_DEVICE/App/usbd_desc.c.obj
 .debug_rnglists
                0x0000016e       0x32 CMakeFiles/CRC_GROUND_STATION.dir/USB_DEVICE/App/usbd_cdc_if.c.obj
 .debug_rnglists
                0x000001a0       0xc9 CMakeFiles/CRC_GROUND_STATION.dir/USB_DEVICE/Target/usbd_conf.c.obj
 .debug_rnglists
                0x00000269       0xfa CMakeFiles/CRC_GROUND_STATION.dir/Drivers/STM32F4xx_HAL_Driver/Src/stm32f4xx_hal_pcd.c.obj
 .debug_rnglists
                0x00000363       0x26 CMakeFiles/CRC_GROUND_STATION.dir/Drivers/STM32F4xx_HAL_Driver/Src/stm32f4xx_hal_pcd_ex.c.obj
 .debug_rnglists
                0x00000389      0x147 CMakeFiles/CRC_GROUND_STATION.dir/Drivers/STM32F4xx_HAL_Driver/Src/stm32f4xx_ll_usb.c.obj
 .debug_rnglists
                0x000004d0       0x66 CMakeFiles/CRC_GROUND_STATION.dir/Drivers/STM32F4xx_HAL_Driver/Src/stm32f4xx_hal_rcc.c.obj
 .debug_rnglists
                0x00000536       0x3f CMakeFiles/CRC_GROUND_STATION.dir/Drivers/STM32F4xx_HAL_Driver/Src/stm32f4xx_hal_gpio.c.obj
 .debug_rnglists
                0x00000575       0xe0 CMakeFiles/CRC_GROUND_STATION.dir/Drivers/STM32F4xx_HAL_Driver/Src/stm32f4xx_hal_cortex.c.obj
 .debug_rnglists
                0x00000655       0xaf CMakeFiles/CRC_GROUND_STATION.dir/Drivers/STM32F4xx_HAL_Driver/Src/stm32f4xx_hal.c.obj
 .debug_rnglists
                0x00000704      0x16f CMakeFiles/CRC_GROUND_STATION.dir/Drivers/STM32F4xx_HAL_Driver/Src/stm32f4xx_hal_spi.c.obj
 .debug_rnglists
                0x00000873      0x1bc CMakeFiles/CRC_GROUND_STATION.dir/Drivers/STM32F4xx_HAL_Driver/Src/stm32f4xx_hal_uart.c.obj
 .debug_rnglists
                0x00000a2f       0x1a CMakeFiles/CRC_GROUND_STATION.dir/Core/Src/system_stm32f4xx.c.obj
 .debug_rnglists
                0x00000a49       0xa1 CMakeFiles/CRC_GROUND_STATION.dir/Middlewares/ST/STM32_USB_Device_Library/Core/Src/usbd_core.c.obj
 .debug_rnglists
                0x00000aea       0x6e CMakeFiles/CRC_GROUND_STATION.dir/Middlewares/ST/STM32_USB_Device_Library/Core/Src/usbd_ctlreq.c.obj
 .debug_rnglists
                0x00000b58       0x37 CMakeFiles/CRC_GROUND_STATION.dir/Middlewares/ST/STM32_USB_Device_Library/Core/Src/usbd_ioreq.c.obj
 .debug_rnglists
                0x00000b8f       0x6c CMakeFiles/CRC_GROUND_STATION.dir/Middlewares/ST/STM32_USB_Device_Library/Class/CDC/Src/usbd_cdc.c.obj
 .debug_rnglists
                0x00000bfb       0x19 CMakeFiles/CRC_GROUND_STATION.dir/startup_stm32f401xe.s.obj

.debug_macro    0x00000000    0x18fd8
 .debug_macro   0x00000000      0x378 CMakeFiles/CRC_GROUND_STATION.dir/Core/Src/main.c.obj
 .debug_macro   0x00000378      0xad8 CMakeFiles/CRC_GROUND_STATION.dir/Core/Src/main.c.obj
 .debug_macro   0x00000e50      0x2a1 CMakeFiles/CRC_GROUND_STATION.dir/Core/Src/main.c.obj
 .debug_macro   0x000010f1       0x2e CMakeFiles/CRC_GROUND_STATION.dir/Core/Src/main.c.obj
 .debug_macro   0x0000111f       0x28 CMakeFiles/CRC_GROUND_STATION.dir/Core/Src/main.c.obj
 .debug_macro   0x00001147       0x22 CMakeFiles/CRC_GROUND_STATION.dir/Core/Src/main.c.obj
 .debug_macro   0x00001169       0x8e CMakeFiles/CRC_GROUND_STATION.dir/Core/Src/main.c.obj
 .debug_macro   0x000011f7       0x51 CMakeFiles/CRC_GROUND_STATION.dir/Core/Src/main.c.obj
 .debug_macro   0x00001248      0x103 CMakeFiles/CRC_GROUND_STATION.dir/Core/Src/main.c.obj
 .debug_macro   0x0000134b       0x6a CMakeFiles/CRC_GROUND_STATION.dir/Core/Src/main.c.obj
 .debug_macro   0x000013b5      0x1df CMakeFiles/CRC_GROUND_STATION.dir/Core/Src/main.c.obj
 .debug_macro   0x00001594       0x1c CMakeFiles/CRC_GROUND_STATION.dir/Core/Src/main.c.obj
 .debug_macro   0x000015b0       0x22 CMakeFiles/CRC_GROUND_STATION.dir/Core/Src/main.c.obj
 .debug_macro   0x000015d2       0xfb CMakeFiles/CRC_GROUND_STATION.dir/Core/Src/main.c.obj
 .debug_macro   0x000016cd     0x1011 CMakeFiles/CRC_GROUND_STATION.dir/Core/Src/main.c.obj
 .debug_macro   0x000026de      0x11f CMakeFiles/CRC_GROUND_STATION.dir/Core/Src/main.c.obj
 .debug_macro   0x000027fd     0xb881 CMakeFiles/CRC_GROUND_STATION.dir/Core/Src/main.c.obj
 .debug_macro   0x0000e07e       0x6d CMakeFiles/CRC_GROUND_STATION.dir/Core/Src/main.c.obj
 .debug_macro   0x0000e0eb     0x3693 CMakeFiles/CRC_GROUND_STATION.dir/Core/Src/main.c.obj
 .debug_macro   0x0001177e      0x190 CMakeFiles/CRC_GROUND_STATION.dir/Core/Src/main.c.obj
 .debug_macro   0x0001190e       0x5c CMakeFiles/CRC_GROUND_STATION.dir/Core/Src/main.c.obj
 .debug_macro   0x0001196a      0x416 CMakeFiles/CRC_GROUND_STATION.dir/Core/Src/main.c.obj
 .debug_macro   0x00011d80      0x9e9 CMakeFiles/CRC_GROUND_STATION.dir/Core/Src/main.c.obj
 .debug_macro   0x00012769      0x115 CMakeFiles/CRC_GROUND_STATION.dir/Core/Src/main.c.obj
 .debug_macro   0x0001287e       0xf8 CMakeFiles/CRC_GROUND_STATION.dir/Core/Src/main.c.obj
 .debug_macro   0x00012976       0xa5 CMakeFiles/CRC_GROUND_STATION.dir/Core/Src/main.c.obj
 .debug_macro   0x00012a1b      0x15f CMakeFiles/CRC_GROUND_STATION.dir/Core/Src/main.c.obj
 .debug_macro   0x00012b7a      0x287 CMakeFiles/CRC_GROUND_STATION.dir/Core/Src/main.c.obj
 .debug_macro   0x00012e01       0x5f CMakeFiles/CRC_GROUND_STATION.dir/Core/Src/main.c.obj
 .debug_macro   0x00012e60      0x236 CMakeFiles/CRC_GROUND_STATION.dir/Core/Src/main.c.obj
 .debug_macro   0x00013096      0x132 CMakeFiles/CRC_GROUND_STATION.dir/Core/Src/main.c.obj
 .debug_macro   0x000131c8      0x264 CMakeFiles/CRC_GROUND_STATION.dir/Core/Src/main.c.obj
 .debug_macro   0x0001342c       0x2e CMakeFiles/CRC_GROUND_STATION.dir/Core/Src/main.c.obj
 .debug_macro   0x0001345a      0x127 CMakeFiles/CRC_GROUND_STATION.dir/Core/Src/main.c.obj
 .debug_macro   0x00013581       0x85 CMakeFiles/CRC_GROUND_STATION.dir/Core/Src/main.c.obj
 .debug_macro   0x00013606       0x89 CMakeFiles/CRC_GROUND_STATION.dir/Core/Src/main.c.obj
 .debug_macro   0x0001368f      0x225 CMakeFiles/CRC_GROUND_STATION.dir/Core/Src/main.c.obj
 .debug_macro   0x000138b4      0x2aa CMakeFiles/CRC_GROUND_STATION.dir/Core/Src/main.c.obj
 .debug_macro   0x00013b5e      0x293 CMakeFiles/CRC_GROUND_STATION.dir/Core/Src/main.c.obj
 .debug_macro   0x00013df1       0xba CMakeFiles/CRC_GROUND_STATION.dir/Core/Src/main.c.obj
 .debug_macro   0x00013eab      0x126 CMakeFiles/CRC_GROUND_STATION.dir/Core/Src/main.c.obj
 .debug_macro   0x00013fd1       0x1c CMakeFiles/CRC_GROUND_STATION.dir/Core/Src/main.c.obj
 .debug_macro   0x00013fed       0x7b CMakeFiles/CRC_GROUND_STATION.dir/Core/Src/main.c.obj
 .debug_macro   0x00014068       0x2a CMakeFiles/CRC_GROUND_STATION.dir/Core/Src/main.c.obj